#
# A fatal error has been detected by the Java Runtime Environment:
#
#  EXCEPTION_ACCESS_VIOLATION (0xc0000005) at pc=0x0000000065b99d13, pid=2804, tid=0x0000000000002a44
#
# JRE version: Java(TM) SE Runtime Environment (8.0_281-b09) (build 1.8.0_281-b09)
# Java VM: Java HotSpot(TM) 64-Bit Server VM (25.281-b09 mixed mode windows-amd64 compressed oops)
# Problematic frame:
# V  [jvm.dll+0x149d13]
#
# Failed to write core dump. Minidumps are not enabled by default on client versions of Windows
#
# If you would like to submit a bug report, please visit:
#   http://bugreport.java.com/bugreport/crash.jsp
#

---------------  T H R E A D  ---------------

Current thread (0x000001bbff40d800):  JavaThread "Thread-7" [_thread_in_vm, id=10820, stack(0x000000312d900000,0x000000312da00000)]

siginfo: ExceptionCode=0xc0000005, reading address 0x0000000000000000

Registers:
RAX=0x0000000000000000, RBX=0x000001bbff40d800, RCX=0x0000000000000d80, RDX=0x000001bbff63da10
RSP=0x000000312d9feec0, RBP=0x000001bbff40d800, RSI=0x0000000000000000, RDI=0x0000000000000000
R8 =0x0000000000000000, R9 =0x0000000000000010, R10=0x000000000000030e, R11=0x0000000066228a5c
R12=0x0000000000000000, R13=0x0000000000000000, R14=0x000001bbff63da10, R15=0x000001bbff40d800
RIP=0x0000000065b99d13, EFLAGS=0x0000000000010246

Top of Stack: (sp=0x000000312d9feec0)
0x000000312d9feec0:   0000000000000000 0000000000000000
0x000000312d9feed0:   0000000000000000 000000312d9fefe0
0x000000312d9feee0:   000000312d9ff0d0 00000001800012ca
0x000000312d9feef0:   0000000000000038 000000312d9fefe0
0x000000312d9fef00:   0000000000000000 0000000000000000
0x000000312d9fef10:   0000000000000000 0000000180002440
0x000000312d9fef20:   0000000000000000 00000001800011a9
0x000000312d9fef30:   000000312d9ff200 000000312d9ff1e8
0x000000312d9fef40:   0000000000000000 000001bbf75b8840
0x000000312d9fef50:   0000000000000001 000001bbff40d800
0x000000312d9fef60:   000000312d9ff200 0000000065c5b0d0
0x000000312d9fef70:   000000312d9ff1e8 0000000180002440
0x000000312d9fef80:   0000000000000000 0000000180001173
0x000000312d9fef90:   000001bbe6336e20 0000000180002440
0x000000312d9fefa0:   0000000000000000 000000018000113a
0x000000312d9fefb0:   0000000000000038 000000312d9fefe0 

Instructions: (pc=0x0000000065b99d13)
0x0000000065b99cf3:   00 40 b7 01 4d 85 f6 0f 84 84 00 00 00 40 32 ff
0x0000000065b99d03:   40 f6 c6 01 74 0a 48 8b ce e8 4f 26 0c 00 eb 03
0x0000000065b99d13:   48 8b 06 48 8b c8 e8 f2 4d f2 ff 48 8b f0 48 85
0x0000000065b99d23:   c0 74 5e 41 f6 c6 01 74 0a 49 8b ce e8 2c 26 0c 


Register to memory mapping:

RAX=0x0000000000000000 is an unknown value
RBX=0x000001bbff40d800 is a thread
RCX=0x0000000000000d80 is an unknown value
RDX=0x000001bbff63da10 is an unknown value
RSP=0x000000312d9feec0 is pointing into the stack for thread: 0x000001bbff40d800
RBP=0x000001bbff40d800 is a thread
RSI=0x0000000000000000 is an unknown value
RDI=0x0000000000000000 is an unknown value
R8 =0x0000000000000000 is an unknown value
R9 =0x0000000000000010 is an unknown value
R10=0x000000000000030e is an unknown value
R11=0x0000000066228a5c is an unknown value
R12=0x0000000000000000 is an unknown value
R13=0x0000000000000000 is an unknown value
R14=0x000001bbff63da10 is an unknown value
R15=0x000001bbff40d800 is a thread


Stack: [0x000000312d900000,0x000000312da00000],  sp=0x000000312d9feec0,  free space=1019k
Native frames: (J=compiled Java code, j=interpreted, Vv=VM code, C=native code)
V  [jvm.dll+0x149d13]
C  [jna3107952785156034582.tmp+0x12ca]
C  [jna3107952785156034582.tmp+0x2487]
C  0x000001bbe6a5e46c

Java frames: (J=compiled Java code, j=interpreted, Vv=VM code)
J 2298  com.sun.jna.Function.invokeInt(I[Ljava/lang/Object;)I (0 bytes) @ 0x000001bbe6a5e3cf [0x000001bbe6a5e380+0x4f]
J 2422 C2 com.sun.jna.Function.invoke([Ljava/lang/Object;Ljava/lang/Class;Z)Ljava/lang/Object; (1141 bytes) @ 0x000001bbe6ac23b8 [0x000001bbe6ac2100+0x2b8]
J 2413 C2 com.sun.jna.Function.invoke(Ljava/lang/Class;[Ljava/lang/Object;Ljava/util/Map;)Ljava/lang/Object; (572 bytes) @ 0x000001bbe6ac5f94 [0x000001bbe6ac50e0+0xeb4]
J 2423 C2 com.sun.jna.Library$Handler.invoke(Ljava/lang/Object;Ljava/lang/reflect/Method;[Ljava/lang/Object;)Ljava/lang/Object; (348 bytes) @ 0x000001bbe6acb114 [0x000001bbe6acaf40+0x1d4]
J 5604% C2 com.group_finity.mascot.Manager$2.run()V (70 bytes) @ 0x000001bbe6f3d2c0 [0x000001bbe6f3c5e0+0xce0]
v  ~StubRoutines::call_stub

---------------  P R O C E S S  ---------------

Java Threads: ( => current thread )
  0x000001bbff22e800 JavaThread "Thread-2" daemon [_thread_in_native, id=5448, stack(0x000000312da00000,0x000000312db00000)]
  0x000001bbff22b000 JavaThread "SIGTERM handler" daemon [_thread_blocked, id=1776, stack(0x000000312d500000,0x000000312d600000)]
  0x000001bbff6b0000 JavaThread "TimerQueue" daemon [_thread_blocked, id=11560, stack(0x000000312d400000,0x000000312d500000)]
  0x000001bbe4852000 JavaThread "DestroyJavaVM" [_thread_blocked, id=6636, stack(0x000000312bb00000,0x000000312bc00000)]
=>0x000001bbff40d800 JavaThread "Thread-7" [_thread_in_vm, id=10820, stack(0x000000312d900000,0x000000312da00000)]
  0x000001bbff0d1800 JavaThread "AWT-EventQueue-0" [_thread_blocked, id=6196, stack(0x000000312d800000,0x000000312d900000)]
  0x000001bbff137800 JavaThread "AWT-Shutdown" [_thread_blocked, id=12244, stack(0x000000312cc00000,0x000000312cd00000)]
  0x000001bbfa1ad000 JavaThread "Thread-4" daemon [_thread_blocked, id=2336, stack(0x000000312d700000,0x000000312d800000)]
  0x000001bbf950b800 JavaThread "AWT-Windows" daemon [_thread_in_native, id=11168, stack(0x000000312cd00000,0x000000312ce00000)]
  0x000001bbf94fc800 JavaThread "Java2D Disposer" daemon [_thread_blocked, id=11760, stack(0x000000312cb00000,0x000000312cc00000)]
  0x000001bbf92b6800 JavaThread "Thread-1" daemon [_thread_blocked, id=9696, stack(0x000000312ca00000,0x000000312cb00000)]
  0x000001bbf865f000 JavaThread "Service Thread" daemon [_thread_blocked, id=10436, stack(0x000000312c800000,0x000000312c900000)]
  0x000001bbf85ff800 JavaThread "C1 CompilerThread2" daemon [_thread_blocked, id=6048, stack(0x000000312c700000,0x000000312c800000)]
  0x000001bbf85dc000 JavaThread "C2 CompilerThread1" daemon [_thread_blocked, id=3928, stack(0x000000312c600000,0x000000312c700000)]
  0x000001bbf85cd000 JavaThread "C2 CompilerThread0" daemon [_thread_blocked, id=9832, stack(0x000000312c500000,0x000000312c600000)]
  0x000001bbf85ca000 JavaThread "Attach Listener" daemon [_thread_blocked, id=7308, stack(0x000000312c400000,0x000000312c500000)]
  0x000001bbf85c9000 JavaThread "Signal Dispatcher" daemon [_thread_blocked, id=1508, stack(0x000000312c300000,0x000000312c400000)]
  0x000001bbf85b6800 JavaThread "Finalizer" daemon [_thread_blocked, id=6616, stack(0x000000312c200000,0x000000312c300000)]
  0x000001bbf7e7d800 JavaThread "Reference Handler" daemon [_thread_blocked, id=7656, stack(0x000000312c100000,0x000000312c200000)]

Other Threads:
  0x000001bbf8593800 VMThread [stack: 0x000000312c000000,0x000000312c100000] [id=6368]
  0x000001bbf8672000 WatcherThread [stack: 0x000000312c900000,0x000000312ca00000] [id=9828]

VM state:not at safepoint (normal execution)

VM Mutex/Monitor currently owned by a thread: None

heap address: 0x00000000c9400000, size: 876 MB, Compressed Oops mode: 32-bit
Narrow klass base: 0x0000000000000000, Narrow klass shift: 3
Compressed class space size: 1073741824 Address: 0x0000000100000000

Heap:
 PSYoungGen      total 33280K, used 10959K [0x00000000edc00000, 0x00000000f0a00000, 0x0000000100000000)
  eden space 26624K, 16% used [0x00000000edc00000,0x00000000ee05bd28,0x00000000ef600000)
  from space 6656K, 97% used [0x00000000ef680000,0x00000000efcd8000,0x00000000efd00000)
  to   space 10240K, 0% used [0x00000000f0000000,0x00000000f0000000,0x00000000f0a00000)
 ParOldGen       total 56320K, used 41478K [0x00000000c9400000, 0x00000000ccb00000, 0x00000000edc00000)
  object space 56320K, 73% used [0x00000000c9400000,0x00000000cbc81938,0x00000000ccb00000)
 Metaspace       used 23661K, capacity 25596K, committed 25648K, reserved 1071104K
  class space    used 2847K, capacity 3592K, committed 3632K, reserved 1048576K

Card table byte_map: [0x000001bbf56b0000,0x000001bbf5870000] byte_map_base: 0x000001bbf5066000

Marking Bits: (ParMarkBitMap*) 0x0000000066236ff0
 Begin Bits: [0x000001bbf5870000, 0x000001bbf6620000)
 End Bits:   [0x000001bbf6620000, 0x000001bbf73d0000)

Polling page: 0x000001bbe47c0000

CodeCache: size=245760Kb used=15948Kb max_used=16251Kb free=229811Kb
 bounds [0x000001bbe62f0000, 0x000001bbe7300000, 0x000001bbf52f0000]
 total_blobs=5316 nmethods=4731 adapters=497
 compilation: enabled

Compilation events (10 events):
Event: 2633.037 Thread 0x000001bbf85ff800 5854   !   3       com.sun.proxy.$Proxy0::GetWindowTextW (52 bytes)
Event: 2633.039 Thread 0x000001bbf85ff800 nmethod 5854 0x000001bbe6dccc10 code [0x000001bbe6dcce00, 0x000001bbe6dcd980]
Event: 2637.228 Thread 0x000001bbf85ff800 5855       3       java.lang.reflect.Field::getFieldAccessor (16 bytes)
Event: 2637.229 Thread 0x000001bbf85ff800 nmethod 5855 0x000001bbe6a00ad0 code [0x000001bbe6a00c20, 0x000001bbe6a00dd8]
Event: 2637.229 Thread 0x000001bbf85ff800 5856       3       sun.reflect.ReflectionFactory::newFieldAccessor (9 bytes)
Event: 2637.229 Thread 0x000001bbf85ff800 nmethod 5856 0x000001bbe71f2950 code [0x000001bbe71f2ae0, 0x000001bbe71f2e60]
Event: 2637.231 Thread 0x000001bbf85ff800 5857       3       java.util.logging.LogManager$LoggerContext::getRootLogger (8 bytes)
Event: 2637.232 Thread 0x000001bbf85ff800 nmethod 5857 0x000001bbe699fe90 code [0x000001bbe699ffe0, 0x000001bbe69a01f8]
Event: 2637.232 Thread 0x000001bbf85ff800 5858       3       java.util.logging.LogManager$LoggerContext::getGlobalLogger (6 bytes)
Event: 2637.232 Thread 0x000001bbf85ff800 nmethod 5858 0x000001bbe6408250 code [0x000001bbe64083a0, 0x000001bbe64084f8]

GC Heap History (10 events):
Event: 2503.473 GC heap before
{Heap before GC invocations=64 (full 1):
 PSYoungGen      total 40448K, used 35776K [0x00000000edc00000, 0x00000000f1080000, 0x0000000100000000)
  eden space 29184K, 100% used [0x00000000edc00000,0x00000000ef880000,0x00000000ef880000)
  from space 11264K, 58% used [0x00000000f0580000,0x00000000f0bf0000,0x00000000f1080000)
  to   space 12288K, 0% used [0x00000000ef880000,0x00000000ef880000,0x00000000f0480000)
 ParOldGen       total 56320K, used 41366K [0x00000000c9400000, 0x00000000ccb00000, 0x00000000edc00000)
  object space 56320K, 73% used [0x00000000c9400000,0x00000000cbc65938,0x00000000ccb00000)
 Metaspace       used 23618K, capacity 25524K, committed 25648K, reserved 1071104K
  class space    used 2843K, capacity 3592K, committed 3632K, reserved 1048576K
Event: 2503.498 GC heap after
Heap after GC invocations=64 (full 1):
 PSYoungGen      total 36352K, used 7232K [0x00000000edc00000, 0x00000000f0f00000, 0x0000000100000000)
  eden space 28672K, 0% used [0x00000000edc00000,0x00000000edc00000,0x00000000ef800000)
  from space 7680K, 94% used [0x00000000ef880000,0x00000000eff90000,0x00000000f0000000)
  to   space 11776K, 0% used [0x00000000f0380000,0x00000000f0380000,0x00000000f0f00000)
 ParOldGen       total 56320K, used 41414K [0x00000000c9400000, 0x00000000ccb00000, 0x00000000edc00000)
  object space 56320K, 73% used [0x00000000c9400000,0x00000000cbc71938,0x00000000ccb00000)
 Metaspace       used 23618K, capacity 25524K, committed 25648K, reserved 1071104K
  class space    used 2843K, capacity 3592K, committed 3632K, reserved 1048576K
}
Event: 2536.433 GC heap before
{Heap before GC invocations=65 (full 1):
 PSYoungGen      total 36352K, used 35904K [0x00000000edc00000, 0x00000000f0f00000, 0x0000000100000000)
  eden space 28672K, 100% used [0x00000000edc00000,0x00000000ef800000,0x00000000ef800000)
  from space 7680K, 94% used [0x00000000ef880000,0x00000000eff90000,0x00000000f0000000)
  to   space 11776K, 0% used [0x00000000f0380000,0x00000000f0380000,0x00000000f0f00000)
 ParOldGen       total 56320K, used 41414K [0x00000000c9400000, 0x00000000ccb00000, 0x00000000edc00000)
  object space 56320K, 73% used [0x00000000c9400000,0x00000000cbc71938,0x00000000ccb00000)
 Metaspace       used 23620K, capacity 25532K, committed 25648K, reserved 1071104K
  class space    used 2843K, capacity 3592K, committed 3632K, reserved 1048576K
Event: 2536.454 GC heap after
Heap after GC invocations=65 (full 1):
 PSYoungGen      total 38400K, used 6336K [0x00000000edc00000, 0x00000000f0d80000, 0x0000000100000000)
  eden space 28160K, 0% used [0x00000000edc00000,0x00000000edc00000,0x00000000ef780000)
  from space 10240K, 61% used [0x00000000f0380000,0x00000000f09b0000,0x00000000f0d80000)
  to   space 11264K, 0% used [0x00000000ef780000,0x00000000ef780000,0x00000000f0280000)
 ParOldGen       total 56320K, used 41414K [0x00000000c9400000, 0x00000000ccb00000, 0x00000000edc00000)
  object space 56320K, 73% used [0x00000000c9400000,0x00000000cbc71938,0x00000000ccb00000)
 Metaspace       used 23620K, capacity 25532K, committed 25648K, reserved 1071104K
  class space    used 2843K, capacity 3592K, committed 3632K, reserved 1048576K
}
Event: 2568.953 GC heap before
{Heap before GC invocations=66 (full 1):
 PSYoungGen      total 38400K, used 34496K [0x00000000edc00000, 0x00000000f0d80000, 0x0000000100000000)
  eden space 28160K, 100% used [0x00000000edc00000,0x00000000ef780000,0x00000000ef780000)
  from space 10240K, 61% used [0x00000000f0380000,0x00000000f09b0000,0x00000000f0d80000)
  to   space 11264K, 0% used [0x00000000ef780000,0x00000000ef780000,0x00000000f0280000)
 ParOldGen       total 56320K, used 41414K [0x00000000c9400000, 0x00000000ccb00000, 0x00000000edc00000)
  object space 56320K, 73% used [0x00000000c9400000,0x00000000cbc71938,0x00000000ccb00000)
 Metaspace       used 23620K, capacity 25532K, committed 25648K, reserved 1071104K
  class space    used 2843K, capacity 3592K, committed 3632K, reserved 1048576K
Event: 2568.972 GC heap after
Heap after GC invocations=66 (full 1):
 PSYoungGen      total 34304K, used 6336K [0x00000000edc00000, 0x00000000f0d00000, 0x0000000100000000)
  eden space 27648K, 0% used [0x00000000edc00000,0x00000000edc00000,0x00000000ef700000)
  from space 6656K, 95% used [0x00000000ef780000,0x00000000efdb0000,0x00000000efe00000)
  to   space 11264K, 0% used [0x00000000f0200000,0x00000000f0200000,0x00000000f0d00000)
 ParOldGen       total 56320K, used 41414K [0x00000000c9400000, 0x00000000ccb00000, 0x00000000edc00000)
  object space 56320K, 73% used [0x00000000c9400000,0x00000000cbc71938,0x00000000ccb00000)
 Metaspace       used 23620K, capacity 25532K, committed 25648K, reserved 1071104K
  class space    used 2843K, capacity 3592K, committed 3632K, reserved 1048576K
}
Event: 2601.354 GC heap before
{Heap before GC invocations=67 (full 1):
 PSYoungGen      total 34304K, used 33984K [0x00000000edc00000, 0x00000000f0d00000, 0x0000000100000000)
  eden space 27648K, 100% used [0x00000000edc00000,0x00000000ef700000,0x00000000ef700000)
  from space 6656K, 95% used [0x00000000ef780000,0x00000000efdb0000,0x00000000efe00000)
  to   space 11264K, 0% used [0x00000000f0200000,0x00000000f0200000,0x00000000f0d00000)
 ParOldGen       total 56320K, used 41414K [0x00000000c9400000, 0x00000000ccb00000, 0x00000000edc00000)
  object space 56320K, 73% used [0x00000000c9400000,0x00000000cbc71938,0x00000000ccb00000)
 Metaspace       used 23620K, capacity 25532K, committed 25648K, reserved 1071104K
  class space    used 2843K, capacity 3592K, committed 3632K, reserved 1048576K
Event: 2601.375 GC heap after
Heap after GC invocations=67 (full 1):
 PSYoungGen      total 36864K, used 6176K [0x00000000edc00000, 0x00000000f0b80000, 0x0000000100000000)
  eden space 27136K, 0% used [0x00000000edc00000,0x00000000edc00000,0x00000000ef680000)
  from space 9728K, 63% used [0x00000000f0200000,0x00000000f0808000,0x00000000f0b80000)
  to   space 10752K, 0% used [0x00000000ef680000,0x00000000ef680000,0x00000000f0100000)
 ParOldGen       total 56320K, used 41446K [0x00000000c9400000, 0x00000000ccb00000, 0x00000000edc00000)
  object space 56320K, 73% used [0x00000000c9400000,0x00000000cbc79938,0x00000000ccb00000)
 Metaspace       used 23620K, capacity 25532K, committed 25648K, reserved 1071104K
  class space    used 2843K, capacity 3592K, committed 3632K, reserved 1048576K
}
Event: 2635.114 GC heap before
{Heap before GC invocations=68 (full 1):
 PSYoungGen      total 36864K, used 33312K [0x00000000edc00000, 0x00000000f0b80000, 0x0000000100000000)
  eden space 27136K, 100% used [0x00000000edc00000,0x00000000ef680000,0x00000000ef680000)
  from space 9728K, 63% used [0x00000000f0200000,0x00000000f0808000,0x00000000f0b80000)
  to   space 10752K, 0% used [0x00000000ef680000,0x00000000ef680000,0x00000000f0100000)
 ParOldGen       total 56320K, used 41446K [0x00000000c9400000, 0x00000000ccb00000, 0x00000000edc00000)
  object space 56320K, 73% used [0x00000000c9400000,0x00000000cbc79938,0x00000000ccb00000)
 Metaspace       used 23620K, capacity 25532K, committed 25648K, reserved 1071104K
  class space    used 2843K, capacity 3592K, committed 3632K, reserved 1048576K
Event: 2635.139 GC heap after
Heap after GC invocations=68 (full 1):
 PSYoungGen      total 33280K, used 6496K [0x00000000edc00000, 0x00000000f0a00000, 0x0000000100000000)
  eden space 26624K, 0% used [0x00000000edc00000,0x00000000edc00000,0x00000000ef600000)
  from space 6656K, 97% used [0x00000000ef680000,0x00000000efcd8000,0x00000000efd00000)
  to   space 10240K, 0% used [0x00000000f0000000,0x00000000f0000000,0x00000000f0a00000)
 ParOldGen       total 56320K, used 41478K [0x00000000c9400000, 0x00000000ccb00000, 0x00000000edc00000)
  object space 56320K, 73% used [0x00000000c9400000,0x00000000cbc81938,0x00000000ccb00000)
 Metaspace       used 23620K, capacity 25532K, committed 25648K, reserved 1071104K
  class space    used 2843K, capacity 3592K, committed 3632K, reserved 1048576K
}

Deoptimization events (10 events):
Event: 453.752 Thread 0x000001bbff40d800 Uncommon trap: reason=unstable_if action=reinterpret pc=0x000001bbe700a544 method=com.group_finity.mascot.environment.FloorCeiling.isOn(Ljava/awt/Point;)Z @ 29
Event: 453.752 Thread 0x000001bbff40d800 Uncommon trap: reason=unstable_if action=reinterpret pc=0x000001bbe6c733fc method=com.group_finity.mascot.environment.FloorCeiling.isOn(Ljava/awt/Point;)Z @ 29
Event: 456.839 Thread 0x000001bbff40d800 Uncommon trap: reason=unstable_if action=reinterpret pc=0x000001bbe6fef49c method=com.group_finity.mascot.Manager.tick()V @ 84
Event: 519.077 Thread 0x000001bbff40d800 Uncommon trap: reason=unstable_if action=reinterpret pc=0x000001bbe6c14df4 method=java.lang.invoke.LambdaForm.uncustomize()Ljava/lang/invoke/LambdaForm; @ 4
Event: 519.077 Thread 0x000001bbff40d800 Uncommon trap: reason=class_check action=maybe_recompile pc=0x000001bbe6d5f6b4 method=java.lang.invoke.LambdaForm$BMH/922872566.reinvoke(Ljava/lang/Object;Ljava/lang/Object;)Ljava/lang/Object; @ 11
Event: 1076.874 Thread 0x000001bbff40d800 Uncommon trap: reason=unstable_if action=reinterpret pc=0x000001bbe699aed8 method=java.lang.invoke.LambdaForm.uncustomize()Ljava/lang/invoke/LambdaForm; @ 4
Event: 1076.874 Thread 0x000001bbff40d800 Uncommon trap: reason=class_check action=maybe_recompile pc=0x000001bbe6d5f6b4 method=java.lang.invoke.LambdaForm$BMH/922872566.reinvoke(Ljava/lang/Object;Ljava/lang/Object;)Ljava/lang/Object; @ 11
Event: 1228.154 Thread 0x000001bbff40d800 Uncommon trap: reason=intrinsic action=reinterpret pc=0x000001bbe68d4ea4 method=java.lang.invoke.LambdaForm$MH/1608297024.guard(Ljava/lang/Object;Ljava/lang/Object;)Ljava/lang/Object; @ 46
Event: 1613.315 Thread 0x000001bbff40d800 Uncommon trap: reason=unstable_if action=reinterpret pc=0x000001bbe6ad1b8c method=jdk.internal.dynalink.support.TypeUtilities.isMethodInvocationConvertible(Ljava/lang/Class;Ljava/lang/Class;)Z @ 81
Event: 1664.475 Thread 0x000001bbff40d800 Uncommon trap: reason=class_check action=maybe_recompile pc=0x000001bbe6d5f6b4 method=java.lang.invoke.LambdaForm$BMH/922872566.reinvoke(Ljava/lang/Object;Ljava/lang/Object;)Ljava/lang/Object; @ 11

Classes redefined (0 events):
No events

Internal exceptions (10 events):
Event: 235.214 Thread 0x000001bbff40d800 Implicit null exception at 0x000001bbe66a19e7 to 0x000001bbe66a1a46
Event: 235.226 Thread 0x000001bbff40d800 Implicit null exception at 0x000001bbe6ac34b3 to 0x000001bbe6ac3dcd
Event: 235.262 Thread 0x000001bbff0d1800 Implicit null exception at 0x000001bbe670484d to 0x000001bbe67048f1
Event: 237.603 Thread 0x000001bbff40d800 Implicit null exception at 0x000001bbe69a7a6d to 0x000001bbe69a8e41
Event: 237.603 Thread 0x000001bbff40d800 Implicit null exception at 0x000001bbe6995ed8 to 0x000001bbe6996a8d
Event: 264.383 Thread 0x000001bbff0d1800 Implicit null exception at 0x000001bbe6841b07 to 0x000001bbe6841c0d
Event: 269.602 Thread 0x000001bbff0d1800 Implicit null exception at 0x000001bbe69a8a14 to 0x000001bbe69a9831
Event: 415.779 Thread 0x000001bbff40d800 Implicit null exception at 0x000001bbe70eccd3 to 0x000001bbe70edc9d
Event: 416.245 Thread 0x000001bbff40d800 Implicit null exception at 0x000001bbe701f5f7 to 0x000001bbe701f6d3
Event: 436.480 Thread 0x000001bbff40d800 Implicit null exception at 0x000001bbe6cbf942 to 0x000001bbe6cc16d9

Events (10 events):
Event: 2637.231 loading class java/lang/ProcessBuilder
Event: 2637.232 Thread 0x000001bbff230000 Thread exited: 0x000001bbff230000
Event: 2637.233 loading class java/lang/ProcessBuilder done
Event: 2637.233 loading class java/lang/ProcessImpl
Event: 2637.235 loading class java/lang/Process
Event: 2637.236 loading class java/lang/Process done
Event: 2637.236 loading class java/lang/ProcessImpl done
Event: 2637.272 loading class java/lang/ProcessImpl$2
Event: 2637.273 loading class java/lang/ProcessImpl$2 done
Event: 2637.273 Thread 0x000001bbff231000 Thread exited: 0x000001bbff231000


Dynamic libraries:
0x00007ff66ace0000 - 0x00007ff66ad27000 	C:\Program Files\Java\jre1.8.0_281\bin\javaw.exe
0x00007ffb726a0000 - 0x00007ffb72890000 	C:\windows\SYSTEM32\ntdll.dll
0x00007ffb48690000 - 0x00007ffb486a2000 	C:\Program Files\AVAST Software\Avast\aswhook.dll
0x00007ffb70750000 - 0x00007ffb70802000 	C:\windows\System32\KERNEL32.DLL
0x00007ffb6fab0000 - 0x00007ffb6fd55000 	C:\windows\System32\KERNELBASE.dll
0x00007ffb723a0000 - 0x00007ffb72443000 	C:\windows\System32\ADVAPI32.dll
0x00007ffb724b0000 - 0x00007ffb7254e000 	C:\windows\System32\msvcrt.dll
0x00007ffb71e10000 - 0x00007ffb71ea7000 	C:\windows\System32\sechost.dll
0x00007ffb71c70000 - 0x00007ffb71d8f000 	C:\windows\System32\RPCRT4.dll
0x00007ffb71170000 - 0x00007ffb71304000 	C:\windows\System32\USER32.dll
0x00007ffb70540000 - 0x00007ffb70561000 	C:\windows\System32\win32u.dll
0x00007ffb72550000 - 0x00007ffb72576000 	C:\windows\System32\GDI32.dll
0x00007ffb6f6d0000 - 0x00007ffb6f868000 	C:\windows\System32\gdi32full.dll
0x00007ffb6f9e0000 - 0x00007ffb6fa7e000 	C:\windows\System32\msvcp_win.dll
0x00007ffb6f890000 - 0x00007ffb6f98a000 	C:\windows\System32\ucrtbase.dll
0x00007ffb577b0000 - 0x00007ffb57a34000 	C:\windows\WinSxS\amd64_microsoft.windows.common-controls_6595b64144ccf1df_6.0.18362.1316_none_9e7a364fe461dbd7\COMCTL32.dll
0x00007ffb72060000 - 0x00007ffb72397000 	C:\windows\System32\combase.dll
0x00007ffb70570000 - 0x00007ffb705f1000 	C:\windows\System32\bcryptPrimitives.dll
0x00007ffb71140000 - 0x00007ffb7116e000 	C:\windows\System32\IMM32.DLL
0x00007ffb5d5b0000 - 0x00007ffb5d5c5000 	C:\Program Files\Java\jre1.8.0_281\bin\vcruntime140.dll
0x00007ffb2b6d0000 - 0x00007ffb2b76b000 	C:\Program Files\Java\jre1.8.0_281\bin\msvcp140.dll
0x0000000065a50000 - 0x00000000662af000 	C:\Program Files\Java\jre1.8.0_281\bin\server\jvm.dll
0x00007ffb71130000 - 0x00007ffb71138000 	C:\windows\System32\PSAPI.DLL
0x00007ffb55f90000 - 0x00007ffb55f99000 	C:\windows\SYSTEM32\WSOCK32.dll
0x00007ffb71bf0000 - 0x00007ffb71c5f000 	C:\windows\System32\WS2_32.dll
0x00007ffb6bee0000 - 0x00007ffb6bf04000 	C:\windows\SYSTEM32\WINMM.dll
0x00007ffb67730000 - 0x00007ffb6773a000 	C:\windows\SYSTEM32\VERSION.dll
0x00007ffb6beb0000 - 0x00007ffb6bedd000 	C:\windows\SYSTEM32\WINMMBASE.dll
0x00007ffb6f990000 - 0x00007ffb6f9da000 	C:\windows\System32\cfgmgr32.dll
0x00007ffb6f560000 - 0x00007ffb6f571000 	C:\windows\System32\kernel.appcore.dll
0x00007ffb64ca0000 - 0x00007ffb64cb0000 	C:\Program Files\Java\jre1.8.0_281\bin\verify.dll
0x00007ffb5c6d0000 - 0x00007ffb5c6fb000 	C:\Program Files\Java\jre1.8.0_281\bin\java.dll
0x00007ffb5bc40000 - 0x00007ffb5bc58000 	C:\Program Files\Java\jre1.8.0_281\bin\zip.dll
0x00007ffb71500000 - 0x00007ffb71be8000 	C:\windows\System32\SHELL32.dll
0x00007ffb70d60000 - 0x00007ffb70e07000 	C:\windows\System32\shcore.dll
0x00007ffb6fd60000 - 0x00007ffb704db000 	C:\windows\System32\windows.storage.dll
0x00007ffb6f5d0000 - 0x00007ffb6f5f3000 	C:\windows\System32\profapi.dll
0x00007ffb6f580000 - 0x00007ffb6f5ca000 	C:\windows\System32\powrprof.dll
0x00007ffb6f550000 - 0x00007ffb6f560000 	C:\windows\System32\UMPDC.dll
0x00007ffb72450000 - 0x00007ffb724a2000 	C:\windows\System32\shlwapi.dll
0x00007ffb6f870000 - 0x00007ffb6f887000 	C:\windows\System32\cryptsp.dll
0x00007ffb22d40000 - 0x00007ffb22ed5000 	C:\Program Files\Java\jre1.8.0_281\bin\awt.dll
0x00007ffb71380000 - 0x00007ffb71445000 	C:\windows\System32\OLEAUT32.dll
0x00007ffb6d3c0000 - 0x00007ffb6d44f000 	C:\windows\SYSTEM32\apphelp.dll
0x00007ffb6db80000 - 0x00007ffb6dbad000 	C:\windows\system32\DWMAPI.DLL
0x00007ffb6d8d0000 - 0x00007ffb6d969000 	C:\windows\system32\uxtheme.dll
0x00007ffb29340000 - 0x00007ffb29496000 	C:\windows\system32\opengl32.dll
0x00007ffb29bc0000 - 0x00007ffb29bec000 	C:\windows\SYSTEM32\GLU32.dll
0x00007ffb6e190000 - 0x00007ffb6e1b0000 	C:\windows\SYSTEM32\dxcore.dll
0x00007ffb70f70000 - 0x00007ffb710a5000 	C:\windows\System32\MSCTF.dll
0x00007ffb70e10000 - 0x00007ffb70f67000 	C:\windows\System32\ole32.dll
0x00007ffb2e6f0000 - 0x00007ffb2e8b7000 	C:\windows\system32\d3d9.dll
0x00007ffb67b20000 - 0x00007ffb67cfd000 	C:\windows\System32\DriverStore\FileRepository\u0342612.inf_amd64_f45480a6fb163a4b\B342328\aticfx64.dll
0x00007ffb458e0000 - 0x00007ffb45910000 	C:\windows\System32\DriverStore\FileRepository\u0342612.inf_amd64_f45480a6fb163a4b\B342328\atiu9p64.dll
0x00007ffb2c9b0000 - 0x00007ffb2d67b000 	C:\windows\System32\DriverStore\FileRepository\u0342612.inf_amd64_f45480a6fb163a4b\B342328\atiumd64.dll
0x0000000066570000 - 0x00000000672f3000 	C:\windows\System32\DriverStore\FileRepository\u0342612.inf_amd64_f45480a6fb163a4b\B342328\atiumd6a.dll
0x00007ffb5bc20000 - 0x00007ffb5bc3c000 	C:\Program Files\Java\jre1.8.0_281\bin\net.dll
0x00007ffb6ed30000 - 0x00007ffb6ed97000 	C:\windows\system32\mswsock.dll
0x00007ffb5b900000 - 0x00007ffb5b913000 	C:\Program Files\Java\jre1.8.0_281\bin\nio.dll
0x00007ffb6e8b0000 - 0x00007ffb6e8e3000 	C:\windows\system32\rsaenh.dll
0x00007ffb6fa80000 - 0x00007ffb6faa6000 	C:\windows\System32\bcrypt.dll
0x00007ffb6f430000 - 0x00007ffb6f455000 	C:\windows\SYSTEM32\USERENV.dll
0x00007ffb6ef00000 - 0x00007ffb6ef0c000 	C:\windows\SYSTEM32\CRYPTBASE.dll
0x00007ffb6ea40000 - 0x00007ffb6ea7a000 	C:\windows\SYSTEM32\IPHLPAPI.DLL
0x00007ffb70810000 - 0x00007ffb70818000 	C:\windows\System32\NSI.dll
0x00007ffb6de40000 - 0x00007ffb6de56000 	C:\windows\SYSTEM32\dhcpcsvc6.DLL
0x00007ffb6de20000 - 0x00007ffb6de3c000 	C:\windows\SYSTEM32\dhcpcsvc.DLL
0x00007ffb6ea80000 - 0x00007ffb6eb4b000 	C:\windows\SYSTEM32\DNSAPI.dll
0x0000000180000000 - 0x0000000180032000 	C:\Users\phainon\AppData\Local\Temp\jna3107952785156034582.tmp
0x00007ffb4f550000 - 0x00007ffb4f599000 	C:\Program Files\Java\jre1.8.0_281\bin\fontmanager.dll
0x00007ffb6a3f0000 - 0x00007ffb6a49e000 	C:\windows\SYSTEM32\mscms.dll
0x00007ffb6a3d0000 - 0x00007ffb6a3e7000 	C:\windows\SYSTEM32\ColorAdapterClient.dll
0x00007ffb372e0000 - 0x00007ffb37323000 	C:\windows\SYSTEM32\icm32.dll
0x00007ffb36640000 - 0x00007ffb36683000 	C:\Program Files\Java\jre1.8.0_281\bin\t2k.dll
0x00007ffb57040000 - 0x00007ffb5706a000 	C:\Program Files\Java\jre1.8.0_281\bin\dcpr.dll
0x00007ffb6df10000 - 0x00007ffb6e104000 	C:\windows\SYSTEM32\dbghelp.dll

VM Arguments:
java_command: C:\Users\phainon\Downloads\Kim Dokja shimejiee\Shimeji-ee.jar
java_class_path (initial): C:\Users\phainon\Downloads\Kim Dokja shimejiee\Shimeji-ee.jar
Launcher Type: SUN_STANDARD

Environment Variables:
PATH=C:\Program Files (x86)\Common Files\Oracle\Java\javapath;C:\windows\system32;C:\windows;C:\windows\System32\Wbem;C:\windows\System32\WindowsPowerShell\v1.0\;C:\windows\System32\OpenSSH\;C:\Users\phainon\AppData\Local\Microsoft\WindowsApps;
USERNAME=phainon
OS=Windows_NT
PROCESSOR_IDENTIFIER=AMD64 Family 23 Model 24 Stepping 1, AuthenticAMD



---------------  S Y S T E M  ---------------

OS: Windows 10.0 , 64 bit Build 18362 (10.0.18362.1316)

CPU:total 4 (initial active 4) (4 cores per cpu, 1 threads per core) family 23 model 24 stepping 1, cmov, cx8, fxsr, mmx, sse, sse2, sse3, ssse3, sse4.1, sse4.2, popcnt, avx, avx2, aes, clmul, mmxext, 3dnowpref, lzcnt, sse4a, tsc, tscinvbit, tscinv, bmi1

Memory: 4k page, physical 3582420k(1171184k free), swap 10922452k(6506784k free)

vm_info: Java HotSpot(TM) 64-Bit Server VM (25.281-b09) for windows-amd64 JRE (1.8.0_281-b09), built on Dec  9 2020 13:54:07 by "" with MS VC++ 15.9 (VS2017)

time: Mon Feb  8 20:03:08 2021
timezone: Malay Peninsula Standard Time
elapsed time: 2637.396502 seconds (0d 0h 43m 57s)

