#
# A fatal error has been detected by the Java Runtime Environment:
#
#  EXCEPTION_ACCESS_VIOLATION (0xc0000005) at pc=0x0000000060b1988f, pid=700, tid=0x0000000000001780
#
# JRE version: Java(TM) SE Runtime Environment (8.0_281-b09) (build 1.8.0_281-b09)
# Java VM: Java HotSpot(TM) 64-Bit Server VM (25.281-b09 mixed mode windows-amd64 compressed oops)
# Problematic frame:
# V  [jvm.dll+0x14988f]
#
# Failed to write core dump. Minidumps are not enabled by default on client versions of Windows
#
# If you would like to submit a bug report, please visit:
#   http://bugreport.java.com/bugreport/crash.jsp
#

---------------  T H R E A D  ---------------

Current thread (0x000002aa421a1000):  JavaThread "AWT-EventQueue-0" [_thread_in_vm, id=6016, stack(0x000000acb0800000,0x000000acb0900000)]

siginfo: ExceptionCode=0xc0000005, reading address 0x0000000000000000

Registers:
RAX=0x0000000000000000, RBX=0x0000000000000000, RCX=0x0000000000000100, RDX=0x0000000000000000
RSP=0x000000acb08fce20, RBP=0x000000acb08fcf00, RSI=0x000002aa421a11f8, RDI=0x000002aa421a1000
R8 =0x000002aa3c767e68, R9 =0x0000000076011457, R10=0x000000000000000c, R11=0x000002aa4215b538
R12=0x0000000000000000, R13=0x0000000000000000, R14=0x000002aa421a1000, R15=0x000002aa421a1000
RIP=0x0000000060b1988f, EFLAGS=0x0000000000010246

Top of Stack: (sp=0x000000acb08fce20)
0x000000acb08fce20:   00000001800223d8 0000000c00000030
0x000000acb08fce30:   000000acb08fcde0 000000ac00000000
0x000000acb08fce40:   000002aa00000000 000000acb08fcdd0
0x000000acb08fce50:   000002aa00000001 000000018000357d
0x000000acb08fce60:   0000000000000000 000002aa0000000e
0x000000acb08fce70:   000000004213cc60 000002aa421a1000
0x000000acb08fce80:   0000000000000000 00000001000101c0
0x000000acb08fce90:   000000acae95d000 0000000060f9a668
0x000000acb08fcea0:   000002aa27b2a9e0 00000000b08fcef0
0x000000acb08fceb0:   000002aa0000000e 000000acb08fcd50
0x000000acb08fcec0:   000000acb08fcf20 000002aa29481a86
0x000000acb08fced0:   00000000c9774fe8 0000000000000000
0x000000acb08fcee0:   000000010015daa8 000000acb08fcff0
0x000000acb08fcef0:   00000000c97784c0 0000000180003ed5
0x000000acb08fcf00:   000002aa3d1b90e0 000002aa296f64e8
0x000000acb08fcf10:   000002aa3c767e68 0000000076011457 

Instructions: (pc=0x0000000060b1988f)
0x0000000060b1986f:   60 00 00 00 00 74 0a 48 8d 4c 24 58 e8 30 98 12
0x0000000060b1987f:   00 f6 c3 01 74 0a 48 8b cb e8 d3 2a 0c 00 eb 03
0x0000000060b1988f:   48 8b 03 48 8b c8 e8 76 52 f2 ff 48 8b d8 4c 8b
0x0000000060b1989f:   c7 33 d2 48 8b cb 48 8b 00 ff 50 78 48 8b 47 08 


Register to memory mapping:

RAX=0x0000000000000000 is an unknown value
RBX=0x0000000000000000 is an unknown value
RCX=0x0000000000000100 is an unknown value
RDX=0x0000000000000000 is an unknown value
RSP=0x000000acb08fce20 is pointing into the stack for thread: 0x000002aa421a1000
RBP=0x000000acb08fcf00 is pointing into the stack for thread: 0x000002aa421a1000
RSI=0x000002aa421a11f8 is an unknown value
RDI=0x000002aa421a1000 is a thread
R8 =0x000002aa3c767e68 is an unknown value
R9 =0x0000000076011457 is an unknown value
R10=0x000000000000000c is an unknown value
R11={method} {0x000002aa4215b540} 'updateLastError' '(I)V' in 'com/sun/jna/Native'
R12=0x0000000000000000 is an unknown value
R13=0x0000000000000000 is an unknown value
R14=0x000002aa421a1000 is a thread
R15=0x000002aa421a1000 is a thread


Stack: [0x000000acb0800000,0x000000acb0900000],  sp=0x000000acb08fce20,  free space=1011k
Native frames: (J=compiled Java code, j=interpreted, Vv=VM code, C=native code)
V  [jvm.dll+0x14988f]
C  [jna8279245959630100855.tmp+0x3ed5]
C  [jna8279245959630100855.tmp+0x1056]
C  0x000002aa2982606c

Java frames: (J=compiled Java code, j=interpreted, Vv=VM code)
J 1120  com.sun.jna.Function.invokePointer(I[Ljava/lang/Object;)Lcom/sun/jna/Pointer; (0 bytes) @ 0x000002aa29825fcf [0x000002aa29825f80+0x4f]
J 2333 C2 com.sun.jna.Function.invoke([Ljava/lang/Object;Ljava/lang/Class;Z)Ljava/lang/Object; (1141 bytes) @ 0x000002aa29b08f60 [0x000002aa29b08d00+0x260]
J 2321 C2 com.sun.jna.Function.invoke(Ljava/lang/Class;[Ljava/lang/Object;Ljava/util/Map;)Ljava/lang/Object; (572 bytes) @ 0x000002aa29b0cba8 [0x000002aa29b0bce0+0xec8]
J 2323 C2 com.sun.jna.Library$Handler.invoke(Ljava/lang/Object;Ljava/lang/reflect/Method;[Ljava/lang/Object;)Ljava/lang/Object; (348 bytes) @ 0x000002aa29b0ffa8 [0x000002aa29b0fae0+0x4c8]
J 5332 C2 com.group_finity.mascot.win.WindowsTranslucentWindow.paint(Ljava/awt/Graphics;)V (23 bytes) @ 0x000002aa2a20beb4 [0x000002aa2a20ba80+0x434]
J 5341 C2 javax.swing.RepaintManager$4.run()Ljava/lang/Object; (5 bytes) @ 0x000002aa2a2188b4 [0x000002aa2a218360+0x554]
v  ~StubRoutines::call_stub
J 474  java.security.AccessController.doPrivileged(Ljava/security/PrivilegedAction;Ljava/security/AccessControlContext;)Ljava/lang/Object; (0 bytes) @ 0x000002aa295b4b66 [0x000002aa295b4b00+0x66]
J 5393 C2 javax.swing.RepaintManager.paintDirtyRegions(Ljava/util/Map;)V (196 bytes) @ 0x000002aa2a278750 [0x000002aa2a277fa0+0x7b0]
J 5691 C2 javax.swing.RepaintManager$ProcessingRunnable.run()V (41 bytes) @ 0x000002aa2a31624c [0x000002aa2a315f20+0x32c]
J 5396 C2 java.awt.EventQueue$3.run()Ljava/lang/Object; (5 bytes) @ 0x000002aa2a27fcf8 [0x000002aa2a27fa60+0x298]
v  ~StubRoutines::call_stub
J 474  java.security.AccessController.doPrivileged(Ljava/security/PrivilegedAction;Ljava/security/AccessControlContext;)Ljava/lang/Object; (0 bytes) @ 0x000002aa295b4b66 [0x000002aa295b4b00+0x66]
J 5380 C2 java.awt.EventDispatchThread.pumpOneEventForFilters(I)V (190 bytes) @ 0x000002aa2a263680 [0x000002aa2a262b40+0xb40]
j  java.awt.EventDispatchThread.pumpEventsForFilter(ILjava/awt/Conditional;Ljava/awt/EventFilter;)V+35
j  java.awt.EventDispatchThread.pumpEventsForHierarchy(ILjava/awt/Conditional;Ljava/awt/Component;)V+11
j  java.awt.EventDispatchThread.pumpEvents(ILjava/awt/Conditional;)V+4
j  java.awt.EventDispatchThread.pumpEvents(Ljava/awt/Conditional;)V+3
j  java.awt.EventDispatchThread.run()V+9
v  ~StubRoutines::call_stub

---------------  P R O C E S S  ---------------

Java Threads: ( => current thread )
  0x000002aa3c564000 JavaThread "Thread-2" daemon [_thread_in_native, id=9844, stack(0x000000acb0a00000,0x000000acb0b00000)]
  0x000002aa3c565000 JavaThread "SIGTERM handler" daemon [_thread_blocked, id=9772, stack(0x000000acafe00000,0x000000acaff00000)]
  0x000002aa3c561000 JavaThread "TimerQueue" daemon [_thread_blocked, id=11680, stack(0x000000acb0400000,0x000000acb0500000)]
  0x000002aa3c55f800 JavaThread "DestroyJavaVM" [_thread_blocked, id=6164, stack(0x000000acaea00000,0x000000acaeb00000)]
  0x000002aa3c565800 JavaThread "Thread-7" [_thread_in_vm, id=4204, stack(0x000000acb0900000,0x000000acb0a00000)]
=>0x000002aa421a1000 JavaThread "AWT-EventQueue-0" [_thread_in_vm, id=6016, stack(0x000000acb0800000,0x000000acb0900000)]
  0x000002aa4235f800 JavaThread "AWT-Shutdown" [_thread_blocked, id=12596, stack(0x000000acb0700000,0x000000acb0800000)]
  0x000002aa3d312800 JavaThread "Thread-4" daemon [_thread_blocked, id=11952, stack(0x000000acafb00000,0x000000acafc00000)]
  0x000002aa3c756800 JavaThread "AWT-Windows" daemon [_thread_in_native, id=6820, stack(0x000000acafc00000,0x000000acafd00000)]
  0x000002aa3c74c000 JavaThread "Java2D Disposer" daemon [_thread_blocked, id=8688, stack(0x000000acafa00000,0x000000acafb00000)]
  0x000002aa3c4a6800 JavaThread "Thread-1" daemon [_thread_blocked, id=2712, stack(0x000000acaf900000,0x000000acafa00000)]
  0x000002aa3b84b800 JavaThread "Service Thread" daemon [_thread_blocked, id=12168, stack(0x000000acaf700000,0x000000acaf800000)]
  0x000002aa3b805000 JavaThread "C1 CompilerThread2" daemon [_thread_blocked, id=6800, stack(0x000000acaf600000,0x000000acaf700000)]
  0x000002aa3b7e0000 JavaThread "C2 CompilerThread1" daemon [_thread_blocked, id=12520, stack(0x000000acaf500000,0x000000acaf600000)]
  0x000002aa3b7c0000 JavaThread "C2 CompilerThread0" daemon [_thread_blocked, id=4296, stack(0x000000acaf400000,0x000000acaf500000)]
  0x000002aa3b7bb800 JavaThread "Attach Listener" daemon [_thread_blocked, id=8604, stack(0x000000acaf300000,0x000000acaf400000)]
  0x000002aa3b7ba000 JavaThread "Signal Dispatcher" daemon [_thread_blocked, id=11536, stack(0x000000acaf200000,0x000000acaf300000)]
  0x000002aa3b066800 JavaThread "Finalizer" daemon [_thread_blocked, id=12192, stack(0x000000acaf100000,0x000000acaf200000)]
  0x000002aa3b05b000 JavaThread "Reference Handler" daemon [_thread_blocked, id=8480, stack(0x000000acaf000000,0x000000acaf100000)]

Other Threads:
  0x000002aa3b785800 VMThread [stack: 0x000000acaef00000,0x000000acaf000000] [id=2544]
  0x000002aa3b860000 WatcherThread [stack: 0x000000acaf800000,0x000000acaf900000] [id=12008]

VM state:not at safepoint (normal execution)

VM Mutex/Monitor currently owned by a thread: None

heap address: 0x00000000c9400000, size: 876 MB, Compressed Oops mode: 32-bit
Narrow klass base: 0x0000000000000000, Narrow klass shift: 3
Compressed class space size: 1073741824 Address: 0x0000000100000000

Heap:
 PSYoungGen      total 214016K, used 117484K [0x00000000edc00000, 0x00000000fed00000, 0x0000000100000000)
  eden space 188416K, 48% used [0x00000000edc00000,0x00000000f35bf1d0,0x00000000f9400000)
  from space 25600K, 99% used [0x00000000f9c00000,0x00000000fb4fc010,0x00000000fb500000)
  to   space 45568K, 0% used [0x00000000fc080000,0x00000000fc080000,0x00000000fed00000)
 ParOldGen       total 77312K, used 43980K [0x00000000c9400000, 0x00000000cdf80000, 0x00000000edc00000)
  object space 77312K, 56% used [0x00000000c9400000,0x00000000cbef3240,0x00000000cdf80000)
 Metaspace       used 23024K, capacity 24280K, committed 26880K, reserved 1073152K
  class space    used 2716K, capacity 3151K, committed 4096K, reserved 1048576K

Card table byte_map: [0x000002aa38740000,0x000002aa38900000] byte_map_base: 0x000002aa380f6000

Marking Bits: (ParMarkBitMap*) 0x00000000611b6ff0
 Begin Bits: [0x000002aa38a30000, 0x000002aa397e0000)
 End Bits:   [0x000002aa397e0000, 0x000002aa3a590000)

Polling page: 0x000002aa29350000

CodeCache: size=245760Kb used=16267Kb max_used=16433Kb free=229492Kb
 bounds [0x000002aa29380000, 0x000002aa2a440000, 0x000002aa38380000]
 total_blobs=5490 nmethods=4907 adapters=495
 compilation: enabled

Compilation events (10 events):
Event: 288.105 Thread 0x000002aa3b805000 5921       3       jdk.nashorn.internal.scripts.Script$477$\^eval\_:::program (72 bytes)
Event: 288.115 Thread 0x000002aa3b805000 nmethod 5921 0x000002aa2a42ce50 code [0x000002aa2a42da00, 0x000002aa2a436c90]
Event: 288.116 Thread 0x000002aa3b805000 5922       3       jdk.nashorn.internal.scripts.Script$477$\^eval\_:::getMap (9 bytes)
Event: 288.116 Thread 0x000002aa3b805000 nmethod 5922 0x000002aa298cf9d0 code [0x000002aa298cfb40, 0x000002aa298cfd98]
Event: 289.916 Thread 0x000002aa3b805000 5923       3       java.util.logging.LogManager$LoggerContext::ensureDefaultLogger (70 bytes)
Event: 289.917 Thread 0x000002aa3b805000 nmethod 5923 0x000002aa299c6750 code [0x000002aa299c6900, 0x000002aa299c7190]
Event: 289.919 Thread 0x000002aa3b805000 5924       3       java.util.logging.LogManager$LoggerContext::getRootLogger (8 bytes)
Event: 289.919 Thread 0x000002aa3b805000 nmethod 5924 0x000002aa29a13b90 code [0x000002aa29a13ce0, 0x000002aa29a13ef8]
Event: 289.919 Thread 0x000002aa3b805000 5925       3       java.util.logging.LogManager$LoggerContext::getGlobalLogger (6 bytes)
Event: 289.920 Thread 0x000002aa3b805000 nmethod 5925 0x000002aa2991ff10 code [0x000002aa29920060, 0x000002aa299201b8]

GC Heap History (10 events):
Event: 185.457 GC heap before
{Heap before GC invocations=20 (full 3):
 PSYoungGen      total 258048K, used 251584K [0x00000000edc00000, 0x0000000100000000, 0x0000000100000000)
  eden space 224256K, 100% used [0x00000000edc00000,0x00000000fb700000,0x00000000fb700000)
  from space 33792K, 80% used [0x00000000fdf00000,0x00000000ff9b0000,0x0000000100000000)
  to   space 37376K, 0% used [0x00000000fb700000,0x00000000fb700000,0x00000000fdb80000)
 ParOldGen       total 77312K, used 38796K [0x00000000c9400000, 0x00000000cdf80000, 0x00000000edc00000)
  object space 77312K, 50% used [0x00000000c9400000,0x00000000cb9e3240,0x00000000cdf80000)
 Metaspace       used 22905K, capacity 24030K, committed 26624K, reserved 1071104K
  class space    used 2698K, capacity 3126K, committed 4096K, reserved 1048576K
Event: 185.510 GC heap after
Heap after GC invocations=20 (full 3):
 PSYoungGen      total 251392K, used 26672K [0x00000000edc00000, 0x0000000100000000, 0x0000000100000000)
  eden space 224256K, 0% used [0x00000000edc00000,0x00000000edc00000,0x00000000fb700000)
  from space 27136K, 98% used [0x00000000fb700000,0x00000000fd10c010,0x00000000fd180000)
  to   space 39424K, 0% used [0x00000000fd980000,0x00000000fd980000,0x0000000100000000)
 ParOldGen       total 77312K, used 39284K [0x00000000c9400000, 0x00000000cdf80000, 0x00000000edc00000)
  object space 77312K, 50% used [0x00000000c9400000,0x00000000cba5d240,0x00000000cdf80000)
 Metaspace       used 22905K, capacity 24030K, committed 26624K, reserved 1071104K
  class space    used 2698K, capacity 3126K, committed 4096K, reserved 1048576K
}
Event: 203.980 GC heap before
{Heap before GC invocations=21 (full 3):
 PSYoungGen      total 251392K, used 250928K [0x00000000edc00000, 0x0000000100000000, 0x0000000100000000)
  eden space 224256K, 100% used [0x00000000edc00000,0x00000000fb700000,0x00000000fb700000)
  from space 27136K, 98% used [0x00000000fb700000,0x00000000fd10c010,0x00000000fd180000)
  to   space 39424K, 0% used [0x00000000fd980000,0x00000000fd980000,0x0000000100000000)
 ParOldGen       total 77312K, used 39284K [0x00000000c9400000, 0x00000000cdf80000, 0x00000000edc00000)
  object space 77312K, 50% used [0x00000000c9400000,0x00000000cba5d240,0x00000000cdf80000)
 Metaspace       used 22915K, capacity 24106K, committed 26624K, reserved 1071104K
  class space    used 2699K, capacity 3128K, committed 4096K, reserved 1048576K
Event: 204.025 GC heap after
Heap after GC invocations=21 (full 3):
 PSYoungGen      total 247296K, used 20256K [0x00000000edc00000, 0x00000000ff980000, 0x0000000100000000)
  eden space 214528K, 0% used [0x00000000edc00000,0x00000000edc00000,0x00000000fad80000)
  from space 32768K, 61% used [0x00000000fd980000,0x00000000fed48000,0x00000000ff980000)
  to   space 38912K, 0% used [0x00000000fad80000,0x00000000fad80000,0x00000000fd380000)
 ParOldGen       total 77312K, used 39732K [0x00000000c9400000, 0x00000000cdf80000, 0x00000000edc00000)
  object space 77312K, 51% used [0x00000000c9400000,0x00000000cbacd240,0x00000000cdf80000)
 Metaspace       used 22915K, capacity 24106K, committed 26624K, reserved 1071104K
  class space    used 2699K, capacity 3128K, committed 4096K, reserved 1048576K
}
Event: 223.341 GC heap before
{Heap before GC invocations=22 (full 3):
 PSYoungGen      total 247296K, used 234784K [0x00000000edc00000, 0x00000000ff980000, 0x0000000100000000)
  eden space 214528K, 100% used [0x00000000edc00000,0x00000000fad80000,0x00000000fad80000)
  from space 32768K, 61% used [0x00000000fd980000,0x00000000fed48000,0x00000000ff980000)
  to   space 38912K, 0% used [0x00000000fad80000,0x00000000fad80000,0x00000000fd380000)
 ParOldGen       total 77312K, used 39732K [0x00000000c9400000, 0x00000000cdf80000, 0x00000000edc00000)
  object space 77312K, 51% used [0x00000000c9400000,0x00000000cbacd240,0x00000000cdf80000)
 Metaspace       used 22933K, capacity 24148K, committed 26624K, reserved 1071104K
  class space    used 2704K, capacity 3137K, committed 4096K, reserved 1048576K
Event: 223.387 GC heap after
Heap after GC invocations=22 (full 3):
 PSYoungGen      total 226816K, used 21248K [0x00000000edc00000, 0x00000000fef80000, 0x0000000100000000)
  eden space 205312K, 0% used [0x00000000edc00000,0x00000000edc00000,0x00000000fa480000)
  from space 21504K, 98% used [0x00000000fad80000,0x00000000fc240000,0x00000000fc280000)
  to   space 38400K, 0% used [0x00000000fca00000,0x00000000fca00000,0x00000000fef80000)
 ParOldGen       total 77312K, used 39996K [0x00000000c9400000, 0x00000000cdf80000, 0x00000000edc00000)
  object space 77312K, 51% used [0x00000000c9400000,0x00000000cbb0f240,0x00000000cdf80000)
 Metaspace       used 22933K, capacity 24148K, committed 26624K, reserved 1071104K
  class space    used 2704K, capacity 3137K, committed 4096K, reserved 1048576K
}
Event: 261.700 GC heap before
{Heap before GC invocations=23 (full 3):
 PSYoungGen      total 226816K, used 226560K [0x00000000edc00000, 0x00000000fef80000, 0x0000000100000000)
  eden space 205312K, 100% used [0x00000000edc00000,0x00000000fa480000,0x00000000fa480000)
  from space 21504K, 98% used [0x00000000fad80000,0x00000000fc240000,0x00000000fc280000)
  to   space 38400K, 0% used [0x00000000fca00000,0x00000000fca00000,0x00000000fef80000)
 ParOldGen       total 77312K, used 39996K [0x00000000c9400000, 0x00000000cdf80000, 0x00000000edc00000)
  object space 77312K, 51% used [0x00000000c9400000,0x00000000cbb0f240,0x00000000cdf80000)
 Metaspace       used 22948K, capacity 24168K, committed 26624K, reserved 1071104K
  class space    used 2705K, capacity 3139K, committed 4096K, reserved 1048576K
Event: 261.781 GC heap after
Heap after GC invocations=23 (full 3):
 PSYoungGen      total 235008K, used 38400K [0x00000000edc00000, 0x00000000ff500000, 0x0000000100000000)
  eden space 196608K, 0% used [0x00000000edc00000,0x00000000edc00000,0x00000000f9c00000)
  from space 38400K, 100% used [0x00000000fca00000,0x00000000fef80000,0x00000000fef80000)
  to   space 45568K, 0% used [0x00000000f9c00000,0x00000000f9c00000,0x00000000fc880000)
 ParOldGen       total 77312K, used 43468K [0x00000000c9400000, 0x00000000cdf80000, 0x00000000edc00000)
  object space 77312K, 56% used [0x00000000c9400000,0x00000000cbe73240,0x00000000cdf80000)
 Metaspace       used 22948K, capacity 24168K, committed 26624K, reserved 1071104K
  class space    used 2705K, capacity 3139K, committed 4096K, reserved 1048576K
}
Event: 285.102 GC heap before
{Heap before GC invocations=24 (full 3):
 PSYoungGen      total 235008K, used 235008K [0x00000000edc00000, 0x00000000ff500000, 0x0000000100000000)
  eden space 196608K, 100% used [0x00000000edc00000,0x00000000f9c00000,0x00000000f9c00000)
  from space 38400K, 100% used [0x00000000fca00000,0x00000000fef80000,0x00000000fef80000)
  to   space 45568K, 0% used [0x00000000f9c00000,0x00000000f9c00000,0x00000000fc880000)
 ParOldGen       total 77312K, used 43468K [0x00000000c9400000, 0x00000000cdf80000, 0x00000000edc00000)
  object space 77312K, 56% used [0x00000000c9400000,0x00000000cbe73240,0x00000000cdf80000)
 Metaspace       used 22972K, capacity 24264K, committed 26880K, reserved 1073152K
  class space    used 2711K, capacity 3149K, committed 4096K, reserved 1048576K
Event: 285.158 GC heap after
Heap after GC invocations=24 (full 3):
 PSYoungGen      total 214016K, used 25584K [0x00000000edc00000, 0x00000000fed00000, 0x0000000100000000)
  eden space 188416K, 0% used [0x00000000edc00000,0x00000000edc00000,0x00000000f9400000)
  from space 25600K, 99% used [0x00000000f9c00000,0x00000000fb4fc010,0x00000000fb500000)
  to   space 45568K, 0% used [0x00000000fc080000,0x00000000fc080000,0x00000000fed00000)
 ParOldGen       total 77312K, used 43980K [0x00000000c9400000, 0x00000000cdf80000, 0x00000000edc00000)
  object space 77312K, 56% used [0x00000000c9400000,0x00000000cbef3240,0x00000000cdf80000)
 Metaspace       used 22972K, capacity 24264K, committed 26880K, reserved 1073152K
  class space    used 2711K, capacity 3149K, committed 4096K, reserved 1048576K
}

Deoptimization events (10 events):
Event: 149.317 Thread 0x000002aa3c565800 Uncommon trap: reason=bimorphic action=maybe_recompile pc=0x000002aa2a2d0f08 method=com.group_finity.mascot.action.Stay.tick()V @ 22
Event: 169.780 Thread 0x000002aa3c565800 Uncommon trap: reason=bimorphic action=maybe_recompile pc=0x000002aa2a2d0f08 method=com.group_finity.mascot.action.Stay.tick()V @ 22
Event: 197.499 Thread 0x000002aa3c565800 Uncommon trap: reason=unstable_if action=reinterpret pc=0x000002aa299f16d8 method=java.lang.invoke.LambdaForm.uncustomize()Ljava/lang/invoke/LambdaForm; @ 4
Event: 197.499 Thread 0x000002aa3c565800 Uncommon trap: reason=class_check action=maybe_recompile pc=0x000002aa29b8f674 method=java.lang.invoke.LambdaForm$BMH/1549409129.reinvoke(Ljava/lang/Object;Ljava/lang/Object;)Ljava/lang/Object; @ 11
Event: 205.057 Thread 0x000002aa3c565800 Uncommon trap: reason=unstable_if action=reinterpret pc=0x000002aa29b9bce4 method=com.group_finity.mascot.action.Move.tick()V @ 139
Event: 214.058 Thread 0x000002aa3c565800 Uncommon trap: reason=class_check action=maybe_recompile pc=0x000002aa29b8f674 method=java.lang.invoke.LambdaForm$BMH/1549409129.reinvoke(Ljava/lang/Object;Ljava/lang/Object;)Ljava/lang/Object; @ 11
Event: 248.176 Thread 0x000002aa3c565800 Uncommon trap: reason=bimorphic action=maybe_recompile pc=0x000002aa2a2d0f08 method=com.group_finity.mascot.action.Stay.tick()V @ 22
Event: 264.182 Thread 0x000002aa3c565800 Uncommon trap: reason=bimorphic action=maybe_recompile pc=0x000002aa2a2d0f08 method=com.group_finity.mascot.action.Stay.tick()V @ 22
Event: 265.902 Thread 0x000002aa3c565800 Uncommon trap: reason=unstable_if action=reinterpret pc=0x000002aa2a06c710 method=jdk.internal.dynalink.support.TypeUtilities.isMethodInvocationConvertible(Ljava/lang/Class;Ljava/lang/Class;)Z @ 81
Event: 289.916 Thread 0x000002aa3cc54800 Uncommon trap: reason=unstable_if action=reinterpret pc=0x000002aa29b2e024 method=java.lang.reflect.Field.get(Ljava/lang/Object;)Ljava/lang/Object; @ 4

Classes redefined (0 events):
No events

Internal exceptions (10 events):
Event: 0.247 Thread 0x000002aa27ae2800 Exception <a 'java/io/FileNotFoundException'> (0x00000000edde18c0) thrown at [C:\jenkins\workspace\8-2-build-windows-amd64-cygwin\jdk8u281\880\hotspot\src\share\vm\prims\jni.cpp, line 710]
Event: 0.299 Thread 0x000002aa27ae2800 Exception <a 'java/lang/NoSuchFieldError': method resolution failed> (0x00000000edeb1cf0) thrown at [C:\jenkins\workspace\8-2-build-windows-amd64-cygwin\jdk8u281\880\hotspot\src\share\vm\prims\methodHandles.cpp, line 1169]
Event: 0.302 Thread 0x000002aa27ae2800 Exception <a 'java/lang/NoSuchFieldError': method resolution failed> (0x00000000edebf090) thrown at [C:\jenkins\workspace\8-2-build-windows-amd64-cygwin\jdk8u281\880\hotspot\src\share\vm\prims\methodHandles.cpp, line 1169]
Event: 0.375 Thread 0x000002aa27ae2800 Exception <a 'java/io/FileNotFoundException'> (0x00000000edf69590) thrown at [C:\jenkins\workspace\8-2-build-windows-amd64-cygwin\jdk8u281\880\hotspot\src\share\vm\prims\jni.cpp, line 710]
Event: 0.576 Thread 0x000002aa27ae2800 Exception <a 'java/io/FileNotFoundException'> (0x00000000ee07fbe0) thrown at [C:\jenkins\workspace\8-2-build-windows-amd64-cygwin\jdk8u281\880\hotspot\src\share\vm\prims\jni.cpp, line 710]
Event: 0.577 Thread 0x000002aa27ae2800 Exception <a 'java/io/FileNotFoundException'> (0x00000000ee082880) thrown at [C:\jenkins\workspace\8-2-build-windows-amd64-cygwin\jdk8u281\880\hotspot\src\share\vm\prims\jni.cpp, line 710]
Event: 4.211 Thread 0x000002aa27ae2800 Exception <a 'java/lang/ClassNotFoundException': jdk/nashorn/internal/runtime/ScriptFunction> (0x00000000f0683568) thrown at [C:\jenkins\workspace\8-2-build-windows-amd64-cygwin\jdk8u281\880\hotspot\src\share\vm\classfile\systemDictionary.cpp, line 212]
Event: 9.294 Thread 0x000002aa421a1000 Implicit null exception at 0x000002aa29b244f3 to 0x000002aa29b24e0d
Event: 27.999 Thread 0x000002aa3c565800 Implicit null exception at 0x000002aa2a129730 to 0x000002aa2a12b0b1
Event: 66.878 Thread 0x000002aa3c565800 Implicit null exception at 0x000002aa299a933d to 0x000002aa299a9bb9

Events (10 events):
Event: 289.916 Thread 0x000002aa3cc54800 DEOPT UNPACKING pc=0x000002aa293c5843 sp=0x000000acb0cff060 mode 2
Event: 289.916 loading class sun/java2d/pipe/hw/AccelDeviceEventNotifier
Event: 289.917 loading class sun/java2d/pipe/hw/AccelDeviceEventNotifier done
Event: 289.918 loading class java/lang/ProcessBuilder
Event: 289.919 Thread 0x000002aa3c563800 Thread exited: 0x000002aa3c563800
Event: 289.922 loading class java/lang/ProcessBuilder done
Event: 289.922 loading class java/lang/ProcessImpl
Event: 289.924 loading class java/lang/Process
Event: 289.926 loading class java/lang/Process done
Event: 289.926 loading class java/lang/ProcessImpl done


Dynamic libraries:
0x00007ff705450000 - 0x00007ff705497000 	C:\Program Files\Java\jre1.8.0_281\bin\javaw.exe
0x00007ffa81f00000 - 0x00007ffa820f0000 	C:\windows\SYSTEM32\ntdll.dll
0x00007ffa59b30000 - 0x00007ffa59b42000 	C:\Program Files\AVAST Software\Avast\aswhook.dll
0x00007ffa81b00000 - 0x00007ffa81bb2000 	C:\windows\System32\KERNEL32.DLL
0x00007ffa7fa80000 - 0x00007ffa7fd25000 	C:\windows\System32\KERNELBASE.dll
0x00007ffa803f0000 - 0x00007ffa80493000 	C:\windows\System32\ADVAPI32.dll
0x00007ffa81bc0000 - 0x00007ffa81c5e000 	C:\windows\System32\msvcrt.dll
0x00007ffa80ba0000 - 0x00007ffa80c37000 	C:\windows\System32\sechost.dll
0x00007ffa81950000 - 0x00007ffa81a6f000 	C:\windows\System32\RPCRT4.dll
0x00007ffa7ffc0000 - 0x00007ffa80154000 	C:\windows\System32\USER32.dll
0x00007ffa7ff80000 - 0x00007ffa7ffa1000 	C:\windows\System32\win32u.dll
0x00007ffa817f0000 - 0x00007ffa81816000 	C:\windows\System32\GDI32.dll
0x00007ffa7fde0000 - 0x00007ffa7ff78000 	C:\windows\System32\gdi32full.dll
0x00007ffa7efa0000 - 0x00007ffa7f03e000 	C:\windows\System32\msvcp_win.dll
0x00007ffa7f200000 - 0x00007ffa7f2fa000 	C:\windows\System32\ucrtbase.dll
0x00007ffa61210000 - 0x00007ffa61494000 	C:\windows\WinSxS\amd64_microsoft.windows.common-controls_6595b64144ccf1df_6.0.18362.1379_none_9e7ff3b3e45cc0c4\COMCTL32.dll
0x00007ffa813e0000 - 0x00007ffa81717000 	C:\windows\System32\combase.dll
0x00007ffa7eeb0000 - 0x00007ffa7ef31000 	C:\windows\System32\bcryptPrimitives.dll
0x00007ffa813b0000 - 0x00007ffa813de000 	C:\windows\System32\IMM32.DLL
0x00007ffa62b30000 - 0x00007ffa62b45000 	C:\Program Files\Java\jre1.8.0_281\bin\vcruntime140.dll
0x00007ffa382b0000 - 0x00007ffa3834b000 	C:\Program Files\Java\jre1.8.0_281\bin\msvcp140.dll
0x00000000609d0000 - 0x000000006122f000 	C:\Program Files\Java\jre1.8.0_281\bin\server\jvm.dll
0x00007ffa81af0000 - 0x00007ffa81af8000 	C:\windows\System32\PSAPI.DLL
0x00007ffa66730000 - 0x00007ffa66739000 	C:\windows\SYSTEM32\WSOCK32.dll
0x00007ffa818e0000 - 0x00007ffa8194f000 	C:\windows\System32\WS2_32.dll
0x00007ffa71050000 - 0x00007ffa71074000 	C:\windows\SYSTEM32\WINMM.dll
0x00007ffa77960000 - 0x00007ffa7796a000 	C:\windows\SYSTEM32\VERSION.dll
0x00007ffa71020000 - 0x00007ffa7104d000 	C:\windows\SYSTEM32\WINMMBASE.dll
0x00007ffa7f1b0000 - 0x00007ffa7f1fa000 	C:\windows\System32\cfgmgr32.dll
0x00007ffa7ee60000 - 0x00007ffa7ee71000 	C:\windows\System32\kernel.appcore.dll
0x00007ffa6bd20000 - 0x00007ffa6bd30000 	C:\Program Files\Java\jre1.8.0_281\bin\verify.dll
0x00007ffa4ee80000 - 0x00007ffa4eeab000 	C:\Program Files\Java\jre1.8.0_281\bin\java.dll
0x00007ffa59d40000 - 0x00007ffa59d58000 	C:\Program Files\Java\jre1.8.0_281\bin\zip.dll
0x00007ffa80cc0000 - 0x00007ffa813a8000 	C:\windows\System32\SHELL32.dll
0x00007ffa81da0000 - 0x00007ffa81e47000 	C:\windows\System32\shcore.dll
0x00007ffa7f300000 - 0x00007ffa7fa7b000 	C:\windows\System32\windows.storage.dll
0x00007ffa7ee10000 - 0x00007ffa7ee33000 	C:\windows\System32\profapi.dll
0x00007ffa7edc0000 - 0x00007ffa7ee0a000 	C:\windows\System32\powrprof.dll
0x00007ffa7edb0000 - 0x00007ffa7edc0000 	C:\windows\System32\UMPDC.dll
0x00007ffa806d0000 - 0x00007ffa80722000 	C:\windows\System32\shlwapi.dll
0x00007ffa7f040000 - 0x00007ffa7f057000 	C:\windows\System32\cryptsp.dll
0x00007ffa37580000 - 0x00007ffa37715000 	C:\Program Files\Java\jre1.8.0_281\bin\awt.dll
0x00007ffa81720000 - 0x00007ffa817e5000 	C:\windows\System32\OLEAUT32.dll
0x00007ffa7cbc0000 - 0x00007ffa7cc4f000 	C:\windows\SYSTEM32\apphelp.dll
0x00007ffa7d420000 - 0x00007ffa7d44d000 	C:\windows\system32\DWMAPI.DLL
0x00007ffa7cde0000 - 0x00007ffa7ce79000 	C:\windows\system32\uxtheme.dll
0x00007ffa39570000 - 0x00007ffa396c6000 	C:\windows\system32\opengl32.dll
0x00007ffa525a0000 - 0x00007ffa525cc000 	C:\windows\SYSTEM32\GLU32.dll
0x00007ffa7d9f0000 - 0x00007ffa7da10000 	C:\windows\SYSTEM32\dxcore.dll
0x00007ffa81c60000 - 0x00007ffa81d95000 	C:\windows\System32\MSCTF.dll
0x00007ffa80290000 - 0x00007ffa803e7000 	C:\windows\System32\ole32.dll
0x00007ffa62bd0000 - 0x00007ffa62d97000 	C:\windows\system32\d3d9.dll
0x00007ffa6ee20000 - 0x00007ffa6effd000 	C:\windows\System32\DriverStore\FileRepository\u0342612.inf_amd64_f45480a6fb163a4b\B342328\aticfx64.dll
0x00007ffa69ba0000 - 0x00007ffa69bd0000 	C:\windows\System32\DriverStore\FileRepository\u0342612.inf_amd64_f45480a6fb163a4b\B342328\atiu9p64.dll
0x00007ffa396d0000 - 0x00007ffa3a39b000 	C:\windows\System32\DriverStore\FileRepository\u0342612.inf_amd64_f45480a6fb163a4b\B342328\atiumd64.dll
0x00000000614f0000 - 0x0000000062273000 	C:\windows\System32\DriverStore\FileRepository\u0342612.inf_amd64_f45480a6fb163a4b\B342328\atiumd6a.dll
0x00007ffa597e0000 - 0x00007ffa597fc000 	C:\Program Files\Java\jre1.8.0_281\bin\net.dll
0x00007ffa7e590000 - 0x00007ffa7e5f7000 	C:\windows\system32\mswsock.dll
0x00007ffa57920000 - 0x00007ffa57933000 	C:\Program Files\Java\jre1.8.0_281\bin\nio.dll
0x00007ffa7e110000 - 0x00007ffa7e143000 	C:\windows\system32\rsaenh.dll
0x00007ffa7ee80000 - 0x00007ffa7eea6000 	C:\windows\System32\bcrypt.dll
0x00007ffa7ec90000 - 0x00007ffa7ecb5000 	C:\windows\SYSTEM32\USERENV.dll
0x00007ffa7e760000 - 0x00007ffa7e76c000 	C:\windows\SYSTEM32\CRYPTBASE.dll
0x00007ffa7e2a0000 - 0x00007ffa7e2da000 	C:\windows\SYSTEM32\IPHLPAPI.DLL
0x00007ffa81820000 - 0x00007ffa81828000 	C:\windows\System32\NSI.dll
0x00007ffa7d6a0000 - 0x00007ffa7d6b6000 	C:\windows\SYSTEM32\dhcpcsvc6.DLL
0x00007ffa7d680000 - 0x00007ffa7d69c000 	C:\windows\SYSTEM32\dhcpcsvc.DLL
0x00007ffa7e2e0000 - 0x00007ffa7e3ab000 	C:\windows\SYSTEM32\DNSAPI.dll
0x0000000180000000 - 0x0000000180032000 	C:\Users\phainon\AppData\Local\Temp\jna8279245959630100855.tmp
0x00007ffa392c0000 - 0x00007ffa39309000 	C:\Program Files\Java\jre1.8.0_281\bin\fontmanager.dll
0x00007ffa7a5a0000 - 0x00007ffa7a64e000 	C:\windows\SYSTEM32\mscms.dll
0x00007ffa7a580000 - 0x00007ffa7a597000 	C:\windows\SYSTEM32\ColorAdapterClient.dll
0x00007ffa38260000 - 0x00007ffa382a3000 	C:\windows\SYSTEM32\icm32.dll
0x00007ffa7d720000 - 0x00007ffa7d763000 	C:\Program Files\Java\jre1.8.0_281\bin\t2k.dll
0x00007ffa68130000 - 0x00007ffa6815a000 	C:\Program Files\Java\jre1.8.0_281\bin\dcpr.dll
0x00007ffa7d770000 - 0x00007ffa7d964000 	C:\windows\SYSTEM32\dbghelp.dll

VM Arguments:
java_command: C:\Users\phainon\Documents\wwwwwww\Kim Dokja shimejiee\Shimeji-ee.jar
java_class_path (initial): C:\Users\phainon\Documents\wwwwwww\Kim Dokja shimejiee\Shimeji-ee.jar
Launcher Type: SUN_STANDARD

Environment Variables:
PATH=C:\Program Files (x86)\Common Files\Oracle\Java\javapath;C:\windows\system32;C:\windows;C:\windows\System32\Wbem;C:\windows\System32\WindowsPowerShell\v1.0\;C:\windows\System32\OpenSSH\;C:\Users\phainon\AppData\Local\Microsoft\WindowsApps;
USERNAME=phainon
OS=Windows_NT
PROCESSOR_IDENTIFIER=AMD64 Family 23 Model 24 Stepping 1, AuthenticAMD



---------------  S Y S T E M  ---------------

OS: Windows 10.0 , 64 bit Build 18362 (10.0.18362.1350)

CPU:total 4 (initial active 4) (4 cores per cpu, 1 threads per core) family 23 model 24 stepping 1, cmov, cx8, fxsr, mmx, sse, sse2, sse3, ssse3, sse4.1, sse4.2, popcnt, avx, avx2, aes, clmul, mmxext, 3dnowpref, lzcnt, sse4a, tsc, tscinvbit, tscinv, bmi1

Memory: 4k page, physical 3582420k(625224k free), swap 10660308k(5365548k free)

vm_info: Java HotSpot(TM) 64-Bit Server VM (25.281-b09) for windows-amd64 JRE (1.8.0_281-b09), built on Dec  9 2020 13:54:07 by "" with MS VC++ 15.9 (VS2017)

time: Mon Feb 22 20:12:36 2021
timezone: Malay Peninsula Standard Time
elapsed time: 290.012375 seconds (0d 0h 4m 50s)

