#
# A fatal error has been detected by the Java Runtime Environment:
#
#  EXCEPTION_ACCESS_VIOLATION (0xc0000005) at pc=0x000000006b15ccb3, pid=6164, tid=0x00000000000035ec
#
# JRE version: Java(TM) SE Runtime Environment (8.0_361) (build 1.8.0_361-b09)
# Java VM: Java HotSpot(TM) 64-Bit Server VM (25.361-b09 mixed mode windows-amd64 compressed oops)
# Problematic frame:
# V  [jvm.dll+0x14ccb3]
#
# Failed to write core dump. Minidumps are not enabled by default on client versions of Windows
#
# If you would like to submit a bug report, please visit:
#   http://bugreport.java.com/bugreport/crash.jsp
#

---------------  T H R E A D  ---------------

Current thread (0x0000028e6bd38800):  JavaThread "Thread-7" [_thread_in_vm, id=13804, stack(0x000000dacb600000,0x000000dacb700000)]

siginfo: ExceptionCode=0xc0000005, reading address 0x0000000000000000

Registers:
RAX=0x0000000000000000, RBX=0x0000028e6bd38800, RCX=0x0000000000000880, RDX=0x0000028e6d648df0
RSP=0x000000dacb6febb0, RBP=0x0000028e6bd38800, RSI=0x0000000000000000, RDI=0x0000000000000000
R8 =0x0000000000000000, R9 =0x0000000000000010, R10=0x0000000000000368, R11=0x000000006b7ecafc
R12=0x0000000000000000, R13=0x0000000000000000, R14=0x0000028e6d648df0, R15=0x0000028e6bd38800
RIP=0x000000006b15ccb3, EFLAGS=0x0000000000010246

Top of Stack: (sp=0x000000dacb6febb0)
0x000000dacb6febb0:   0000000000000000 0000000000000000
0x000000dacb6febc0:   0000000000000000 000000dacb6fecd0
0x000000dacb6febd0:   000000dacb6fedb0 00000001800012ca
0x000000dacb6febe0:   0000000000000000 000000dacb6fecd0
0x000000dacb6febf0:   0000000000000000 0000000000000000
0x000000dacb6fec00:   0000000000000000 0000000180002440
0x000000dacb6fec10:   0000000000000000 00000001800011a9
0x000000dacb6fec20:   0000000000000000 0000000000000001
0x000000dacb6fec30:   0000000000000000 00000000ed9fa18b
0x000000dacb6fec40:   0000000000000000 00000006c5dc3888
0x000000dacb6fec50:   0000000000000000 00000000ed9347aa
0x000000dacb6fec60:   0000000000000000 0000000180002440
0x000000dacb6fec70:   0000000000000000 0000000180001173
0x000000dacb6fec80:   000000dacb6fef50 0000000180002440
0x000000dacb6fec90:   0000000000000000 000000018000113a
0x000000dacb6feca0:   0000000000000000 000000dacb6fecd0 

Instructions: (pc=0x000000006b15ccb3)
0x000000006b15cc93:   00 40 b7 01 4d 85 f6 0f 84 84 00 00 00 40 32 ff
0x000000006b15cca3:   40 f6 c6 01 74 0a 48 8b ce e8 2f 1f 0c 00 eb 03
0x000000006b15ccb3:   48 8b 06 48 8b c8 e8 f2 21 f2 ff 48 8b f0 48 85
0x000000006b15ccc3:   c0 74 5e 41 f6 c6 01 74 0a 49 8b ce e8 0c 1f 0c 


Register to memory mapping:

RAX=0x0000000000000000 is an unknown value
RBX=0x0000028e6bd38800 is a thread
RCX=0x0000000000000880 is an unknown value
RDX=0x0000028e6d648df0 is an unknown value
RSP=0x000000dacb6febb0 is pointing into the stack for thread: 0x0000028e6bd38800
RBP=0x0000028e6bd38800 is a thread
RSI=0x0000000000000000 is an unknown value
RDI=0x0000000000000000 is an unknown value
R8 =0x0000000000000000 is an unknown value
R9 =0x0000000000000010 is an unknown value
R10=0x0000000000000368 is an unknown value
R11=0x000000006b7ecafc is an unknown value
R12=0x0000000000000000 is an unknown value
R13=0x0000000000000000 is an unknown value
R14=0x0000028e6d648df0 is an unknown value
R15=0x0000028e6bd38800 is a thread


Stack: [0x000000dacb600000,0x000000dacb700000],  sp=0x000000dacb6febb0,  free space=1018k
Native frames: (J=compiled Java code, j=interpreted, Vv=VM code, C=native code)
V  [jvm.dll+0x14ccb3]
C  [jna4704188104732097143.tmp+0x12ca]
C  [jna4704188104732097143.tmp+0x2487]
C