#
# A fatal error has been detected by the Java Runtime Environment:
#
#  EXCEPTION_ACCESS_VIOLATION (0xc0000005) at pc=0x000000005de1988f, pid=10352, tid=0x00000000000007cc
#
# JRE version: Java(TM) SE Runtime Environment (8.0_281-b09) (build 1.8.0_281-b09)
# Java VM: Java HotSpot(TM) 64-Bit Server VM (25.281-b09 mixed mode windows-amd64 compressed oops)
# Problematic frame:
# V  [jvm.dll+0x14988f]
#
# Failed to write core dump. Minidumps are not enabled by default on client versions of Windows
#
# If you would like to submit a bug report, please visit:
#   http://bugreport.java.com/bugreport/crash.jsp
#

---------------  T H R E A D  ---------------

Current thread (0x000002753eba1000):  JavaThread "AWT-EventQueue-0" [_thread_in_vm, id=1996, stack(0x000000fb9d100000,0x000000fb9d200000)]

siginfo: ExceptionCode=0xc0000005, reading address 0x0000000000000000

Registers:
RAX=0x0000000000000000, RBX=0x0000000000000000, RCX=0x0000000000000100, RDX=0x0000000000000000
RSP=0x000000fb9d1fd090, RBP=0x000000fb9d1fd200, RSI=0x000002753eba11f8, RDI=0x000002753eba1000
R8 =0x000002753dcf6638, R9 =0x0000000058010a47, R10=0x000000000000000c, R11=0x000002753eaeb538
R12=0x0000000000000000, R13=0x0000000000000000, R14=0x000002753eba1000, R15=0x000002753eba1000
RIP=0x000000005de1988f, EFLAGS=0x0000000000010246

Top of Stack: (sp=0x000000fb9d1fd090)
0x000000fb9d1fd090:   00000001800223d8 0000000c00000030
0x000000fb9d1fd0a0:   000000fb9d1fd050 0000000000000000
0x000000fb9d1fd0b0:   0000000000000000 000000fb9d1fd040
0x000000fb9d1fd0c0:   0000000000000001 0000000000000000
0x000000fb9d1fd0d0:   0000000000000000 0000000000000000
0x000000fb9d1fd0e0:   0000000000000000 000002753eba1000
0x000000fb9d1fd0f0:   0000000000000000 0000000000000000
0x000000fb9d1fd100:   0000000000000000 0000000000000000
0x000000fb9d1fd110:   00000275243c79d0 00007ff89cb5378d
0x000000fb9d1fd120:   0000000000000000 0000000000000063
0x000000fb9d1fd130:   00000000cc510d58 0000000000000000
0x000000fb9d1fd140:   00000000c96d2708 0000000000000000
0x000000fb9d1fd150:   000000010015daa8 000000fb9d1fd260
0x000000fb9d1fd160:   00000000c96d6628 0000000180003ed5
0x000000fb9d1fd170:   0000027538f0d780 000000fb9d1fd340
0x000000fb9d1fd180:   000002753dcf6638 0000000058010a47 

Instructions: (pc=0x000000005de1988f)
0x000000005de1986f:   60 00 00 00 00 74 0a 48 8d 4c 24 58 e8 30 98 12
0x000000005de1987f:   00 f6 c3 01 74 0a 48 8b cb e8 d3 2a 0c 00 eb 03
0x000000005de1988f:   48 8b 03 48 8b c8 e8 76 52 f2 ff 48 8b d8 4c 8b
0x000000005de1989f:   c7 33 d2 48 8b cb 48 8b 00 ff 50 78 48 8b 47 08 


Register to memory mapping:

RAX=0x0000000000000000 is an unknown value
RBX=0x0000000000000000 is an unknown value
RCX=0x0000000000000100 is an unknown value
RDX=0x0000000000000000 is an unknown value
RSP=0x000000fb9d1fd090 is pointing into the stack for thread: 0x000002753eba1000
RBP=0x000000fb9d1fd200 is pointing into the stack for thread: 0x000002753eba1000
RSI=0x000002753eba11f8 is an unknown value
RDI=0x000002753eba1000 is a thread
R8 =0x000002753dcf6638 is an unknown value
R9 =0x0000000058010a47 is an unknown value
R10=0x000000000000000c is an unknown value
R11={method} {0x000002753eaeb540} 'updateLastError' '(I)V' in 'com/sun/jna/Native'
R12=0x0000000000000000 is an unknown value
R13=0x0000000000000000 is an unknown value
R14=0x000002753eba1000 is a thread
R15=0x000002753eba1000 is a thread


Stack: [0x000000fb9d100000,0x000000fb9d200000],  sp=0x000000fb9d1fd090,  free space=1012k
Native frames: (J=compiled Java code, j=interpreted, Vv=VM code, C=native code)
V  [jvm.dll+0x14988f]
C  [jna7105676645056872913.tmp+0x3ed5]
C  [jna7105676645056872913.tmp+0x1056]
C  0x00000275264dacac

Java frames: (J=compiled Java code, j=interpreted, Vv=VM code)
J 2280  com.sun.jna.Function.invokePointer(I[Ljava/lang/Object;)Lcom/sun/jna/Pointer; (0 bytes) @ 0x00000275264dac0f [0x00000275264dabc0+0x4f]
J 2386 C2 com.sun.jna.Function.invoke([Ljava/lang/Object;Ljava/lang/Class;Z)Ljava/lang/Object; (1141 bytes) @ 0x0000027526521a20 [0x00000275265217c0+0x260]
J 2376 C2 com.sun.jna.Function.invoke(Ljava/lang/Class;[Ljava/lang/Object;Ljava/util/Map;)Ljava/lang/Object; (572 bytes) @ 0x000002752651e9b8 [0x000002752651dae0+0xed8]
J 2378 C2 com.sun.jna.Library$Handler.invoke(Ljava/lang/Object;Ljava/lang/reflect/Method;[Ljava/lang/Object;)Ljava/lang/Object; (348 bytes) @ 0x00000275265179a8 [0x00000275265174e0+0x4c8]
J 6512 C2 com.group_finity.mascot.win.WindowsTranslucentWindow.paint(Ljava/awt/Graphics;)V (23 bytes) @ 0x0000027526e5ff24 [0x0000027526e5fbc0+0x364]
J 6550 C2 javax.swing.RepaintManager$4.run()Ljava/lang/Object; (5 bytes) @ 0x0000027525f39584 [0x0000027525f390c0+0x4c4]
v  ~StubRoutines::call_stub
J 503  java.security.AccessController.doPrivileged(Ljava/security/PrivilegedAction;Ljava/security/AccessControlContext;)Ljava/lang/Object; (0 bytes) @ 0x0000027525fa7be6 [0x0000027525fa7b80+0x66]
J 4929 C2 javax.swing.RepaintManager.paintDirtyRegions(Ljava/util/Map;)V (196 bytes) @ 0x0000027526a4bc70 [0x0000027526a4ae80+0xdf0]
J 4928 C2 javax.swing.RepaintManager.access$1200(Ljavax/swing/RepaintManager;)V (5 bytes) @ 0x0000027526743ac4 [0x0000027526743900+0x1c4]
J 5025 C2 java.awt.EventQueue$3.run()Ljava/lang/Object; (5 bytes) @ 0x0000027526ac2b28 [0x0000027526ac27e0+0x348]
v  ~StubRoutines::call_stub
J 503  java.security.AccessController.doPrivileged(Ljava/security/PrivilegedAction;Ljava/security/AccessControlContext;)Ljava/lang/Object; (0 bytes) @ 0x0000027525fa7be6 [0x0000027525fa7b80+0x66]
J 6137 C2 java.awt.EventDispatchThread.pumpOneEventForFilters(I)V (190 bytes) @ 0x0000027526d07fdc [0x0000027526d07980+0x65c]
J 5662% C1 java.awt.EventDispatchThread.pumpEventsForFilter(ILjava/awt/Conditional;Ljava/awt/EventFilter;)V (47 bytes) @ 0x000002752676852c [0x0000027526768220+0x30c]
j  java.awt.EventDispatchThread.pumpEventsForHierarchy(ILjava/awt/Conditional;Ljava/awt/Component;)V+11
j  java.awt.EventDispatchThread.pumpEvents(ILjava/awt/Conditional;)V+4
j  java.awt.EventDispatchThread.pumpEvents(Ljava/awt/Conditional;)V+3
j  java.awt.EventDispatchThread.run()V+9
v  ~StubRoutines::call_stub

---------------  P R O C E S S  ---------------

Java Threads: ( => current thread )
  0x0000027540cd9800 JavaThread "Thread-5" [_thread_in_native, id=4892, stack(0x000000fb9d500000,0x000000fb9d600000)]
  0x000002753edcb800 JavaThread "Thread-2" daemon [_thread_in_native, id=10408, stack(0x000000fb9d300000,0x000000fb9d400000)]
  0x000002753edcc000 JavaThread "Thread-0" [_thread_blocked, id=1320, stack(0x000000fb9cf00000,0x000000fb9d000000)]
  0x000002753edc9000 JavaThread "SIGTERM handler" daemon [_thread_blocked, id=11260, stack(0x000000fb9cd00000,0x000000fb9ce00000)]
  0x000002753edc7000 JavaThread "TimerQueue" daemon [_thread_blocked, id=9752, stack(0x000000fb9cc00000,0x000000fb9cd00000)]
  0x000002753edc8800 JavaThread "DestroyJavaVM" [_thread_blocked, id=6432, stack(0x000000fb9b300000,0x000000fb9b400000)]
  0x000002753edc7800 JavaThread "Thread-7" [_thread_in_native, id=9072, stack(0x000000fb9d200000,0x000000fb9d300000)]
=>0x000002753eba1000 JavaThread "AWT-EventQueue-0" [_thread_in_vm, id=1996, stack(0x000000fb9d100000,0x000000fb9d200000)]
  0x000002753eb0d000 JavaThread "AWT-Shutdown" [_thread_blocked, id=11428, stack(0x000000fb9d000000,0x000000fb9d100000)]
  0x000002753e3ac800 JavaThread "Thread-4" daemon [_thread_blocked, id=8616, stack(0x000000fb9c400000,0x000000fb9c500000)]
  0x000002753905d000 JavaThread "AWT-Windows" daemon [_thread_blocked, id=9328, stack(0x000000fb9c500000,0x000000fb9c600000)]
  0x0000027539052000 JavaThread "Java2D Disposer" daemon [_thread_blocked, id=8148, stack(0x000000fb9c300000,0x000000fb9c400000)]
  0x0000027538e1d800 JavaThread "Thread-1" daemon [_thread_blocked, id=10464, stack(0x000000fb9c200000,0x000000fb9c300000)]
  0x00000275381d3000 JavaThread "Service Thread" daemon [_thread_blocked, id=5796, stack(0x000000fb9c000000,0x000000fb9c100000)]
  0x00000275381cf000 JavaThread "C1 CompilerThread2" daemon [_thread_blocked, id=11672, stack(0x000000fb9bf00000,0x000000fb9c000000)]
  0x00000275381ce000 JavaThread "C2 CompilerThread1" daemon [_thread_blocked, id=13256, stack(0x000000fb9be00000,0x000000fb9bf00000)]
  0x000002753816f000 JavaThread "C2 CompilerThread0" daemon [_thread_blocked, id=2448, stack(0x000000fb9bd00000,0x000000fb9be00000)]
  0x000002753816c000 JavaThread "Attach Listener" daemon [_thread_blocked, id=12752, stack(0x000000fb9bc00000,0x000000fb9bd00000)]
  0x000002753816a800 JavaThread "Signal Dispatcher" daemon [_thread_blocked, id=14148, stack(0x000000fb9bb00000,0x000000fb9bc00000)]
  0x0000027538156000 JavaThread "Finalizer" daemon [_thread_blocked, id=13932, stack(0x000000fb9ba00000,0x000000fb9bb00000)]
  0x0000027537a1d800 JavaThread "Reference Handler" daemon [_thread_blocked, id=7012, stack(0x000000fb9b900000,0x000000fb9ba00000)]

Other Threads:
  0x0000027538135000 VMThread [stack: 0x000000fb9b800000,0x000000fb9b900000] [id=1132]
  0x00000275381d7000 WatcherThread [stack: 0x000000fb9c100000,0x000000fb9c200000] [id=11592]

VM state:synchronizing (normal execution)

VM Mutex/Monitor currently owned by a thread:  ([mutex/lock_event])
[0x00000275243ef4f0] Threads_lock - owner thread: 0x0000027538135000

heap address: 0x00000000c9400000, size: 876 MB, Compressed Oops mode: 32-bit
Narrow klass base: 0x0000000000000000, Narrow klass shift: 3
Compressed class space size: 1073741824 Address: 0x0000000100000000

Heap:
 PSYoungGen      total 24064K, used 17019K [0x00000000edc00000, 0x00000000efc80000, 0x0000000100000000)
  eden space 20992K, 67% used [0x00000000edc00000,0x00000000ee9deee8,0x00000000ef080000)
  from space 3072K, 91% used [0x00000000ef100000,0x00000000ef3c0000,0x00000000ef400000)
  to   space 6144K, 0% used [0x00000000ef680000,0x00000000ef680000,0x00000000efc80000)
 ParOldGen       total 72192K, used 59054K [0x00000000c9400000, 0x00000000cda80000, 0x00000000edc00000)
  object space 72192K, 81% used [0x00000000c9400000,0x00000000ccdabbc0,0x00000000cda80000)
 Metaspace       used 25347K, capacity 28262K, committed 28336K, reserved 1073152K
  class space    used 3010K, capacity 4259K, committed 4272K, reserved 1048576K

Card table byte_map: [0x0000027535120000,0x00000275352e0000] byte_map_base: 0x0000027534ad6000

Marking Bits: (ParMarkBitMap*) 0x000000005e4b6ff0
 Begin Bits: [0x0000027535410000, 0x00000275361c0000)
 End Bits:   [0x00000275361c0000, 0x0000027536f70000)

Polling page: 0x0000027524370000

CodeCache: size=245760Kb used=17619Kb max_used=17773Kb free=228140Kb
 bounds [0x0000027525d60000, 0x0000027526f10000, 0x0000027534d60000]
 total_blobs=5876 nmethods=5289 adapters=498
 compilation: enabled

Compilation events (10 events):
Event: 2658.278 Thread 0x00000275381cf000 6609       3       jdk.nashorn.internal.scripts.Script$534$\^eval\_:::getMap (9 bytes)
Event: 2658.278 Thread 0x00000275381cf000 nmethod 6609 0x0000027526b07e10 code [0x0000027526b07f80, 0x0000027526b081d8]
Event: 2658.396 Thread 0x000002753816f000 6610       4       java.util.Random::next (47 bytes)
Event: 2658.397 Thread 0x000002753816f000 nmethod 6610 0x00000275263b9750 code [0x00000275263b9880, 0x00000275263b9958]
Event: 2663.353 Thread 0x00000275381cf000 6611       3       java.lang.invoke.LambdaForm$BMH/1942273100::reinvoke (44 bytes)
Event: 2663.354 Thread 0x00000275381cf000 nmethod 6611 0x00000275268ace10 code [0x00000275268acfe0, 0x00000275268ad6c0]
Event: 2665.313 Thread 0x00000275381cf000 6612       3       java.lang.invoke.LambdaForm$DMH/34835433::invokeStatic_L_L (20 bytes)
Event: 2665.314 Thread 0x00000275381cf000 nmethod 6612 0x00000275260a5e50 code [0x00000275260a6060, 0x00000275260a6cd0]
Event: 2665.314 Thread 0x00000275381cf000 6613       3       java.lang.invoke.LambdaForm$DMH/1654753166::invokeStatic_L_L (20 bytes)
Event: 2665.315 Thread 0x00000275381cf000 nmethod 6613 0x00000275263dbb90 code [0x00000275263dbda0, 0x00000275263dca10]

GC Heap History (10 events):
Event: 2655.595 GC heap before
{Heap before GC invocations=78 (full 3):
 PSYoungGen      total 30720K, used 24864K [0x00000000edc00000, 0x00000000f0300000, 0x0000000100000000)
  eden space 23552K, 100% used [0x00000000edc00000,0x00000000ef300000,0x00000000ef300000)
  from space 7168K, 18% used [0x00000000efc00000,0x00000000efd48000,0x00000000f0300000)
  to   space 8192K, 0% used [0x00000000ef300000,0x00000000ef300000,0x00000000efb00000)
 ParOldGen       total 72192K, used 58790K [0x00000000c9400000, 0x00000000cda80000, 0x00000000edc00000)
  object space 72192K, 81% used [0x00000000c9400000,0x00000000ccd69bc0,0x00000000cda80000)
 Metaspace       used 25333K, capacity 28250K, committed 28336K, reserved 1073152K
  class space    used 3008K, capacity 4259K, committed 4272K, reserved 1048576K
Event: 2655.601 GC heap after
Heap after GC invocations=78 (full 3):
 PSYoungGen      total 25088K, used 1888K [0x00000000edc00000, 0x00000000f0180000, 0x0000000100000000)
  eden space 23040K, 0% used [0x00000000edc00000,0x00000000edc00000,0x00000000ef280000)
  from space 2048K, 92% used [0x00000000ef300000,0x00000000ef4d8000,0x00000000ef500000)
  to   space 7680K, 0% used [0x00000000efa00000,0x00000000efa00000,0x00000000f0180000)
 ParOldGen       total 72192K, used 58854K [0x00000000c9400000, 0x00000000cda80000, 0x00000000edc00000)
  object space 72192K, 81% used [0x00000000c9400000,0x00000000ccd79bc0,0x00000000cda80000)
 Metaspace       used 25333K, capacity 28250K, committed 28336K, reserved 1073152K
  class space    used 3008K, capacity 4259K, committed 4272K, reserved 1048576K
}
Event: 2658.913 GC heap before
{Heap before GC invocations=79 (full 3):
 PSYoungGen      total 25088K, used 24928K [0x00000000edc00000, 0x00000000f0180000, 0x0000000100000000)
  eden space 23040K, 100% used [0x00000000edc00000,0x00000000ef280000,0x00000000ef280000)
  from space 2048K, 92% used [0x00000000ef300000,0x00000000ef4d8000,0x00000000ef500000)
  to   space 7680K, 0% used [0x00000000efa00000,0x00000000efa00000,0x00000000f0180000)
 ParOldGen       total 72192K, used 58854K [0x00000000c9400000, 0x00000000cda80000, 0x00000000edc00000)
  object space 72192K, 81% used [0x00000000c9400000,0x00000000ccd79bc0,0x00000000cda80000)
 Metaspace       used 25335K, capacity 28250K, committed 28336K, reserved 1073152K
  class space    used 3008K, capacity 4259K, committed 4272K, reserved 1048576K
Event: 2658.924 GC heap after
Heap after GC invocations=79 (full 3):
 PSYoungGen      total 28672K, used 1728K [0x00000000edc00000, 0x00000000f0000000, 0x0000000100000000)
  eden space 22528K, 0% used [0x00000000edc00000,0x00000000edc00000,0x00000000ef200000)
  from space 6144K, 28% used [0x00000000efa00000,0x00000000efbb0000,0x00000000f0000000)
  to   space 7168K, 0% used [0x00000000ef200000,0x00000000ef200000,0x00000000ef900000)
 ParOldGen       total 72192K, used 58918K [0x00000000c9400000, 0x00000000cda80000, 0x00000000edc00000)
  object space 72192K, 81% used [0x00000000c9400000,0x00000000ccd89bc0,0x00000000cda80000)
 Metaspace       used 25335K, capacity 28250K, committed 28336K, reserved 1073152K
  class space    used 3008K, capacity 4259K, committed 4272K, reserved 1048576K
}
Event: 2662.875 GC heap before
{Heap before GC invocations=80 (full 3):
 PSYoungGen      total 28672K, used 24256K [0x00000000edc00000, 0x00000000f0000000, 0x0000000100000000)
  eden space 22528K, 100% used [0x00000000edc00000,0x00000000ef200000,0x00000000ef200000)
  from space 6144K, 28% used [0x00000000efa00000,0x00000000efbb0000,0x00000000f0000000)
  to   space 7168K, 0% used [0x00000000ef200000,0x00000000ef200000,0x00000000ef900000)
 ParOldGen       total 72192K, used 58918K [0x00000000c9400000, 0x00000000cda80000, 0x00000000edc00000)
  object space 72192K, 81% used [0x00000000c9400000,0x00000000ccd89bc0,0x00000000cda80000)
 Metaspace       used 25335K, capacity 28250K, committed 28336K, reserved 1073152K
  class space    used 3008K, capacity 4259K, committed 4272K, reserved 1048576K
Event: 2662.885 GC heap after
Heap after GC invocations=80 (full 3):
 PSYoungGen      total 24064K, used 1952K [0x00000000edc00000, 0x00000000efe80000, 0x0000000100000000)
  eden space 22016K, 0% used [0x00000000edc00000,0x00000000edc00000,0x00000000ef180000)
  from space 2048K, 95% used [0x00000000ef200000,0x00000000ef3e8000,0x00000000ef400000)
  to   space 6656K, 0% used [0x00000000ef800000,0x00000000ef800000,0x00000000efe80000)
 ParOldGen       total 72192K, used 59014K [0x00000000c9400000, 0x00000000cda80000, 0x00000000edc00000)
  object space 72192K, 81% used [0x00000000c9400000,0x00000000ccda1bc0,0x00000000cda80000)
 Metaspace       used 25335K, capacity 28250K, committed 28336K, reserved 1073152K
  class space    used 3008K, capacity 4259K, committed 4272K, reserved 1048576K
}
Event: 2666.952 GC heap before
{Heap before GC invocations=81 (full 3):
 PSYoungGen      total 24064K, used 23968K [0x00000000edc00000, 0x00000000efe80000, 0x0000000100000000)
  eden space 22016K, 100% used [0x00000000edc00000,0x00000000ef180000,0x00000000ef180000)
  from space 2048K, 95% used [0x00000000ef200000,0x00000000ef3e8000,0x00000000ef400000)
  to   space 6656K, 0% used [0x00000000ef800000,0x00000000ef800000,0x00000000efe80000)
 ParOldGen       total 72192K, used 59014K [0x00000000c9400000, 0x00000000cda80000, 0x00000000edc00000)
  object space 72192K, 81% used [0x00000000c9400000,0x00000000ccda1bc0,0x00000000cda80000)
 Metaspace       used 25337K, capacity 28262K, committed 28336K, reserved 1073152K
  class space    used 3008K, capacity 4259K, committed 4272K, reserved 1048576K
Event: 2666.959 GC heap after
Heap after GC invocations=81 (full 3):
 PSYoungGen      total 26624K, used 2048K [0x00000000edc00000, 0x00000000efd00000, 0x0000000100000000)
  eden space 21504K, 0% used [0x00000000edc00000,0x00000000edc00000,0x00000000ef100000)
  from space 5120K, 40% used [0x00000000ef800000,0x00000000efa00000,0x00000000efd00000)
  to   space 6144K, 0% used [0x00000000ef100000,0x00000000ef100000,0x00000000ef700000)
 ParOldGen       total 72192K, used 59038K [0x00000000c9400000, 0x00000000cda80000, 0x00000000edc00000)
  object space 72192K, 81% used [0x00000000c9400000,0x00000000ccda7bc0,0x00000000cda80000)
 Metaspace       used 25337K, capacity 28262K, committed 28336K, reserved 1073152K
  class space    used 3008K, capacity 4259K, committed 4272K, reserved 1048576K
}
Event: 2672.553 GC heap before
{Heap before GC invocations=82 (full 3):
 PSYoungGen      total 26624K, used 23552K [0x00000000edc00000, 0x00000000efd00000, 0x0000000100000000)
  eden space 21504K, 100% used [0x00000000edc00000,0x00000000ef100000,0x00000000ef100000)
  from space 5120K, 40% used [0x00000000ef800000,0x00000000efa00000,0x00000000efd00000)
  to   space 6144K, 0% used [0x00000000ef100000,0x00000000ef100000,0x00000000ef700000)
 ParOldGen       total 72192K, used 59038K [0x00000000c9400000, 0x00000000cda80000, 0x00000000edc00000)
  object space 72192K, 81% used [0x00000000c9400000,0x00000000ccda7bc0,0x00000000cda80000)
 Metaspace       used 25337K, capacity 28262K, committed 28336K, reserved 1073152K
  class space    used 3008K, capacity 4259K, committed 4272K, reserved 1048576K
Event: 2672.562 GC heap after
Heap after GC invocations=82 (full 3):
 PSYoungGen      total 24064K, used 2816K [0x00000000edc00000, 0x00000000efc80000, 0x0000000100000000)
  eden space 20992K, 0% used [0x00000000edc00000,0x00000000edc00000,0x00000000ef080000)
  from space 3072K, 91% used [0x00000000ef100000,0x00000000ef3c0000,0x00000000ef400000)
  to   space 6144K, 0% used [0x00000000ef680000,0x00000000ef680000,0x00000000efc80000)
 ParOldGen       total 72192K, used 59054K [0x00000000c9400000, 0x00000000cda80000, 0x00000000edc00000)
  object space 72192K, 81% used [0x00000000c9400000,0x00000000ccdabbc0,0x00000000cda80000)
 Metaspace       used 25337K, capacity 28262K, committed 28336K, reserved 1073152K
  class space    used 3008K, capacity 4259K, committed 4272K, reserved 1048576K
}

Deoptimization events (10 events):
Event: 2415.256 Thread 0x000002753eba1000 Uncommon trap: reason=speculate_class_check action=maybe_recompile pc=0x00000275266a2cd8 method=com.group_finity.mascot.action.ComplexAction.seek()V @ 41
Event: 2417.592 Thread 0x000002753edc7800 Uncommon trap: reason=class_check action=maybe_recompile pc=0x00000275260d3284 method=com.group_finity.mascot.action.Fall.tick()V @ 309
Event: 2417.593 Thread 0x000002753edc7800 Uncommon trap: reason=speculate_class_check action=maybe_recompile pc=0x00000275266a2cd8 method=com.group_finity.mascot.action.ComplexAction.seek()V @ 41
Event: 2439.674 Thread 0x000002753edc7800 Uncommon trap: reason=unstable_if action=reinterpret pc=0x0000027526852034 method=java.lang.invoke.LambdaForm.uncustomize()Ljava/lang/invoke/LambdaForm; @ 4
Event: 2439.680 Thread 0x000002753edc7800 Uncommon trap: reason=class_check action=maybe_recompile pc=0x00000275267cd7f4 method=java.lang.invoke.LambdaForm$BMH/1549409129.reinvoke(Ljava/lang/Object;Ljava/lang/Object;)Ljava/lang/Object; @ 11
Event: 2490.360 Thread 0x000002753eba1000 Uncommon trap: reason=unstable_if action=reinterpret pc=0x0000027526a6b798 method=sun.java2d.pipe.Region.isInsideXYXY(IIII)Z @ 13
Event: 2632.554 Thread 0x000002753edc7800 Uncommon trap: reason=unstable_if action=reinterpret pc=0x000002752640e8d8 method=java.lang.invoke.LambdaForm.uncustomize()Ljava/lang/invoke/LambdaForm; @ 4
Event: 2632.554 Thread 0x000002753edc7800 Uncommon trap: reason=class_check action=maybe_recompile pc=0x00000275267cd7f4 method=java.lang.invoke.LambdaForm$BMH/1549409129.reinvoke(Ljava/lang/Object;Ljava/lang/Object;)Ljava/lang/Object; @ 11
Event: 2676.377 Thread 0x000002753edca000 Uncommon trap: reason=unstable_if action=reinterpret pc=0x0000027526487630 method=sun.java2d.d3d.D3DScreenUpdateManager.run()V @ 4
Event: 2676.495 Thread 0x000002753eba1000 Uncommon trap: reason=unstable_if action=reinterpret pc=0x0000027526a4541c method=sun.java2d.d3d.D3DScreenUpdateManager.createGraphics(Lsun/java2d/SurfaceData;Lsun/awt/windows/WComponentPeer;Ljava/awt/Color;Ljava/awt/Color;Ljava/awt/Font;)Ljava/awt/Graphi

Classes redefined (0 events):
No events

Internal exceptions (10 events):
Event: 5.587 Thread 0x00000275243f2000 Exception <a 'java/lang/ClassNotFoundException': jdk/nashorn/internal/runtime/ScriptFunction> (0x00000000f05c2308) thrown at [C:\jenkins\workspace\8-2-build-windows-amd64-cygwin\jdk8u281\880\hotspot\src\share\vm\classfile\systemDictionary.cpp, line 212]
Event: 259.877 Thread 0x000002753edc7800 Implicit null exception at 0x00000275263ab0bf to 0x00000275263ab7d5
Event: 302.179 Thread 0x000002753edc7800 Implicit null exception at 0x00000275266b8df4 to 0x00000275266b9711
Event: 1136.574 Thread 0x000002753edc7800 Implicit null exception at 0x0000027526927e24 to 0x0000027526929415
Event: 1513.832 Thread 0x000002753edc7800 Implicit null exception at 0x00000275268ac0d6 to 0x00000275268ad215
Event: 1591.203 Thread 0x000002753edc7800 Implicit null exception at 0x00000275261d7f27 to 0x00000275261d7f86
Event: 1591.207 Thread 0x000002753edc7800 Implicit null exception at 0x0000027526570d33 to 0x00000275265715a5
Event: 1591.239 Thread 0x000002753eba1000 Implicit null exception at 0x000002752675ba97 to 0x000002752675d5b1
Event: 1591.240 Thread 0x000002753eba1000 Implicit null exception at 0x00000275268c5709 to 0x00000275268c6ed1
Event: 1673.422 Thread 0x000002753eba1000 Implicit null exception at 0x0000027526644a07 to 0x0000027526644b51

Events (10 events):
Event: 2676.377 Executing VM operation: RevokeBias
Event: 2676.493 Executing VM operation: RevokeBias done
Event: 2676.493 Thread 0x000002753edca000 Thread exited: 0x000002753edca000
Event: 2676.495 Thread 0x000002753eba1000 Uncommon trap: trap_request=0xffffff65 fr.pc=0x0000027526a4541c
Event: 2676.495 Thread 0x000002753eba1000 DEOPT PACKING pc=0x0000027526a4541c sp=0x000000fb9d1fd400
Event: 2676.495 Thread 0x000002753eba1000 DEOPT UNPACKING pc=0x0000027525da5843 sp=0x000000fb9d1fd288 mode 2
Event: 2676.495 loading class java/util/WeakHashMap$KeyIterator
Event: 2676.496 loading class java/util/WeakHashMap$KeyIterator done
Event: 2676.496 Thread 0x000002753edca800 Thread exited: 0x000002753edca800
Event: 2676.500 loading class sun/java2d/pipe/hw/AccelDeviceEventNotifier


Dynamic libraries:
0x00007ff7c9fc0000 - 0x00007ff7ca007000 	C:\Program Files\Java\jre1.8.0_281\bin\javaw.exe
0x00007ff89efc0000 - 0x00007ff89f1b0000 	C:\windows\SYSTEM32\ntdll.dll
0x00007ff870810000 - 0x00007ff870822000 	C:\Program Files\AVAST Software\Avast\aswhook.dll
0x00007ff89def0000 - 0x00007ff89dfa2000 	C:\windows\System32\KERNEL32.DLL
0x00007ff89caf0000 - 0x00007ff89cd95000 	C:\windows\System32\KERNELBASE.dll
0x00007ff89d860000 - 0x00007ff89d903000 	C:\windows\System32\ADVAPI32.dll
0x00007ff89e650000 - 0x00007ff89e6ee000 	C:\windows\System32\msvcrt.dll
0x00007ff89dfb0000 - 0x00007ff89e047000 	C:\windows\System32\sechost.dll
0x00007ff89d390000 - 0x00007ff89d4af000 	C:\windows\System32\RPCRT4.dll
0x00007ff89ede0000 - 0x00007ff89ef74000 	C:\windows\System32\USER32.dll
0x00007ff89c340000 - 0x00007ff89c361000 	C:\windows\System32\win32u.dll
0x00007ff89d360000 - 0x00007ff89d386000 	C:\windows\System32\GDI32.dll
0x00007ff89c1a0000 - 0x00007ff89c338000 	C:\windows\System32\gdi32full.dll
0x00007ff89cfd0000 - 0x00007ff89d06e000 	C:\windows\System32\msvcp_win.dll
0x00007ff89cda0000 - 0x00007ff89ce9a000 	C:\windows\System32\ucrtbase.dll
0x00007ff8840c0000 - 0x00007ff884344000 	C:\windows\WinSxS\amd64_microsoft.windows.common-controls_6595b64144ccf1df_6.0.18362.1316_none_9e7a364fe461dbd7\COMCTL32.dll
0x00007ff89e0f0000 - 0x00007ff89e427000 	C:\windows\System32\combase.dll
0x00007ff89c110000 - 0x00007ff89c191000 	C:\windows\System32\bcryptPrimitives.dll
0x00007ff89e0c0000 - 0x00007ff89e0ee000 	C:\windows\System32\IMM32.DLL
0x00007ff874490000 - 0x00007ff8744a5000 	C:\Program Files\Java\jre1.8.0_281\bin\vcruntime140.dll
0x00007ff85da40000 - 0x00007ff85dadb000 	C:\Program Files\Java\jre1.8.0_281\bin\msvcp140.dll
0x000000005dcd0000 - 0x000000005e52f000 	C:\Program Files\Java\jre1.8.0_281\bin\server\jvm.dll
0x00007ff89d4b0000 - 0x00007ff89d4b8000 	C:\windows\System32\PSAPI.DLL
0x00007ff882650000 - 0x00007ff882659000 	C:\windows\SYSTEM32\WSOCK32.dll
0x00007ff89e5e0000 - 0x00007ff89e64f000 	C:\windows\System32\WS2_32.dll
0x00007ff899be0000 - 0x00007ff899c04000 	C:\windows\SYSTEM32\WINMM.dll
0x00007ff893bd0000 - 0x00007ff893bda000 	C:\windows\SYSTEM32\VERSION.dll
0x00007ff899bb0000 - 0x00007ff899bdd000 	C:\windows\SYSTEM32\WINMMBASE.dll
0x00007ff89cf80000 - 0x00007ff89cfca000 	C:\windows\System32\cfgmgr32.dll
0x00007ff89bed0000 - 0x00007ff89bee1000 	C:\windows\System32\kernel.appcore.dll
0x00007ff882fb0000 - 0x00007ff882fc0000 	C:\Program Files\Java\jre1.8.0_281\bin\verify.dll
0x00007ff871760000 - 0x00007ff87178b000 	C:\Program Files\Java\jre1.8.0_281\bin\java.dll
0x00007ff874160000 - 0x00007ff874178000 	C:\Program Files\Java\jre1.8.0_281\bin\zip.dll
0x00007ff89e6f0000 - 0x00007ff89edd8000 	C:\windows\System32\SHELL32.dll
0x00007ff89d910000 - 0x00007ff89d9b7000 	C:\windows\System32\shcore.dll
0x00007ff89c370000 - 0x00007ff89caeb000 	C:\windows\System32\windows.storage.dll
0x00007ff89bea0000 - 0x00007ff89bec3000 	C:\windows\System32\profapi.dll
0x00007ff89bef0000 - 0x00007ff89bf3a000 	C:\windows\System32\powrprof.dll
0x00007ff89be70000 - 0x00007ff89be80000 	C:\windows\System32\UMPDC.dll
0x00007ff89d4c0000 - 0x00007ff89d512000 	C:\windows\System32\shlwapi.dll
0x00007ff89bf40000 - 0x00007ff89bf57000 	C:\windows\System32\cryptsp.dll
0x00007ff85d230000 - 0x00007ff85d3c5000 	C:\Program Files\Java\jre1.8.0_281\bin\awt.dll
0x00007ff89e430000 - 0x00007ff89e4f5000 	C:\windows\System32\OLEAUT32.dll
0x00007ff899ce0000 - 0x00007ff899d6f000 	C:\windows\SYSTEM32\apphelp.dll
0x00007ff89a4e0000 - 0x00007ff89a50d000 	C:\windows\system32\DWMAPI.DLL
0x00007ff899ea0000 - 0x00007ff899f39000 	C:\windows\system32\uxtheme.dll
0x00007ff85b9e0000 - 0x00007ff85bb36000 	C:\windows\system32\opengl32.dll
0x00007ff870830000 - 0x00007ff87085c000 	C:\windows\SYSTEM32\GLU32.dll
0x00007ff89ab20000 - 0x00007ff89ab40000 	C:\windows\SYSTEM32\dxcore.dll
0x00007ff89d070000 - 0x00007ff89d1a5000 	C:\windows\System32\MSCTF.dll
0x00007ff89d5c0000 - 0x00007ff89d717000 	C:\windows\System32\ole32.dll
0x00007ff85a150000 - 0x00007ff85a317000 	C:\windows\system32\d3d9.dll
0x00007ff894c10000 - 0x00007ff894ded000 	C:\windows\System32\DriverStore\FileRepository\u0342612.inf_amd64_f45480a6fb163a4b\B342328\aticfx64.dll
0x00007ff86d860000 - 0x00007ff86d890000 	C:\windows\System32\DriverStore\FileRepository\u0342612.inf_amd64_f45480a6fb163a4b\B342328\atiu9p64.dll
0x00007ff857310000 - 0x00007ff857fdb000 	C:\windows\System32\DriverStore\FileRepository\u0342612.inf_amd64_f45480a6fb163a4b\B342328\atiumd64.dll
0x000000005cf40000 - 0x000000005dcc3000 	C:\windows\System32\DriverStore\FileRepository\u0342612.inf_amd64_f45480a6fb163a4b\B342328\atiumd6a.dll
0x00007ff873dd0000 - 0x00007ff873dec000 	C:\Program Files\Java\jre1.8.0_281\bin\net.dll
0x00007ff89b650000 - 0x00007ff89b6b7000 	C:\windows\system32\mswsock.dll
0x00007ff8737b0000 - 0x00007ff8737c3000 	C:\Program Files\Java\jre1.8.0_281\bin\nio.dll
0x00007ff89b1d0000 - 0x00007ff89b203000 	C:\windows\system32\rsaenh.dll
0x00007ff89cf50000 - 0x00007ff89cf76000 	C:\windows\System32\bcrypt.dll
0x00007ff89bd50000 - 0x00007ff89bd75000 	C:\windows\SYSTEM32\USERENV.dll
0x00007ff89b820000 - 0x00007ff89b82c000 	C:\windows\SYSTEM32\CRYPTBASE.dll
0x00007ff89b360000 - 0x00007ff89b39a000 	C:\windows\SYSTEM32\IPHLPAPI.DLL
0x00007ff89e050000 - 0x00007ff89e058000 	C:\windows\System32\NSI.dll
0x00007ff89a760000 - 0x00007ff89a776000 	C:\windows\SYSTEM32\dhcpcsvc6.DLL
0x00007ff89a740000 - 0x00007ff89a75c000 	C:\windows\SYSTEM32\dhcpcsvc.DLL
0x00007ff89b3a0000 - 0x00007ff89b46b000 	C:\windows\SYSTEM32\DNSAPI.dll
0x0000000180000000 - 0x0000000180032000 	C:\Users\phainon\AppData\Local\Temp\jna7105676645056872913.tmp
0x00007ff85ee50000 - 0x00007ff85ee99000 	C:\Program Files\Java\jre1.8.0_281\bin\fontmanager.dll
0x00007ff896be0000 - 0x00007ff896c8e000 	C:\windows\SYSTEM32\mscms.dll
0x00007ff896bb0000 - 0x00007ff896bc7000 	C:\windows\SYSTEM32\ColorAdapterClient.dll
0x00007ff85d820000 - 0x00007ff85d863000 	C:\windows\SYSTEM32\icm32.dll
0x00007ff893670000 - 0x00007ff8936b3000 	C:\Program Files\Java\jre1.8.0_281\bin\t2k.dll
0x00007ff8938a0000 - 0x00007ff8938ca000 	C:\Program Files\Java\jre1.8.0_281\bin\dcpr.dll
0x00007ff89a830000 - 0x00007ff89aa24000 	C:\windows\SYSTEM32\dbghelp.dll

VM Arguments:
java_command: C:\Users\phainon\Downloads\Kim Dokja shimejiee\Shimeji-ee.jar
java_class_path (initial): C:\Users\phainon\Downloads\Kim Dokja shimejiee\Shimeji-ee.jar
Launcher Type: SUN_STANDARD

Environment Variables:
PATH=C:\Program Files (x86)\Common Files\Oracle\Java\javapath;C:\windows\system32;C:\windows;C:\windows\System32\Wbem;C:\windows\System32\WindowsPowerShell\v1.0\;C:\windows\System32\OpenSSH\;C:\Users\phainon\AppData\Local\Microsoft\WindowsApps;
USERNAME=phainon
OS=Windows_NT
PROCESSOR_IDENTIFIER=AMD64 Family 23 Model 24 Stepping 1, AuthenticAMD



---------------  S Y S T E M  ---------------

OS: Windows 10.0 , 64 bit Build 18362 (10.0.18362.1316)

CPU:total 4 (initial active 4) (4 cores per cpu, 1 threads per core) family 23 model 24 stepping 1, cmov, cx8, fxsr, mmx, sse, sse2, sse3, ssse3, sse4.1, sse4.2, popcnt, avx, avx2, aes, clmul, mmxext, 3dnowpref, lzcnt, sse4a, tsc, tscinvbit, tscinv, bmi1

Memory: 4k page, physical 3582420k(882564k free), swap 11184596k(6415592k free)

vm_info: Java HotSpot(TM) 64-Bit Server VM (25.281-b09) for windows-amd64 JRE (1.8.0_281-b09), built on Dec  9 2020 13:54:07 by "" with MS VC++ 15.9 (VS2017)

time: Fri Jan 29 14:27:21 2021
timezone: Malay Peninsula Standard Time
elapsed time: 2676.625113 seconds (0d 0h 44m 36s)

