#
# A fatal error has been detected by the Java Runtime Environment:
#
#  EXCEPTION_ACCESS_VIOLATION (0xc0000005) at pc=0x0000000065b99d13, pid=11204, tid=0x00000000000020ac
#
# JRE version: Java(TM) SE Runtime Environment (8.0_281-b09) (build 1.8.0_281-b09)
# Java VM: Java HotSpot(TM) 64-Bit Server VM (25.281-b09 mixed mode windows-amd64 compressed oops)
# Problematic frame:
# V  [jvm.dll+0x149d13]
#
# Failed to write core dump. Minidumps are not enabled by default on client versions of Windows
#
# If you would like to submit a bug report, please visit:
#   http://bugreport.java.com/bugreport/crash.jsp
#

---------------  T H R E A D  ---------------

Current thread (0x000002699cc3d000):  JavaThread "Thread-7" [_thread_in_vm, id=8364, stack(0x0000007a33900000,0x0000007a33a00000)]

siginfo: ExceptionCode=0xc0000005, reading address 0x0000000000000000

Registers:
RAX=0x0000000000000000, RBX=0x000002699cc3d000, RCX=0x0000000000000d00, RDX=0x000002699cd2a4c0
RSP=0x0000007a339fe9f0, RBP=0x000002699cc3d000, RSI=0x0000000000000000, RDI=0x0000000000000000
R8 =0x0000000000000000, R9 =0x0000000000000010, R10=0x000000000000316e, R11=0x0000000066228a5c
R12=0x0000000000000000, R13=0x0000000000000000, R14=0x000002699cd2a4c0, R15=0x000002699cc3d000
RIP=0x0000000065b99d13, EFLAGS=0x0000000000010246

Top of Stack: (sp=0x0000007a339fe9f0)
0x0000007a339fe9f0:   0000000000000000 0000000000000000
0x0000007a339fea00:   0000000000000000 0000007a339feb10
0x0000007a339fea10:   0000007a339febf0 00000001800012ca
0x0000007a339fea20:   00000000c96d9368 0000007a339feb10
0x0000007a339fea30:   0000000000000000 0000000000000000
0x0000007a339fea40:   0000007a339ff280 0000000180002440
0x0000007a339fea50:   0000000000000000 00000001800011a9
0x0000007a339fea60:   0000026992bb6000 0000026995238840
0x0000007a339fea70:   000002699cc3d000 0000000065d7e4d2
0x0000007a339fea80:   0000000065c5abc0 0000000000000000
0x0000007a339fea90:   0000000000000000 000002699cc3d000
0x0000007a339feaa0:   0000007a339feb18 0000000180002440
0x0000007a339feab0:   0000000000000000 0000000180001173
0x0000007a339feac0:   0000007a339feb58 0000000180002440
0x0000007a339fead0:   0000000000000000 000000018000113a
0x0000007a339feae0:   00000000c96d9368 0000007a339feb10 

Instructions: (pc=0x0000000065b99d13)
0x0000000065b99cf3:   00 40 b7 01 4d 85 f6 0f 84 84 00 00 00 40 32 ff
0x0000000065b99d03:   40 f6 c6 01 74 0a 48 8b ce e8 4f 26 0c 00 eb 03
0x0000000065b99d13:   48 8b 06 48 8b c8 e8 f2 4d f2 ff 48 8b f0 48 85
0x0000000065b99d23:   c0 74 5e 41 f6 c6 01 74 0a 49 8b ce e8 2c 26 0c 


Register to memory mapping:

RAX=0x0000000000000000 is an unknown value
RBX=0x000002699cc3d000 is a thread
RCX=0x0000000000000d00 is an unknown value
RDX=0x000002699cd2a4c0 is an unknown value
RSP=0x0000007a339fe9f0 is pointing into the stack for thread: 0x000002699cc3d000
RBP=0x000002699cc3d000 is a thread
RSI=0x0000000000000000 is an unknown value
RDI=0x0000000000000000 is an unknown value
R8 =0x0000000000000000 is an unknown value
R9 =0x0000000000000010 is an unknown value
R10=0x000000000000316e is an unknown value
R11=0x0000000066228a5c is an unknown value
R12=0x0000000000000000 is an unknown value
R13=0x0000000000000000 is an unknown value
R14=0x000002699cd2a4c0 is an unknown value
R15=0x000002699cc3d000 is a thread


Stack: [0x0000007a33900000,0x0000007a33a00000],  sp=0x0000007a339fe9f0,  free space=1018k
Native frames: (J=compiled Java code, j=interpreted, Vv=VM code, C=native code)
V  [jvm.dll+0x149d13]
C  [jna977047098699888386.tmp+0x12ca]
C  [jna977047098699888386.tmp+0x2487]
C  0x000002698428122c

Java frames: (J=compiled Java code, j=interpreted, Vv=VM code)
J 1031  com.sun.jna.Function.invokeInt(I[Ljava/lang/Object;)I (0 bytes) @ 0x000002698428118f [0x0000026984281140+0x4f]
J 2365 C2 com.sun.jna.Function.invoke([Ljava/lang/Object;Ljava/lang/Class;Z)Ljava/lang/Object; (1141 bytes) @ 0x00000269845ef538 [0x00000269845ef280+0x2b8]
J 2363 C2 com.sun.jna.Function.invoke(Ljava/lang/Class;[Ljava/lang/Object;Ljava/util/Map;)Ljava/lang/Object; (572 bytes) @ 0x00000269845fbf38 [0x00000269845fb060+0xed8]
J 2377 C2 com.sun.jna.Library$Handler.invoke(Ljava/lang/Object;Ljava/lang/reflect/Method;[Ljava/lang/Object;)Ljava/lang/Object; (348 bytes) @ 0x00000269845f66a8 [0x00000269845f61e0+0x4c8]
J 6188 C2 com.group_finity.mascot.win.WindowsEnvironment.tick()V (72 bytes) @ 0x0000026984e4fed8 [0x0000026984e4efc0+0xf18]
J 6402% C2 com.group_finity.mascot.Manager$2.run()V (70 bytes) @ 0x0000026984ef7f08 [0x0000026984ef7580+0x988]
v  ~StubRoutines::call_stub

---------------  P R O C E S S  ---------------

Java Threads: ( => current thread )
  0x0000026997b4d800 JavaThread "Thread-5" [_thread_in_native, id=10392, stack(0x0000007a33c00000,0x0000007a33d00000)]
  0x000002699cc42800 JavaThread "Thread-2" daemon [_thread_in_native, id=2840, stack(0x0000007a33400000,0x0000007a33500000)]
  0x000002699cc41000 JavaThread "SIGTERM handler" daemon [_thread_blocked, id=9044, stack(0x0000007a33000000,0x0000007a33100000)]
  0x000002699cc3e000 JavaThread "TimerQueue" daemon [_thread_blocked, id=7948, stack(0x0000007a32e00000,0x0000007a32f00000)]
  0x000002699cc40000 JavaThread "DestroyJavaVM" [_thread_blocked, id=8064, stack(0x0000007a31a00000,0x0000007a31b00000)]
=>0x000002699cc3d000 JavaThread "Thread-7" [_thread_in_vm, id=8364, stack(0x0000007a33900000,0x0000007a33a00000)]
  0x000002699ca65000 JavaThread "AWT-EventQueue-0" [_thread_blocked, id=12896, stack(0x0000007a33800000,0x0000007a33900000)]
  0x000002699ca5f000 JavaThread "AWT-Shutdown" [_thread_blocked, id=10520, stack(0x0000007a33700000,0x0000007a33800000)]
  0x00000269978c7800 JavaThread "Thread-4" daemon [_thread_blocked, id=12272, stack(0x0000007a32b00000,0x0000007a32c00000)]
  0x00000269971a5800 JavaThread "AWT-Windows" daemon [_thread_in_native, id=9536, stack(0x0000007a32c00000,0x0000007a32d00000)]
  0x000002699719e800 JavaThread "Java2D Disposer" daemon [_thread_blocked, id=11004, stack(0x0000007a32a00000,0x0000007a32b00000)]
  0x0000026996f25800 JavaThread "Thread-1" daemon [_thread_blocked, id=1676, stack(0x0000007a32900000,0x0000007a32a00000)]
  0x00000269962c1800 JavaThread "Service Thread" daemon [_thread_blocked, id=5996, stack(0x0000007a32700000,0x0000007a32800000)]
  0x00000269962bd800 JavaThread "C1 CompilerThread2" daemon [_thread_blocked, id=2664, stack(0x0000007a32600000,0x0000007a32700000)]
  0x00000269962bd000 JavaThread "C2 CompilerThread1" daemon [_thread_blocked, id=2168, stack(0x0000007a32500000,0x0000007a32600000)]
  0x0000026996256800 JavaThread "C2 CompilerThread0" daemon [_thread_blocked, id=7476, stack(0x0000007a32400000,0x0000007a32500000)]
  0x0000026996253000 JavaThread "Attach Listener" daemon [_thread_blocked, id=9912, stack(0x0000007a32300000,0x0000007a32400000)]
  0x0000026996252000 JavaThread "Signal Dispatcher" daemon [_thread_blocked, id=5700, stack(0x0000007a32200000,0x0000007a32300000)]
  0x0000026995b07000 JavaThread "Finalizer" daemon [_thread_blocked, id=5168, stack(0x0000007a32100000,0x0000007a32200000)]
  0x0000026995afd000 JavaThread "Reference Handler" daemon [_thread_blocked, id=9920, stack(0x0000007a32000000,0x0000007a32100000)]

Other Threads:
  0x0000026996214800 VMThread [stack: 0x0000007a31f00000,0x0000007a32000000] [id=11672]
  0x00000269962c4800 WatcherThread [stack: 0x0000007a32800000,0x0000007a32900000] [id=11572]

VM state:not at safepoint (normal execution)

VM Mutex/Monitor currently owned by a thread: None

heap address: 0x00000000c9400000, size: 876 MB, Compressed Oops mode: 32-bit
Narrow klass base: 0x0000000000000000, Narrow klass shift: 3
Compressed class space size: 1073741824 Address: 0x0000000100000000

Heap:
 PSYoungGen      total 4608K, used 2218K [0x00000000edc00000, 0x00000000ee180000, 0x0000000100000000)
  eden space 3584K, 48% used [0x00000000edc00000,0x00000000eddb2b90,0x00000000edf80000)
  from space 1024K, 46% used [0x00000000edf80000,0x00000000edff8000,0x00000000ee080000)
  to   space 1024K, 0% used [0x00000000ee080000,0x00000000ee080000,0x00000000ee180000)
 ParOldGen       total 26112K, used 23033K [0x00000000c9400000, 0x00000000cad80000, 0x00000000edc00000)
  object space 26112K, 88% used [0x00000000c9400000,0x00000000caa7e790,0x00000000cad80000)
 Metaspace       used 23929K, capacity 25368K, committed 27824K, reserved 1073152K
  class space    used 2690K, capacity 3107K, committed 4016K, reserved 1048576K

Card table byte_map: [0x0000026993200000,0x00000269933c0000] byte_map_base: 0x0000026992bb6000

Marking Bits: (ParMarkBitMap*) 0x0000000066236ff0
 Begin Bits: [0x00000269934f0000, 0x00000269942a0000)
 End Bits:   [0x00000269942a0000, 0x0000026995050000)

Polling page: 0x00000269824f0000

CodeCache: size=245760Kb used=19668Kb max_used=21116Kb free=226091Kb
 bounds [0x0000026983e40000, 0x0000026985320000, 0x0000026992e40000]
 total_blobs=6479 nmethods=5884 adapters=506
 compilation: enabled

Compilation events (10 events):
Event: 36159.726 Thread 0x0000026996256800 8535       4       java.lang.Class::getSimpleName (120 bytes)
Event: 36159.757 Thread 0x0000026996256800 nmethod 8535 0x0000026985165d10 code [0x0000026985165f40, 0x0000026985166ed0]
Event: 36175.848 Thread 0x00000269962bd800 8536   !   3       com.sun.proxy.$Proxy0::IsIconic (39 bytes)
Event: 36175.849 Thread 0x00000269962bd800 nmethod 8536 0x0000026984488650 code [0x0000026984488800, 0x0000026984488e80]
Event: 36201.780 Thread 0x00000269962bd800 8537       3       java.util.logging.LogManager$LoggerContext::ensureDefaultLogger (70 bytes)
Event: 36201.782 Thread 0x00000269962bd800 nmethod 8537 0x00000269849d5350 code [0x00000269849d5500, 0x00000269849d5d90]
Event: 36201.824 Thread 0x00000269962bd800 8538       3       java.util.logging.LogManager$LoggerContext::getRootLogger (8 bytes)
Event: 36201.824 Thread 0x00000269962bd800 nmethod 8538 0x00000269849ccdd0 code [0x00000269849ccf20, 0x00000269849cd138]
Event: 36201.825 Thread 0x00000269962bd800 8539       3       java.util.logging.LogManager$LoggerContext::getGlobalLogger (6 bytes)
Event: 36201.825 Thread 0x00000269962bd800 nmethod 8539 0x00000269842a2790 code [0x00000269842a28e0, 0x00000269842a2a38]

GC Heap History (10 events):
Event: 36191.567 GC heap before
{Heap before GC invocations=5166 (full 17):
 PSYoungGen      total 4608K, used 4000K [0x00000000edc00000, 0x00000000ee180000, 0x0000000100000000)
  eden space 3584K, 100% used [0x00000000edc00000,0x00000000edf80000,0x00000000edf80000)
  from space 1024K, 40% used [0x00000000ee080000,0x00000000ee0e8000,0x00000000ee180000)
  to   space 1024K, 0% used [0x00000000edf80000,0x00000000edf80000,0x00000000ee080000)
 ParOldGen       total 26112K, used 22921K [0x00000000c9400000, 0x00000000cad80000, 0x00000000edc00000)
  object space 26112K, 87% used [0x00000000c9400000,0x00000000caa62790,0x00000000cad80000)
 Metaspace       used 23892K, capacity 25368K, committed 27824K, reserved 1073152K
  class space    used 2687K, capacity 3107K, committed 4016K, reserved 1048576K
Event: 36191.570 GC heap after
Heap after GC invocations=5166 (full 17):
 PSYoungGen      total 4608K, used 384K [0x00000000edc00000, 0x00000000ee180000, 0x0000000100000000)
  eden space 3584K, 0% used [0x00000000edc00000,0x00000000edc00000,0x00000000edf80000)
  from space 1024K, 37% used [0x00000000edf80000,0x00000000edfe0000,0x00000000ee080000)
  to   space 1024K, 0% used [0x00000000ee080000,0x00000000ee080000,0x00000000ee180000)
 ParOldGen       total 26112K, used 22945K [0x00000000c9400000, 0x00000000cad80000, 0x00000000edc00000)
  object space 26112K, 87% used [0x00000000c9400000,0x00000000caa68790,0x00000000cad80000)
 Metaspace       used 23892K, capacity 25368K, committed 27824K, reserved 1073152K
  class space    used 2687K, capacity 3107K, committed 4016K, reserved 1048576K
}
Event: 36193.448 GC heap before
{Heap before GC invocations=5167 (full 17):
 PSYoungGen      total 4608K, used 3968K [0x00000000edc00000, 0x00000000ee180000, 0x0000000100000000)
  eden space 3584K, 100% used [0x00000000edc00000,0x00000000edf80000,0x00000000edf80000)
  from space 1024K, 37% used [0x00000000edf80000,0x00000000edfe0000,0x00000000ee080000)
  to   space 1024K, 0% used [0x00000000ee080000,0x00000000ee080000,0x00000000ee180000)
 ParOldGen       total 26112K, used 22945K [0x00000000c9400000, 0x00000000cad80000, 0x00000000edc00000)
  object space 26112K, 87% used [0x00000000c9400000,0x00000000caa68790,0x00000000cad80000)
 Metaspace       used 23892K, capacity 25368K, committed 27824K, reserved 1073152K
  class space    used 2687K, capacity 3107K, committed 4016K, reserved 1048576K
Event: 36193.451 GC heap after
Heap after GC invocations=5167 (full 17):
 PSYoungGen      total 4608K, used 416K [0x00000000edc00000, 0x00000000ee180000, 0x0000000100000000)
  eden space 3584K, 0% used [0x00000000edc00000,0x00000000edc00000,0x00000000edf80000)
  from space 1024K, 40% used [0x00000000ee080000,0x00000000ee0e8000,0x00000000ee180000)
  to   space 1024K, 0% used [0x00000000edf80000,0x00000000edf80000,0x00000000ee080000)
 ParOldGen       total 26112K, used 22969K [0x00000000c9400000, 0x00000000cad80000, 0x00000000edc00000)
  object space 26112K, 87% used [0x00000000c9400000,0x00000000caa6e790,0x00000000cad80000)
 Metaspace       used 23892K, capacity 25368K, committed 27824K, reserved 1073152K
  class space    used 2687K, capacity 3107K, committed 4016K, reserved 1048576K
}
Event: 36195.448 GC heap before
{Heap before GC invocations=5168 (full 17):
 PSYoungGen      total 4608K, used 4000K [0x00000000edc00000, 0x00000000ee180000, 0x0000000100000000)
  eden space 3584K, 100% used [0x00000000edc00000,0x00000000edf80000,0x00000000edf80000)
  from space 1024K, 40% used [0x00000000ee080000,0x00000000ee0e8000,0x00000000ee180000)
  to   space 1024K, 0% used [0x00000000edf80000,0x00000000edf80000,0x00000000ee080000)
 ParOldGen       total 26112K, used 22969K [0x00000000c9400000, 0x00000000cad80000, 0x00000000edc00000)
  object space 26112K, 87% used [0x00000000c9400000,0x00000000caa6e790,0x00000000cad80000)
 Metaspace       used 23892K, capacity 25368K, committed 27824K, reserved 1073152K
  class space    used 2687K, capacity 3107K, committed 4016K, reserved 1048576K
Event: 36195.451 GC heap after
Heap after GC invocations=5168 (full 17):
 PSYoungGen      total 4608K, used 448K [0x00000000edc00000, 0x00000000ee180000, 0x0000000100000000)
  eden space 3584K, 0% used [0x00000000edc00000,0x00000000edc00000,0x00000000edf80000)
  from space 1024K, 43% used [0x00000000edf80000,0x00000000edff0000,0x00000000ee080000)
  to   space 1024K, 0% used [0x00000000ee080000,0x00000000ee080000,0x00000000ee180000)
 ParOldGen       total 26112K, used 22993K [0x00000000c9400000, 0x00000000cad80000, 0x00000000edc00000)
  object space 26112K, 88% used [0x00000000c9400000,0x00000000caa74790,0x00000000cad80000)
 Metaspace       used 23892K, capacity 25368K, committed 27824K, reserved 1073152K
  class space    used 2687K, capacity 3107K, committed 4016K, reserved 1048576K
}
Event: 36198.529 GC heap before
{Heap before GC invocations=5169 (full 17):
 PSYoungGen      total 4608K, used 4032K [0x00000000edc00000, 0x00000000ee180000, 0x0000000100000000)
  eden space 3584K, 100% used [0x00000000edc00000,0x00000000edf80000,0x00000000edf80000)
  from space 1024K, 43% used [0x00000000edf80000,0x00000000edff0000,0x00000000ee080000)
  to   space 1024K, 0% used [0x00000000ee080000,0x00000000ee080000,0x00000000ee180000)
 ParOldGen       total 26112K, used 22993K [0x00000000c9400000, 0x00000000cad80000, 0x00000000edc00000)
  object space 26112K, 88% used [0x00000000c9400000,0x00000000caa74790,0x00000000cad80000)
 Metaspace       used 23892K, capacity 25368K, committed 27824K, reserved 1073152K
  class space    used 2687K, capacity 3107K, committed 4016K, reserved 1048576K
Event: 36198.532 GC heap after
Heap after GC invocations=5169 (full 17):
 PSYoungGen      total 4608K, used 608K [0x00000000edc00000, 0x00000000ee180000, 0x0000000100000000)
  eden space 3584K, 0% used [0x00000000edc00000,0x00000000edc00000,0x00000000edf80000)
  from space 1024K, 59% used [0x00000000ee080000,0x00000000ee118000,0x00000000ee180000)
  to   space 1024K, 0% used [0x00000000edf80000,0x00000000edf80000,0x00000000ee080000)
 ParOldGen       total 26112K, used 23009K [0x00000000c9400000, 0x00000000cad80000, 0x00000000edc00000)
  object space 26112K, 88% used [0x00000000c9400000,0x00000000caa78790,0x00000000cad80000)
 Metaspace       used 23892K, capacity 25368K, committed 27824K, reserved 1073152K
  class space    used 2687K, capacity 3107K, committed 4016K, reserved 1048576K
}
Event: 36200.889 GC heap before
{Heap before GC invocations=5170 (full 17):
 PSYoungGen      total 4608K, used 4192K [0x00000000edc00000, 0x00000000ee180000, 0x0000000100000000)
  eden space 3584K, 100% used [0x00000000edc00000,0x00000000edf80000,0x00000000edf80000)
  from space 1024K, 59% used [0x00000000ee080000,0x00000000ee118000,0x00000000ee180000)
  to   space 1024K, 0% used [0x00000000edf80000,0x00000000edf80000,0x00000000ee080000)
 ParOldGen       total 26112K, used 23009K [0x00000000c9400000, 0x00000000cad80000, 0x00000000edc00000)
  object space 26112K, 88% used [0x00000000c9400000,0x00000000caa78790,0x00000000cad80000)
 Metaspace       used 23892K, capacity 25368K, committed 27824K, reserved 1073152K
  class space    used 2687K, capacity 3107K, committed 4016K, reserved 1048576K
Event: 36200.892 GC heap after
Heap after GC invocations=5170 (full 17):
 PSYoungGen      total 4608K, used 480K [0x00000000edc00000, 0x00000000ee180000, 0x0000000100000000)
  eden space 3584K, 0% used [0x00000000edc00000,0x00000000edc00000,0x00000000edf80000)
  from space 1024K, 46% used [0x00000000edf80000,0x00000000edff8000,0x00000000ee080000)
  to   space 1024K, 0% used [0x00000000ee080000,0x00000000ee080000,0x00000000ee180000)
 ParOldGen       total 26112K, used 23033K [0x00000000c9400000, 0x00000000cad80000, 0x00000000edc00000)
  object space 26112K, 88% used [0x00000000c9400000,0x00000000caa7e790,0x00000000cad80000)
 Metaspace       used 23892K, capacity 25368K, committed 27824K, reserved 1073152K
  class space    used 2687K, capacity 3107K, committed 4016K, reserved 1048576K
}

Deoptimization events (10 events):
Event: 31329.026 Thread 0x000002699cc3d000 Uncommon trap: reason=intrinsic action=reinterpret pc=0x0000026985146ccc method=java.lang.invoke.LambdaForm$MH/369049246.guard(Ljava/lang/Object;Ljava/lang/Object;)Ljava/lang/Object; @ 46
Event: 31417.225 Thread 0x000002699cc3d000 Uncommon trap: reason=intrinsic action=reinterpret pc=0x000002698514504c method=java.lang.invoke.LambdaForm$MH/369049246.guard(Ljava/lang/Object;Ljava/lang/Object;)Ljava/lang/Object; @ 46
Event: 32508.047 Thread 0x000002699cc3d000 Uncommon trap: reason=intrinsic action=reinterpret pc=0x000002698507a308 method=java.lang.invoke.LambdaForm$MH/369049246.guard(Ljava/lang/Object;Ljava/lang/Object;)Ljava/lang/Object; @ 46
Event: 33275.558 Thread 0x000002699cc3d000 Uncommon trap: reason=intrinsic action=reinterpret pc=0x0000026985079ff8 method=java.lang.invoke.LambdaForm$MH/369049246.guard(Ljava/lang/Object;Ljava/lang/Object;)Ljava/lang/Object; @ 46
Event: 34922.803 Thread 0x000002699cc3d000 Uncommon trap: reason=intrinsic action=reinterpret pc=0x000002698516640c method=java.lang.invoke.LambdaForm$MH/369049246.guard(Ljava/lang/Object;Ljava/lang/Object;)Ljava/lang/Object; @ 46
Event: 35264.162 Thread 0x000002699cc3d000 Uncommon trap: reason=intrinsic action=reinterpret pc=0x000002698516478c method=java.lang.invoke.LambdaForm$MH/369049246.guard(Ljava/lang/Object;Ljava/lang/Object;)Ljava/lang/Object; @ 46
Event: 36066.288 Thread 0x000002699cc3d000 Uncommon trap: reason=unhandled action=reinterpret pc=0x00000269844ad3e0 method=java.lang.invoke.CallSite.<init>(Ljava/lang/invoke/MethodType;)V @ 10
Event: 36201.811 Thread 0x000002699cc43000 Uncommon trap: reason=unstable_if action=reinterpret pc=0x0000026984f8d274 method=sun.java2d.d3d.D3DScreenUpdateManager.run()V @ 4
Event: 36201.814 Thread 0x000002699cc3f800 Uncommon trap: reason=unstable_if action=reinterpret pc=0x0000026984282214 method=java.util.HashMap.clear()V @ 23
Event: 36201.814 Thread 0x0000026997b4d800 Uncommon trap: reason=unstable_if action=reinterpret pc=0x000002698461d0a4 method=java.lang.reflect.Field.get(Ljava/lang/Object;)Ljava/lang/Object; @ 4

Classes redefined (0 events):
No events

Internal exceptions (10 events):
Event: 20437.452 Thread 0x000002699cc3d000 Implicit null exception at 0x0000026984d342cb to 0x0000026984d34edd
Event: 20437.453 Thread 0x000002699cc3d000 Implicit null exception at 0x000002698442f867 to 0x00000269844308a9
Event: 20437.454 Thread 0x000002699cc3d000 Implicit null exception at 0x00000269844ee636 to 0x00000269844ee955
Event: 20444.179 Thread 0x000002699cc3d000 Implicit null exception at 0x000002698465ede5 to 0x000002698465ee61
Event: 20444.179 Thread 0x000002699cc3d000 Implicit null exception at 0x00000269846c0420 to 0x00000269846c058d
Event: 20444.206 Thread 0x000002699cc3d000 Implicit null exception at 0x00000269849d8e3d to 0x00000269849da1d1
Event: 20444.211 Thread 0x000002699cc3d000 Implicit null exception at 0x00000269847fa933 to 0x00000269848002d1
Event: 20444.212 Thread 0x000002699cc3d000 Implicit null exception at 0x0000026984267b07 to 0x0000026984267b95
Event: 20444.213 Thread 0x000002699cc3d000 Implicit null exception at 0x000002698493dfda to 0x000002698493e25d
Event: 21721.411 Thread 0x000002699ca65000 Implicit null exception at 0x0000026984fa37ac to 0x0000026984fa48b5

Events (10 events):
Event: 36201.813 Executing VM operation: RevokeBias done
Event: 36201.813 Thread 0x000002699cc43000 Thread exited: 0x000002699cc43000
Event: 36201.813 Thread 0x000002699cc3e800 Thread exited: 0x000002699cc3e800
Event: 36201.814 Thread 0x000002699cc3f800 Uncommon trap: trap_request=0xffffff65 fr.pc=0x0000026984282214
Event: 36201.814 Thread 0x000002699cc3f800 DEOPT PACKING pc=0x0000026984282214 sp=0x0000007a333fed10
Event: 36201.814 Thread 0x000002699cc3f800 DEOPT UNPACKING pc=0x0000026983e85843 sp=0x0000007a333fec60 mode 2
Event: 36201.814 Thread 0x0000026997b4d800 Uncommon trap: trap_request=0xffffff65 fr.pc=0x000002698461d0a4
Event: 36201.814 Thread 0x0000026997b4d800 DEOPT PACKING pc=0x000002698461d0a4 sp=0x0000007a33cfeff0
Event: 36201.814 Thread 0x0000026997b4d800 DEOPT UNPACKING pc=0x0000026983e85843 sp=0x0000007a33cfefa0 mode 2
Event: 36201.824 Thread 0x000002699cc3f800 Thread exited: 0x000002699cc3f800


Dynamic libraries:
0x00007ff6cfe60000 - 0x00007ff6cfea7000 	C:\Program Files\Java\jre1.8.0_281\bin\javaw.exe
0x00007ffb726a0000 - 0x00007ffb72890000 	C:\windows\SYSTEM32\ntdll.dll
0x00007ffb48690000 - 0x00007ffb486a2000 	C:\Program Files\AVAST Software\Avast\aswhook.dll
0x00007ffb70750000 - 0x00007ffb70802000 	C:\windows\System32\KERNEL32.DLL
0x00007ffb6fab0000 - 0x00007ffb6fd55000 	C:\windows\System32\KERNELBASE.dll
0x00007ffb723a0000 - 0x00007ffb72443000 	C:\windows\System32\ADVAPI32.dll
0x00007ffb724b0000 - 0x00007ffb7254e000 	C:\windows\System32\msvcrt.dll
0x00007ffb71e10000 - 0x00007ffb71ea7000 	C:\windows\System32\sechost.dll
0x00007ffb71c70000 - 0x00007ffb71d8f000 	C:\windows\System32\RPCRT4.dll
0x00007ffb71170000 - 0x00007ffb71304000 	C:\windows\System32\USER32.dll
0x00007ffb70540000 - 0x00007ffb70561000 	C:\windows\System32\win32u.dll
0x00007ffb72550000 - 0x00007ffb72576000 	C:\windows\System32\GDI32.dll
0x00007ffb6f6d0000 - 0x00007ffb6f868000 	C:\windows\System32\gdi32full.dll
0x00007ffb6f9e0000 - 0x00007ffb6fa7e000 	C:\windows\System32\msvcp_win.dll
0x00007ffb6f890000 - 0x00007ffb6f98a000 	C:\windows\System32\ucrtbase.dll
0x00007ffb577b0000 - 0x00007ffb57a34000 	C:\windows\WinSxS\amd64_microsoft.windows.common-controls_6595b64144ccf1df_6.0.18362.1316_none_9e7a364fe461dbd7\COMCTL32.dll
0x00007ffb72060000 - 0x00007ffb72397000 	C:\windows\System32\combase.dll
0x00007ffb70570000 - 0x00007ffb705f1000 	C:\windows\System32\bcryptPrimitives.dll
0x00007ffb71140000 - 0x00007ffb7116e000 	C:\windows\System32\IMM32.DLL
0x00007ffb3f770000 - 0x00007ffb3f785000 	C:\Program Files\Java\jre1.8.0_281\bin\vcruntime140.dll
0x00007ffb2bcb0000 - 0x00007ffb2bd4b000 	C:\Program Files\Java\jre1.8.0_281\bin\msvcp140.dll
0x0000000065a50000 - 0x00000000662af000 	C:\Program Files\Java\jre1.8.0_281\bin\server\jvm.dll
0x00007ffb71130000 - 0x00007ffb71138000 	C:\windows\System32\PSAPI.DLL
0x00007ffb55f90000 - 0x00007ffb55f99000 	C:\windows\SYSTEM32\WSOCK32.dll
0x00007ffb71bf0000 - 0x00007ffb71c5f000 	C:\windows\System32\WS2_32.dll
0x00007ffb6bee0000 - 0x00007ffb6bf04000 	C:\windows\SYSTEM32\WINMM.dll
0x00007ffb67730000 - 0x00007ffb6773a000 	C:\windows\SYSTEM32\VERSION.dll
0x00007ffb6beb0000 - 0x00007ffb6bedd000 	C:\windows\SYSTEM32\WINMMBASE.dll
0x00007ffb6f990000 - 0x00007ffb6f9da000 	C:\windows\System32\cfgmgr32.dll
0x00007ffb6f560000 - 0x00007ffb6f571000 	C:\windows\System32\kernel.appcore.dll
0x00007ffb5d5b0000 - 0x00007ffb5d5c0000 	C:\Program Files\Java\jre1.8.0_281\bin\verify.dll
0x00007ffb3f320000 - 0x00007ffb3f34b000 	C:\Program Files\Java\jre1.8.0_281\bin\java.dll
0x00007ffb39d20000 - 0x00007ffb39d38000 	C:\Program Files\Java\jre1.8.0_281\bin\zip.dll
0x00007ffb71500000 - 0x00007ffb71be8000 	C:\windows\System32\SHELL32.dll
0x00007ffb70d60000 - 0x00007ffb70e07000 	C:\windows\System32\shcore.dll
0x00007ffb6fd60000 - 0x00007ffb704db000 	C:\windows\System32\windows.storage.dll
0x00007ffb6f5d0000 - 0x00007ffb6f5f3000 	C:\windows\System32\profapi.dll
0x00007ffb6f580000 - 0x00007ffb6f5ca000 	C:\windows\System32\powrprof.dll
0x00007ffb6f550000 - 0x00007ffb6f560000 	C:\windows\System32\UMPDC.dll
0x00007ffb72450000 - 0x00007ffb724a2000 	C:\windows\System32\shlwapi.dll
0x00007ffb6f870000 - 0x00007ffb6f887000 	C:\windows\System32\cryptsp.dll
0x00007ffb2bb10000 - 0x00007ffb2bca5000 	C:\Program Files\Java\jre1.8.0_281\bin\awt.dll
0x00007ffb71380000 - 0x00007ffb71445000 	C:\windows\System32\OLEAUT32.dll
0x00007ffb6d3c0000 - 0x00007ffb6d44f000 	C:\windows\SYSTEM32\apphelp.dll
0x00007ffb6db80000 - 0x00007ffb6dbad000 	C:\windows\system32\DWMAPI.DLL
0x00007ffb6d8d0000 - 0x00007ffb6d969000 	C:\windows\system32\uxtheme.dll
0x00007ffb2c630000 - 0x00007ffb2c786000 	C:\windows\system32\opengl32.dll
0x00007ffb428f0000 - 0x00007ffb4291c000 	C:\windows\SYSTEM32\GLU32.dll
0x00007ffb6e190000 - 0x00007ffb6e1b0000 	C:\windows\SYSTEM32\dxcore.dll
0x00007ffb70f70000 - 0x00007ffb710a5000 	C:\windows\System32\MSCTF.dll
0x00007ffb70e10000 - 0x00007ffb70f67000 	C:\windows\System32\ole32.dll
0x00007ffb4ec70000 - 0x00007ffb4ee37000 	C:\windows\system32\d3d9.dll
0x00007ffb67b20000 - 0x00007ffb67cfd000 	C:\windows\System32\DriverStore\FileRepository\u0342612.inf_amd64_f45480a6fb163a4b\B342328\aticfx64.dll
0x00007ffb5d0f0000 - 0x00007ffb5d120000 	C:\windows\System32\DriverStore\FileRepository\u0342612.inf_amd64_f45480a6fb163a4b\B342328\atiu9p64.dll
0x00007ffb2efa0000 - 0x00007ffb2fc6b000 	C:\windows\System32\DriverStore\FileRepository\u0342612.inf_amd64_f45480a6fb163a4b\B342328\atiumd64.dll
0x0000000066570000 - 0x00000000672f3000 	C:\windows\System32\DriverStore\FileRepository\u0342612.inf_amd64_f45480a6fb163a4b\B342328\atiumd6a.dll
0x00007ffb37600000 - 0x00007ffb3761c000 	C:\Program Files\Java\jre1.8.0_281\bin\net.dll
0x00007ffb6ed30000 - 0x00007ffb6ed97000 	C:\windows\system32\mswsock.dll
0x00007ffb35fb0000 - 0x00007ffb35fc3000 	C:\Program Files\Java\jre1.8.0_281\bin\nio.dll
0x00007ffb6e8b0000 - 0x00007ffb6e8e3000 	C:\windows\system32\rsaenh.dll
0x00007ffb6fa80000 - 0x00007ffb6faa6000 	C:\windows\System32\bcrypt.dll
0x00007ffb6f430000 - 0x00007ffb6f455000 	C:\windows\SYSTEM32\USERENV.dll
0x00007ffb6ef00000 - 0x00007ffb6ef0c000 	C:\windows\SYSTEM32\CRYPTBASE.dll
0x00007ffb6ea40000 - 0x00007ffb6ea7a000 	C:\windows\SYSTEM32\IPHLPAPI.DLL
0x00007ffb70810000 - 0x00007ffb70818000 	C:\windows\System32\NSI.dll
0x00007ffb6de40000 - 0x00007ffb6de56000 	C:\windows\SYSTEM32\dhcpcsvc6.DLL
0x00007ffb6de20000 - 0x00007ffb6de3c000 	C:\windows\SYSTEM32\dhcpcsvc.DLL
0x00007ffb6ea80000 - 0x00007ffb6eb4b000 	C:\windows\SYSTEM32\DNSAPI.dll
0x0000000180000000 - 0x0000000180032000 	C:\Users\phainon\AppData\Local\Temp\jna977047098699888386.tmp
0x00007ffb2bed0000 - 0x00007ffb2bf19000 	C:\Program Files\Java\jre1.8.0_281\bin\fontmanager.dll
0x00007ffb6a3f0000 - 0x00007ffb6a49e000 	C:\windows\SYSTEM32\mscms.dll
0x00007ffb6a3d0000 - 0x00007ffb6a3e7000 	C:\windows\SYSTEM32\ColorAdapterClient.dll
0x00007ffb2be80000 - 0x00007ffb2bec3000 	C:\windows\SYSTEM32\icm32.dll
0x00007ffb5d1b0000 - 0x00007ffb5d1f3000 	C:\Program Files\Java\jre1.8.0_281\bin\t2k.dll
0x00007ffb691d0000 - 0x00007ffb691fa000 	C:\Program Files\Java\jre1.8.0_281\bin\dcpr.dll
0x00007ffb6df10000 - 0x00007ffb6e104000 	C:\windows\SYSTEM32\dbghelp.dll

VM Arguments:
java_command: C:\Users\phainon\Downloads\Kim Dokja shimejiee\Shimeji-ee.jar
java_class_path (initial): C:\Users\phainon\Downloads\Kim Dokja shimejiee\Shimeji-ee.jar
Launcher Type: SUN_STANDARD

Environment Variables:
PATH=C:\Program Files (x86)\Common Files\Oracle\Java\javapath;C:\windows\system32;C:\windows;C:\windows\System32\Wbem;C:\windows\System32\WindowsPowerShell\v1.0\;C:\windows\System32\OpenSSH\;C:\Users\phainon\AppData\Local\Microsoft\WindowsApps;
USERNAME=phainon
OS=Windows_NT
PROCESSOR_IDENTIFIER=AMD64 Family 23 Model 24 Stepping 1, AuthenticAMD



---------------  S Y S T E M  ---------------

OS: Windows 10.0 , 64 bit Build 18362 (10.0.18362.1316)

CPU:total 4 (initial active 4) (4 cores per cpu, 1 threads per core) family 23 model 24 stepping 1, cmov, cx8, fxsr, mmx, sse, sse2, sse3, ssse3, sse4.1, sse4.2, popcnt, avx, avx2, aes, clmul, mmxext, 3dnowpref, lzcnt, sse4a, tsc, tscinvbit, tscinv, bmi1

Memory: 4k page, physical 3582420k(849324k free), swap 10922452k(5391020k free)

vm_info: Java HotSpot(TM) 64-Bit Server VM (25.281-b09) for windows-amd64 JRE (1.8.0_281-b09), built on Dec  9 2020 13:54:07 by "" with MS VC++ 15.9 (VS2017)

time: Tue Feb  9 19:58:23 2021
timezone: Malay Peninsula Standard Time
elapsed time: 36201.895443 seconds (0d 10h 3m 21s)

