#
# A fatal error has been detected by the Java Runtime Environment:
#
#  EXCEPTION_ACCESS_VIOLATION (0xc0000005) at pc=0x00000000579d9d13, pid=9760, tid=0x0000000000001ce4
#
# JRE version: Java(TM) SE Runtime Environment (8.0_281-b09) (build 1.8.0_281-b09)
# Java VM: Java HotSpot(TM) 64-Bit Server VM (25.281-b09 mixed mode windows-amd64 compressed oops)
# Problematic frame:
# V  [jvm.dll+0x149d13]
#
# Failed to write core dump. Minidumps are not enabled by default on client versions of Windows
#
# If you would like to submit a bug report, please visit:
#   http://bugreport.java.com/bugreport/crash.jsp
#

---------------  T H R E A D  ---------------

Current thread (0x000001e51d9b0800):  JavaThread "Thread-7" [_thread_in_vm, id=7396, stack(0x000000b76a100000,0x000000b76a200000)]

siginfo: ExceptionCode=0xc0000005, reading address 0x0000000000000000

Registers:
RAX=0x0000000000000000, RBX=0x000001e51d9b0800, RCX=0x0000000000000080, RDX=0x000001e51d643c10
RSP=0x000000b76a1feec0, RBP=0x000001e51d9b0800, RSI=0x0000000000000000, RDI=0x0000000000000000
R8 =0x0000000000000000, R9 =0x0000000000000010, R10=0x000000000000091a, R11=0x0000000058068a5c
R12=0x0000000000000000, R13=0x0000000000000000, R14=0x000001e51d643c10, R15=0x000001e51d9b0800
RIP=0x00000000579d9d13, EFLAGS=0x0000000000010246

Top of Stack: (sp=0x000000b76a1feec0)
0x000000b76a1feec0:   0000000000000000 0000000000000000
0x000000b76a1feed0:   0000000000000000 000000b76a1fefe0
0x000000b76a1feee0:   000000b76a1ff0d0 00000001800012ca
0x000000b76a1feef0:   0000000000000038 000000b76a1fefe0
0x000000b76a1fef00:   0000000000000000 0000000000000000
0x000000b76a1fef10:   000000b76a1ff700 0000000180002440
0x000000b76a1fef20:   0000000000000000 00000001800011a9
0x000000b76a1fef30:   0000000000000004 000001e515918840
0x000000b76a1fef40:   000001e51d9b0800 0000000057bbe4d2
0x000000b76a1fef50:   0000000057a9abc0 0000000000000000
0x000000b76a1fef60:   0000000000000000 000001e51d9b0800
0x000000b76a1fef70:   000000b76a1fefe8 0000000180002440
0x000000b76a1fef80:   0000000000000000 0000000180001173
0x000000b76a1fef90:   000000b76a1ff028 0000000180002440
0x000000b76a1fefa0:   0000000000000000 000000018000113a
0x000000b76a1fefb0:   0000000000000038 000000b76a1fefe0 

Instructions: (pc=0x00000000579d9d13)
0x00000000579d9cf3:   00 40 b7 01 4d 85 f6 0f 84 84 00 00 00 40 32 ff
0x00000000579d9d03:   40 f6 c6 01 74 0a 48 8b ce e8 4f 26 0c 00 eb 03
0x00000000579d9d13:   48 8b 06 48 8b c8 e8 f2 4d f2 ff 48 8b f0 48 85
0x00000000579d9d23:   c0 74 5e 41 f6 c6 01 74 0a 49 8b ce e8 2c 26 0c 


Register to memory mapping:

RAX=0x0000000000000000 is an unknown value
RBX=0x000001e51d9b0800 is a thread
RCX=0x0000000000000080 is an unknown value
RDX=0x000001e51d643c10 is an unknown value
RSP=0x000000b76a1feec0 is pointing into the stack for thread: 0x000001e51d9b0800
RBP=0x000001e51d9b0800 is a thread
RSI=0x0000000000000000 is an unknown value
RDI=0x0000000000000000 is an unknown value
R8 =0x0000000000000000 is an unknown value
R9 =0x0000000000000010 is an unknown value
R10=0x000000000000091a is an unknown value
R11=0x0000000058068a5c is an unknown value
R12=0x0000000000000000 is an unknown value
R13=0x0000000000000000 is an unknown value
R14=0x000001e51d643c10 is an unknown value
R15=0x000001e51d9b0800 is a thread


Stack: [0x000000b76a100000,0x000000b76a200000],  sp=0x000000b76a1feec0,  free space=1019k
Native frames: (J=compiled Java code, j=interpreted, Vv=VM code, C=native code)
V  [jvm.dll+0x149d13]
C  [jna4442751134038442207.tmp+0x12ca]
C  [jna4442751134038442207.tmp+0x2487]
C  0x000001e504c73cec

Java frames: (J=compiled Java code, j=interpreted, Vv=VM code)
J 2274  com.sun.jna.Function.invokeInt(I[Ljava/lang/Object;)I (0 bytes) @ 0x000001e504c73c4f [0x000001e504c73c00+0x4f]
J 2398 C2 com.sun.jna.Function.invoke([Ljava/lang/Object;Ljava/lang/Class;Z)Ljava/lang/Object; (1141 bytes) @ 0x000001e504cc1b78 [0x000001e504cc18c0+0x2b8]
J 2383 C2 com.sun.jna.Function.invoke(Ljava/lang/Class;[Ljava/lang/Object;Ljava/util/Map;)Ljava/lang/Object; (572 bytes) @ 0x000001e504cbe1d4 [0x000001e504cbd320+0xeb4]
J 2397 C2 com.sun.jna.Library$Handler.invoke(Ljava/lang/Object;Ljava/lang/reflect/Method;[Ljava/lang/Object;)Ljava/lang/Object; (348 bytes) @ 0x000001e504cc62a8 [0x000001e504cc5de0+0x4c8]
J 4848 C2 com.group_finity.mascot.win.WindowsEnvironment.tick()V (72 bytes) @ 0x000001e505215d90 [0x000001e505214aa0+0x12f0]
J 6130% C2 com.group_finity.mascot.Manager$2.run()V (70 bytes) @ 0x000001e50557a2dc [0x000001e505579e60+0x47c]
v  ~StubRoutines::call_stub

---------------  P R O C E S S  ---------------

Java Threads: ( => current thread )
  0x000001e5185b2800 JavaThread "Thread-2" daemon [_thread_in_native, id=7380, stack(0x000000b76a600000,0x000000b76a700000)]
  0x000001e5185b0000 JavaThread "Thread-5" [_thread_in_native, id=5544, stack(0x000000b76a500000,0x000000b76a600000)]
  0x000001e51e033800 JavaThread "SIGTERM handler" daemon [_thread_blocked, id=6668, stack(0x000000b769e00000,0x000000b769f00000)]
  0x000001e51dd34000 JavaThread "TimerQueue" daemon [_thread_blocked, id=7872, stack(0x000000b769d00000,0x000000b769e00000)]
  0x000001e502b3e000 JavaThread "DestroyJavaVM" [_thread_blocked, id=7568, stack(0x000000b768400000,0x000000b768500000)]
=>0x000001e51d9b0800 JavaThread "Thread-7" [_thread_in_vm, id=7396, stack(0x000000b76a100000,0x000000b76a200000)]
  0x000001e51d450000 JavaThread "AWT-EventQueue-0" [_thread_blocked, id=9048, stack(0x000000b76a000000,0x000000b76a100000)]
  0x000001e51d44b000 JavaThread "AWT-Shutdown" [_thread_blocked, id=2356, stack(0x000000b769f00000,0x000000b76a000000)]
  0x000001e5180e7000 JavaThread "Thread-4" daemon [_thread_blocked, id=11324, stack(0x000000b769500000,0x000000b769600000)]
  0x000001e51787b000 JavaThread "AWT-Windows" daemon [_thread_in_native, id=7304, stack(0x000000b769600000,0x000000b769700000)]
  0x000001e517870000 JavaThread "Java2D Disposer" daemon [_thread_blocked, id=6932, stack(0x000000b769400000,0x000000b769500000)]
  0x000001e517615000 JavaThread "Thread-1" daemon [_thread_blocked, id=11336, stack(0x000000b769300000,0x000000b769400000)]
  0x000001e51699c000 JavaThread "Service Thread" daemon [_thread_blocked, id=9520, stack(0x000000b769100000,0x000000b769200000)]
  0x000001e51693b000 JavaThread "C1 CompilerThread2" daemon [_thread_blocked, id=7824, stack(0x000000b769000000,0x000000b769100000)]
  0x000001e516934000 JavaThread "C2 CompilerThread1" daemon [_thread_blocked, id=8132, stack(0x000000b768f00000,0x000000b769000000)]
  0x000001e516931800 JavaThread "C2 CompilerThread0" daemon [_thread_blocked, id=6024, stack(0x000000b768e00000,0x000000b768f00000)]
  0x000001e516929800 JavaThread "Attach Listener" daemon [_thread_blocked, id=1464, stack(0x000000b768d00000,0x000000b768e00000)]
  0x000001e516928000 JavaThread "Signal Dispatcher" daemon [_thread_blocked, id=9432, stack(0x000000b768c00000,0x000000b768d00000)]
  0x000001e516916800 JavaThread "Finalizer" daemon [_thread_blocked, id=5652, stack(0x000000b768b00000,0x000000b768c00000)]
  0x000001e5161de800 JavaThread "Reference Handler" daemon [_thread_blocked, id=10848, stack(0x000000b768a00000,0x000000b768b00000)]

Other Threads:
  0x000001e5168f5000 VMThread [stack: 0x000000b768900000,0x000000b768a00000] [id=188]
  0x000001e5169cb000 WatcherThread [stack: 0x000000b769200000,0x000000b769300000] [id=11304]

VM state:not at safepoint (normal execution)

VM Mutex/Monitor currently owned by a thread: None

heap address: 0x00000000c9400000, size: 876 MB, Compressed Oops mode: 32-bit
Narrow klass base: 0x0000000000000000, Narrow klass shift: 3
Compressed class space size: 1073741824 Address: 0x0000000100000000

Heap:
 PSYoungGen      total 8704K, used 2428K [0x00000000edc00000, 0x00000000ee600000, 0x0000000100000000)
  eden space 7168K, 20% used [0x00000000edc00000,0x00000000edd73350,0x00000000ee300000)
  from space 1536K, 61% used [0x00000000ee300000,0x00000000ee3ec010,0x00000000ee480000)
  to   space 1536K, 0% used [0x00000000ee480000,0x00000000ee480000,0x00000000ee600000)
 ParOldGen       total 27648K, used 14321K [0x00000000c9400000, 0x00000000caf00000, 0x00000000edc00000)
  object space 27648K, 51% used [0x00000000c9400000,0x00000000ca1fc788,0x00000000caf00000)
 Metaspace       used 23000K, capacity 24248K, committed 26624K, reserved 1073152K
  class space    used 2654K, capacity 3027K, committed 3840K, reserved 1048576K

Card table byte_map: [0x000001e5138c0000,0x000001e513a80000] byte_map_base: 0x000001e513276000

Marking Bits: (ParMarkBitMap*) 0x0000000058076ff0
 Begin Bits: [0x000001e513bb0000, 0x000001e514960000)
 End Bits:   [0x000001e514960000, 0x000001e515710000)

Polling page: 0x000001e5044d0000

CodeCache: size=245760Kb used=18050Kb max_used=18127Kb free=227709Kb
 bounds [0x000001e504500000, 0x000001e505700000, 0x000001e513500000]
 total_blobs=5707 nmethods=5121 adapters=498
 compilation: enabled

Compilation events (10 events):
Event: 7674.329 Thread 0x000001e516931800 6497       4       jdk.internal.dynalink.support.AbstractCallSiteDescriptor::equals (24 bytes)
Event: 7674.329 Thread 0x000001e516934000 6498       4       jdk.internal.dynalink.support.AbstractCallSiteDescriptor::equals (91 bytes)
Event: 7674.370 Thread 0x000001e516934000 nmethod 6498 0x000001e505421610 code [0x000001e505421780, 0x000001e505421ff8]
Event: 7674.370 Thread 0x000001e516931800 nmethod 6497 0x000001e50534eed0 code [0x000001e50534f040, 0x000001e50534f938]
Event: 7675.328 Thread 0x000001e51693b000 6499       3       java.lang.invoke.LambdaForm$DMH/1838592358::invokeStatic_L_L (20 bytes)
Event: 7675.329 Thread 0x000001e51693b000 nmethod 6499 0x000001e5054656d0 code [0x000001e5054658e0, 0x000001e505466550]
Event: 7679.475 Thread 0x000001e51693b000 6500       3       java.util.logging.LogManager$LoggerContext::getRootLogger (8 bytes)
Event: 7679.476 Thread 0x000001e51693b000 nmethod 6500 0x000001e504c0f7d0 code [0x000001e504c0f920, 0x000001e504c0fb38]
Event: 7679.476 Thread 0x000001e51693b000 6501       3       java.util.logging.LogManager$LoggerContext::getGlobalLogger (6 bytes)
Event: 7679.476 Thread 0x000001e51693b000 nmethod 6501 0x000001e504c6da10 code [0x000001e504c6db60, 0x000001e504c6dcb8]

GC Heap History (10 events):
Event: 7672.486 GC heap before
{Heap before GC invocations=698 (full 3):
 PSYoungGen      total 8704K, used 8064K [0x00000000edc00000, 0x00000000ee600000, 0x0000000100000000)
  eden space 7168K, 100% used [0x00000000edc00000,0x00000000ee300000,0x00000000ee300000)
  from space 1536K, 58% used [0x00000000ee480000,0x00000000ee560000,0x00000000ee600000)
  to   space 1536K, 0% used [0x00000000ee300000,0x00000000ee300000,0x00000000ee480000)
 ParOldGen       total 27648K, used 14121K [0x00000000c9400000, 0x00000000caf00000, 0x00000000edc00000)
  object space 27648K, 51% used [0x00000000c9400000,0x00000000ca1ca788,0x00000000caf00000)
 Metaspace       used 22961K, capacity 24244K, committed 26624K, reserved 1073152K
  class space    used 2651K, capacity 3027K, committed 3840K, reserved 1048576K
Event: 7672.489 GC heap after
Heap after GC invocations=698 (full 3):
 PSYoungGen      total 8704K, used 864K [0x00000000edc00000, 0x00000000ee600000, 0x0000000100000000)
  eden space 7168K, 0% used [0x00000000edc00000,0x00000000edc00000,0x00000000ee300000)
  from space 1536K, 56% used [0x00000000ee300000,0x00000000ee3d8000,0x00000000ee480000)
  to   space 1536K, 0% used [0x00000000ee480000,0x00000000ee480000,0x00000000ee600000)
 ParOldGen       total 27648K, used 14137K [0x00000000c9400000, 0x00000000caf00000, 0x00000000edc00000)
  object space 27648K, 51% used [0x00000000c9400000,0x00000000ca1ce788,0x00000000caf00000)
 Metaspace       used 22961K, capacity 24244K, committed 26624K, reserved 1073152K
  class space    used 2651K, capacity 3027K, committed 3840K, reserved 1048576K
}
Event: 7673.847 GC heap before
{Heap before GC invocations=699 (full 3):
 PSYoungGen      total 8704K, used 8032K [0x00000000edc00000, 0x00000000ee600000, 0x0000000100000000)
  eden space 7168K, 100% used [0x00000000edc00000,0x00000000ee300000,0x00000000ee300000)
  from space 1536K, 56% used [0x00000000ee300000,0x00000000ee3d8000,0x00000000ee480000)
  to   space 1536K, 0% used [0x00000000ee480000,0x00000000ee480000,0x00000000ee600000)
 ParOldGen       total 27648K, used 14137K [0x00000000c9400000, 0x00000000caf00000, 0x00000000edc00000)
  object space 27648K, 51% used [0x00000000c9400000,0x00000000ca1ce788,0x00000000caf00000)
 Metaspace       used 22961K, capacity 24244K, committed 26624K, reserved 1073152K
  class space    used 2651K, capacity 3027K, committed 3840K, reserved 1048576K
Event: 7673.851 GC heap after
Heap after GC invocations=699 (full 3):
 PSYoungGen      total 8704K, used 736K [0x00000000edc00000, 0x00000000ee600000, 0x0000000100000000)
  eden space 7168K, 0% used [0x00000000edc00000,0x00000000edc00000,0x00000000ee300000)
  from space 1536K, 47% used [0x00000000ee480000,0x00000000ee538000,0x00000000ee600000)
  to   space 1536K, 0% used [0x00000000ee300000,0x00000000ee300000,0x00000000ee480000)
 ParOldGen       total 27648K, used 14137K [0x00000000c9400000, 0x00000000caf00000, 0x00000000edc00000)
  object space 27648K, 51% used [0x00000000c9400000,0x00000000ca1ce788,0x00000000caf00000)
 Metaspace       used 22961K, capacity 24244K, committed 26624K, reserved 1073152K
  class space    used 2651K, capacity 3027K, committed 3840K, reserved 1048576K
}
Event: 7675.406 GC heap before
{Heap before GC invocations=700 (full 3):
 PSYoungGen      total 8704K, used 7904K [0x00000000edc00000, 0x00000000ee600000, 0x0000000100000000)
  eden space 7168K, 100% used [0x00000000edc00000,0x00000000ee300000,0x00000000ee300000)
  from space 1536K, 47% used [0x00000000ee480000,0x00000000ee538000,0x00000000ee600000)
  to   space 1536K, 0% used [0x00000000ee300000,0x00000000ee300000,0x00000000ee480000)
 ParOldGen       total 27648K, used 14137K [0x00000000c9400000, 0x00000000caf00000, 0x00000000edc00000)
  object space 27648K, 51% used [0x00000000c9400000,0x00000000ca1ce788,0x00000000caf00000)
 Metaspace       used 22962K, capacity 24248K, committed 26624K, reserved 1073152K
  class space    used 2651K, capacity 3027K, committed 3840K, reserved 1048576K
Event: 7675.409 GC heap after
Heap after GC invocations=700 (full 3):
 PSYoungGen      total 8704K, used 928K [0x00000000edc00000, 0x00000000ee600000, 0x0000000100000000)
  eden space 7168K, 0% used [0x00000000edc00000,0x00000000edc00000,0x00000000ee300000)
  from space 1536K, 60% used [0x00000000ee300000,0x00000000ee3e8000,0x00000000ee480000)
  to   space 1536K, 0% used [0x00000000ee480000,0x00000000ee480000,0x00000000ee600000)
 ParOldGen       total 27648K, used 14209K [0x00000000c9400000, 0x00000000caf00000, 0x00000000edc00000)
  object space 27648K, 51% used [0x00000000c9400000,0x00000000ca1e0788,0x00000000caf00000)
 Metaspace       used 22962K, capacity 24248K, committed 26624K, reserved 1073152K
  class space    used 2651K, capacity 3027K, committed 3840K, reserved 1048576K
}
Event: 7677.328 GC heap before
{Heap before GC invocations=701 (full 3):
 PSYoungGen      total 8704K, used 8096K [0x00000000edc00000, 0x00000000ee600000, 0x0000000100000000)
  eden space 7168K, 100% used [0x00000000edc00000,0x00000000ee300000,0x00000000ee300000)
  from space 1536K, 60% used [0x00000000ee300000,0x00000000ee3e8000,0x00000000ee480000)
  to   space 1536K, 0% used [0x00000000ee480000,0x00000000ee480000,0x00000000ee600000)
 ParOldGen       total 27648K, used 14209K [0x00000000c9400000, 0x00000000caf00000, 0x00000000edc00000)
  object space 27648K, 51% used [0x00000000c9400000,0x00000000ca1e0788,0x00000000caf00000)
 Metaspace       used 22962K, capacity 24248K, committed 26624K, reserved 1073152K
  class space    used 2651K, capacity 3027K, committed 3840K, reserved 1048576K
Event: 7677.334 GC heap after
Heap after GC invocations=701 (full 3):
 PSYoungGen      total 8704K, used 960K [0x00000000edc00000, 0x00000000ee600000, 0x0000000100000000)
  eden space 7168K, 0% used [0x00000000edc00000,0x00000000edc00000,0x00000000ee300000)
  from space 1536K, 62% used [0x00000000ee480000,0x00000000ee570000,0x00000000ee600000)
  to   space 1536K, 0% used [0x00000000ee300000,0x00000000ee300000,0x00000000ee480000)
 ParOldGen       total 27648K, used 14321K [0x00000000c9400000, 0x00000000caf00000, 0x00000000edc00000)
  object space 27648K, 51% used [0x00000000c9400000,0x00000000ca1fc788,0x00000000caf00000)
 Metaspace       used 22962K, capacity 24248K, committed 26624K, reserved 1073152K
  class space    used 2651K, capacity 3027K, committed 3840K, reserved 1048576K
}
Event: 7679.167 GC heap before
{Heap before GC invocations=702 (full 3):
 PSYoungGen      total 8704K, used 8116K [0x00000000edc00000, 0x00000000ee600000, 0x0000000100000000)
  eden space 7168K, 99% used [0x00000000edc00000,0x00000000ee2fd108,0x00000000ee300000)
  from space 1536K, 62% used [0x00000000ee480000,0x00000000ee570000,0x00000000ee600000)
  to   space 1536K, 0% used [0x00000000ee300000,0x00000000ee300000,0x00000000ee480000)
 ParOldGen       total 27648K, used 14321K [0x00000000c9400000, 0x00000000caf00000, 0x00000000edc00000)
  object space 27648K, 51% used [0x00000000c9400000,0x00000000ca1fc788,0x00000000caf00000)
 Metaspace       used 22962K, capacity 24248K, committed 26624K, reserved 1073152K
  class space    used 2651K, capacity 3027K, committed 3840K, reserved 1048576K
Event: 7679.212 GC heap after
Heap after GC invocations=702 (full 3):
 PSYoungGen      total 8704K, used 944K [0x00000000edc00000, 0x00000000ee600000, 0x0000000100000000)
  eden space 7168K, 0% used [0x00000000edc00000,0x00000000edc00000,0x00000000ee300000)
  from space 1536K, 61% used [0x00000000ee300000,0x00000000ee3ec010,0x00000000ee480000)
  to   space 1536K, 0% used [0x00000000ee480000,0x00000000ee480000,0x00000000ee600000)
 ParOldGen       total 27648K, used 14321K [0x00000000c9400000, 0x00000000caf00000, 0x00000000edc00000)
  object space 27648K, 51% used [0x00000000c9400000,0x00000000ca1fc788,0x00000000caf00000)
 Metaspace       used 22962K, capacity 24248K, committed 26624K, reserved 1073152K
  class space    used 2651K, capacity 3027K, committed 3840K, reserved 1048576K
}

Deoptimization events (10 events):
Event: 7621.733 Thread 0x000001e51d9b0800 Uncommon trap: reason=unstable_if action=reinterpret pc=0x000001e504619620 method=java.lang.ref.SoftReference.get()Ljava/lang/Object; @ 6
Event: 7636.730 Thread 0x000001e51d9b0800 Uncommon trap: reason=unstable_if action=reinterpret pc=0x000001e5054eb80c method=com.group_finity.mascot.environment.Area.contains(II)Z @ 5
Event: 7636.730 Thread 0x000001e51d9b0800 Uncommon trap: reason=unstable_if action=reinterpret pc=0x000001e5052c6400 method=com.group_finity.mascot.environment.Area.contains(II)Z @ 5
Event: 7636.730 Thread 0x000001e51d9b0800 Uncommon trap: reason=unstable_if action=reinterpret pc=0x000001e5049ade5c method=com.group_finity.mascot.environment.FloorCeiling.isOn(Ljava/awt/Point;)Z @ 29
Event: 7636.730 Thread 0x000001e51d9b0800 Uncommon trap: reason=unstable_if action=reinterpret pc=0x000001e504b39fbc method=com.group_finity.mascot.environment.FloorCeiling.isOn(Ljava/awt/Point;)Z @ 29
Event: 7636.889 Thread 0x000001e51d9b0800 Uncommon trap: reason=unstable_if action=reinterpret pc=0x000001e505480fec method=com.group_finity.mascot.environment.FloorCeiling.isOn(Ljava/awt/Point;)Z @ 29
Event: 7636.929 Thread 0x000001e51d9b0800 Uncommon trap: reason=unstable_if action=reinterpret pc=0x000001e50547c900 method=com.group_finity.mascot.environment.FloorCeiling.isOn(Ljava/awt/Point;)Z @ 29
Event: 7636.968 Thread 0x000001e51d9b0800 Uncommon trap: reason=unstable_if action=reinterpret pc=0x000001e504f6f504 method=com.group_finity.mascot.behavior.UserBehavior.next()V @ 66
Event: 7679.464 Thread 0x000001e5183e2800 Uncommon trap: reason=unstable_if action=reinterpret pc=0x000001e504e2c8ac method=sun.java2d.d3d.D3DScreenUpdateManager.run()V @ 4
Event: 7679.470 Thread 0x000001e5185b4800 Uncommon trap: reason=unstable_if action=reinterpret pc=0x000001e504d6bf94 method=java.util.HashMap.clear()V @ 23

Classes redefined (0 events):
No events

Internal exceptions (10 events):
Event: 1725.519 Thread 0x000001e51d9b0800 Implicit null exception at 0x000001e504672b30 to 0x000001e504674895
Event: 1725.519 Thread 0x000001e51d9b0800 Implicit null exception at 0x000001e504d16d74 to 0x000001e504d16ed5
Event: 2571.914 Thread 0x000001e51d9b0800 Implicit null exception at 0x000001e5052df1b2 to 0x000001e5052dfa0d
Event: 7023.427 Thread 0x000001e51d450000 Implicit null exception at 0x000001e50544b414 to 0x000001e50544b8f5
Event: 7041.386 Thread 0x000001e51d450000 Implicit null exception at 0x000001e504f56271 to 0x000001e504f56385
Event: 7621.732 Thread 0x000001e51d9b0800 Implicit null exception at 0x000001e504bce770 to 0x000001e504bce875
Event: 7621.732 Thread 0x000001e51d9b0800 Implicit null exception at 0x000001e5052279cb to 0x000001e5052285dd
Event: 7621.732 Thread 0x000001e51d9b0800 Implicit null exception at 0x000001e504e129a7 to 0x000001e504e12a15
Event: 7621.732 Thread 0x000001e51d9b0800 Implicit null exception at 0x000001e5050b7ac4 to 0x000001e5050b8b39
Event: 7621.733 Thread 0x000001e51d9b0800 Implicit null exception at 0x000001e5046194a0 to 0x000001e50461960d

Events (10 events):
Event: 7679.470 Thread 0x000001e5185b4800 Uncommon trap: trap_request=0xffffff65 fr.pc=0x000001e504d6bf94
Event: 7679.470 Thread 0x000001e5185b4800 DEOPT PACKING pc=0x000001e504d6bf94 sp=0x000000b76a3fec20
Event: 7679.470 Thread 0x000001e5185b4800 DEOPT UNPACKING pc=0x000001e504545843 sp=0x000000b76a3feb70 mode 2
Event: 7679.472 loading class java/lang/ProcessBuilder
Event: 7679.473 loading class java/lang/ProcessBuilder done
Event: 7679.473 loading class java/lang/ProcessImpl
Event: 7679.474 loading class java/lang/Process
Event: 7679.475 loading class java/lang/Process done
Event: 7679.475 loading class java/lang/ProcessImpl done
Event: 7679.475 Thread 0x000001e5185b4800 Thread exited: 0x000001e5185b4800


Dynamic libraries:
0x00007ff780310000 - 0x00007ff780357000 	C:\Program Files\Java\jre1.8.0_281\bin\javaw.exe
0x00007ffb54cd0000 - 0x00007ffb54ec5000 	C:\WINDOWS\SYSTEM32\ntdll.dll
0x00007ffb461d0000 - 0x00007ffb461e3000 	C:\Program Files\AVAST Software\Avast\aswhook.dll
0x00007ffb53300000 - 0x00007ffb533bd000 	C:\WINDOWS\System32\KERNEL32.DLL
0x00007ffb527e0000 - 0x00007ffb52aa8000 	C:\WINDOWS\System32\KERNELBASE.dll
0x00007ffb52f10000 - 0x00007ffb52fbc000 	C:\WINDOWS\System32\ADVAPI32.dll
0x00007ffb52dc0000 - 0x00007ffb52e5e000 	C:\WINDOWS\System32\msvcrt.dll
0x00007ffb53230000 - 0x00007ffb532cb000 	C:\WINDOWS\System32\sechost.dll
0x00007ffb533c0000 - 0x00007ffb534eb000 	C:\WINDOWS\System32\RPCRT4.dll
0x00007ffb52fc0000 - 0x00007ffb53160000 	C:\WINDOWS\System32\USER32.dll
0x00007ffb52bb0000 - 0x00007ffb52bd2000 	C:\WINDOWS\System32\win32u.dll
0x00007ffb532d0000 - 0x00007ffb532fa000 	C:\WINDOWS\System32\GDI32.dll
0x00007ffb52490000 - 0x00007ffb5259b000 	C:\WINDOWS\System32\gdi32full.dll
0x00007ffb52c90000 - 0x00007ffb52d2d000 	C:\WINDOWS\System32\msvcp_win.dll
0x00007ffb52ab0000 - 0x00007ffb52bb0000 	C:\WINDOWS\System32\ucrtbase.dll
0x00007ffb35f50000 - 0x00007ffb361ea000 	C:\WINDOWS\WinSxS\amd64_microsoft.windows.common-controls_6595b64144ccf1df_6.0.19041.844_none_ca00b6081b84eb1d\COMCTL32.dll
0x00007ffb531f0000 - 0x00007ffb53220000 	C:\WINDOWS\System32\IMM32.DLL
0x00007ffb180c0000 - 0x00007ffb180d5000 	C:\Program Files\Java\jre1.8.0_281\bin\vcruntime140.dll
0x00007ffb05650000 - 0x00007ffb056eb000 	C:\Program Files\Java\jre1.8.0_281\bin\msvcp140.dll
0x0000000057890000 - 0x00000000580ef000 	C:\Program Files\Java\jre1.8.0_281\bin\server\jvm.dll
0x00007ffb534f0000 - 0x00007ffb534f8000 	C:\WINDOWS\System32\PSAPI.DLL
0x00007ffb3ab80000 - 0x00007ffb3ab89000 	C:\WINDOWS\SYSTEM32\WSOCK32.dll
0x00007ffb54320000 - 0x00007ffb5438b000 	C:\WINDOWS\System32\WS2_32.dll
0x00007ffb4c030000 - 0x00007ffb4c057000 	C:\WINDOWS\SYSTEM32\WINMM.dll
0x00007ffb4c060000 - 0x00007ffb4c06a000 	C:\WINDOWS\SYSTEM32\VERSION.dll
0x00007ffb50d30000 - 0x00007ffb50d42000 	C:\WINDOWS\SYSTEM32\kernel.appcore.dll
0x00007ffb3a7b0000 - 0x00007ffb3a7c0000 	C:\Program Files\Java\jre1.8.0_281\bin\verify.dll
0x00007ffb0d170000 - 0x00007ffb0d19b000 	C:\Program Files\Java\jre1.8.0_281\bin\java.dll
0x00007ffb16fd0000 - 0x00007ffb16fe8000 	C:\Program Files\Java\jre1.8.0_281\bin\zip.dll
0x00007ffb54460000 - 0x00007ffb54ba2000 	C:\WINDOWS\System32\SHELL32.dll
0x00007ffb500f0000 - 0x00007ffb50881000 	C:\WINDOWS\SYSTEM32\windows.storage.dll
0x00007ffb53f10000 - 0x00007ffb54265000 	C:\WINDOWS\System32\combase.dll
0x00007ffb51db0000 - 0x00007ffb51ddc000 	C:\WINDOWS\SYSTEM32\Wldp.dll
0x00007ffb54270000 - 0x00007ffb5431e000 	C:\WINDOWS\System32\SHCORE.dll
0x00007ffb53500000 - 0x00007ffb53555000 	C:\WINDOWS\System32\shlwapi.dll
0x00007ffb52350000 - 0x00007ffb5236f000 	C:\WINDOWS\SYSTEM32\profapi.dll
0x00007ffb054b0000 - 0x00007ffb05645000 	C:\Program Files\Java\jre1.8.0_281\bin\awt.dll
0x00007ffb54390000 - 0x00007ffb5445d000 	C:\WINDOWS\System32\OLEAUT32.dll
0x00007ffb4f8d0000 - 0x00007ffb4f960000 	C:\WINDOWS\SYSTEM32\apphelp.dll
0x00007ffb4fe50000 - 0x00007ffb4fe7f000 	C:\WINDOWS\system32\DWMAPI.DLL
0x00007ffb4fd70000 - 0x00007ffb4fe0e000 	C:\WINDOWS\system32\uxtheme.dll
0x00007ffb070d0000 - 0x00007ffb071f6000 	C:\WINDOWS\system32\opengl32.dll
0x00007ffb0ec20000 - 0x00007ffb0ec4c000 	C:\WINDOWS\SYSTEM32\GLU32.dll
0x00007ffb535c0000 - 0x00007ffb536d5000 	C:\WINDOWS\System32\MSCTF.dll
0x00007ffb53c10000 - 0x00007ffb53d3a000 	C:\WINDOWS\System32\ole32.dll
0x00007ffb52760000 - 0x00007ffb527e0000 	C:\WINDOWS\System32\bcryptPrimitives.dll
0x00007ffb0b600000 - 0x00007ffb0b7ce000 	C:\WINDOWS\system32\d3d9.dll
0x00007ffb4c070000 - 0x00007ffb4c24d000 	C:\WINDOWS\System32\DriverStore\FileRepository\u0342612.inf_amd64_f45480a6fb163a4b\B342328\aticfx64.dll
0x00007ffb36950000 - 0x00007ffb36980000 	C:\WINDOWS\System32\DriverStore\FileRepository\u0342612.inf_amd64_f45480a6fb163a4b\B342328\atiu9p64.dll
0x00007ffb0a930000 - 0x00007ffb0b5fb000 	C:\WINDOWS\System32\DriverStore\FileRepository\u0342612.inf_amd64_f45480a6fb163a4b\B342328\atiumd64.dll
0x00000000583b0000 - 0x0000000059133000 	C:\WINDOWS\System32\DriverStore\FileRepository\u0342612.inf_amd64_f45480a6fb163a4b\B342328\atiumd6a.dll
0x00007ffb52280000 - 0x00007ffb522cb000 	C:\WINDOWS\SYSTEM32\POWRPROF.dll
0x00007ffb52260000 - 0x00007ffb52272000 	C:\WINDOWS\SYSTEM32\UMPDC.dll
0x00007ffb4c2e0000 - 0x00007ffb4c31b000 	C:\WINDOWS\SYSTEM32\dxcore.dll
0x00007ffb52410000 - 0x00007ffb5245e000 	C:\WINDOWS\System32\cfgmgr32.dll
0x00007ffb0e700000 - 0x00007ffb0e71c000 	C:\Program Files\Java\jre1.8.0_281\bin\net.dll
0x00007ffb51b20000 - 0x00007ffb51b8a000 	C:\WINDOWS\system32\mswsock.dll
0x00007ffb06f40000 - 0x00007ffb06f53000 	C:\Program Files\Java\jre1.8.0_281\bin\nio.dll
0x00007ffb51cf0000 - 0x00007ffb51d08000 	C:\WINDOWS\SYSTEM32\CRYPTSP.dll
0x00007ffb514c0000 - 0x00007ffb514f4000 	C:\WINDOWS\system32\rsaenh.dll
0x00007ffb52460000 - 0x00007ffb52487000 	C:\WINDOWS\System32\bcrypt.dll
0x00007ffb52310000 - 0x00007ffb5233e000 	C:\WINDOWS\SYSTEM32\USERENV.dll
0x00007ffb51d10000 - 0x00007ffb51d1c000 	C:\WINDOWS\SYSTEM32\CRYPTBASE.dll
0x00007ffb51810000 - 0x00007ffb5184b000 	C:\WINDOWS\SYSTEM32\IPHLPAPI.DLL
0x00007ffb53220000 - 0x00007ffb53228000 	C:\WINDOWS\System32\NSI.dll
0x00007ffb509e0000 - 0x00007ffb509f7000 	C:\WINDOWS\SYSTEM32\dhcpcsvc6.DLL
0x00007ffb509c0000 - 0x00007ffb509dd000 	C:\WINDOWS\SYSTEM32\dhcpcsvc.DLL
0x00007ffb51860000 - 0x00007ffb5192c000 	C:\WINDOWS\SYSTEM32\DNSAPI.dll
0x0000000180000000 - 0x0000000180032000 	C:\Users\phainon\AppData\Local\Temp\jna4442751134038442207.tmp
0x00007ffb05460000 - 0x00007ffb054a9000 	C:\Program Files\Java\jre1.8.0_281\bin\fontmanager.dll
0x00007ffb4d480000 - 0x00007ffb4d52e000 	C:\WINDOWS\SYSTEM32\mscms.dll
0x00007ffb4e470000 - 0x00007ffb4e481000 	C:\WINDOWS\SYSTEM32\ColorAdapterClient.dll
0x00007ffb05410000 - 0x00007ffb05453000 	C:\WINDOWS\SYSTEM32\icm32.dll
0x00007ffb3bb40000 - 0x00007ffb3bb83000 	C:\Program Files\Java\jre1.8.0_281\bin\t2k.dll
0x00007ffb299b0000 - 0x00007ffb29aa9000 	C:\WINDOWS\SYSTEM32\textinputframework.dll
0x00007ffb4f2a0000 - 0x00007ffb4f5fe000 	C:\WINDOWS\System32\CoreUIComponents.dll
0x00007ffb4f600000 - 0x00007ffb4f6f2000 	C:\WINDOWS\System32\CoreMessaging.dll
0x00007ffb51150000 - 0x00007ffb51183000 	C:\WINDOWS\SYSTEM32\ntmarta.dll
0x00007ffb4eb00000 - 0x00007ffb4ec54000 	C:\WINDOWS\SYSTEM32\wintypes.dll
0x00007ffb3b520000 - 0x00007ffb3b54a000 	C:\Program Files\Java\jre1.8.0_281\bin\dcpr.dll
0x00007ffb50ac0000 - 0x00007ffb50ca4000 	C:\WINDOWS\SYSTEM32\dbghelp.dll

VM Arguments:
java_command: C:\Users\phainon\Documents\wwwwwww\Kim Dokja shimejiee\Shimeji-ee.jar
java_class_path (initial): C:\Users\phainon\Documents\wwwwwww\Kim Dokja shimejiee\Shimeji-ee.jar
Launcher Type: SUN_STANDARD

Environment Variables:
PATH=C:\Program Files (x86)\Common Files\Oracle\Java\javapath;C:\WINDOWS\system32;C:\WINDOWS;C:\WINDOWS\System32\Wbem;C:\WINDOWS\System32\WindowsPowerShell\v1.0\;C:\WINDOWS\System32\OpenSSH\;C:\Users\phainon\AppData\Local\Microsoft\WindowsApps;
USERNAME=phainon
OS=Windows_NT
PROCESSOR_IDENTIFIER=AMD64 Family 23 Model 24 Stepping 1, AuthenticAMD



---------------  S Y S T E M  ---------------

OS: Windows 10.0 , 64 bit Build 19041 (10.0.19041.928)

CPU:total 4 (initial active 4) (4 cores per cpu, 1 threads per core) family 23 model 24 stepping 1, cmov, cx8, fxsr, mmx, sse, sse2, sse3, ssse3, sse4.1, sse4.2, popcnt, avx, avx2, aes, clmul, mmxext, 3dnowpref, lzcnt, sse4a, tsc, tscinvbit, tscinv, bmi1

Memory: 4k page, physical 3582420k(1069524k free), swap 10398164k(5153132k free)

vm_info: Java HotSpot(TM) 64-Bit Server VM (25.281-b09) for windows-amd64 JRE (1.8.0_281-b09), built on Dec  9 2020 13:54:07 by "" with MS VC++ 15.9 (VS2017)

time: Tue Apr 20 19:37:11 2021
timezone: Malay Peninsula Standard Time
elapsed time: 7679.639299 seconds (0d 2h 7m 59s)

