#
# A fatal error has been detected by the Java Runtime Environment:
#
#  EXCEPTION_ACCESS_VIOLATION (0xc0000005) at pc=0x00000000596c9d13, pid=10972, tid=0x0000000000001db8
#
# JRE version: Java(TM) SE Runtime Environment (8.0_281-b09) (build 1.8.0_281-b09)
# Java VM: Java HotSpot(TM) 64-Bit Server VM (25.281-b09 mixed mode windows-amd64 compressed oops)
# Problematic frame:
# V  [jvm.dll+0x149d13]
#
# Failed to write core dump. Minidumps are not enabled by default on client versions of Windows
#
# If you would like to submit a bug report, please visit:
#   http://bugreport.java.com/bugreport/crash.jsp
#

---------------  T H R E A D  ---------------

Current thread (0x000001f4e700c800):  JavaThread "Thread-7" [_thread_in_vm, id=7608, stack(0x000000a667a00000,0x000000a667b00000)]

siginfo: ExceptionCode=0xc0000005, reading address 0x0000000000000000

Registers:
RAX=0x0000000000000000, RBX=0x000001f4e700c800, RCX=0x0000000000000c80, RDX=0x000001f4e6ef57c0
RSP=0x000000a667aff0d0, RBP=0x000001f4e700c800, RSI=0x0000000000000000, RDI=0x0000000000000000
R8 =0x0000000000000000, R9 =0x0000000000000010, R10=0x0000000000002e2e, R11=0x0000000059d58a5c
R12=0x0000000000000000, R13=0x0000000000000000, R14=0x000001f4e6ef57c0, R15=0x000001f4e700c800
RIP=0x00000000596c9d13, EFLAGS=0x0000000000010246

Top of Stack: (sp=0x000000a667aff0d0)
0x000000a667aff0d0:   0000000000000000 0000000000000000
0x000000a667aff0e0:   0000000000000000 000000a667aff1f0
0x000000a667aff0f0:   000000a667aff2e0 00000001800012ca
0x000000a667aff100:   0000000000000038 000000a667aff1f0
0x000000a667aff110:   0000000000000000 0000000000000000
0x000000a667aff120:   0000000000000000 0000000180002440
0x000000a667aff130:   0000000000000000 00000001800011a9
0x000000a667aff140:   0000000000000000 0000000000000000
0x000000a667aff150:   0000000000000000 0000000000000001
0x000000a667aff160:   000000a667aff430 000000a667aff418
0x000000a667aff170:   0000000000000000 000001f4df178840
0x000000a667aff180:   0000000000000001 0000000180002440
0x000000a667aff190:   0000000000000000 0000000180001173
0x000000a667aff1a0:   000000a667aff418 0000000180002440
0x000000a667aff1b0:   0000000000000000 000000018000113a
0x000000a667aff1c0:   0000000000000038 000000a667aff1f0 

Instructions: (pc=0x00000000596c9d13)
0x00000000596c9cf3:   00 40 b7 01 4d 85 f6 0f 84 84 00 00 00 40 32 ff
0x00000000596c9d03:   40 f6 c6 01 74 0a 48 8b ce e8 4f 26 0c 00 eb 03
0x00000000596c9d13:   48 8b 06 48 8b c8 e8 f2 4d f2 ff 48 8b f0 48 85
0x00000000596c9d23:   c0 74 5e 41 f6 c6 01 74 0a 49 8b ce e8 2c 26 0c 


Register to memory mapping:

RAX=0x0000000000000000 is an unknown value
RBX=0x000001f4e700c800 is a thread
RCX=0x0000000000000c80 is an unknown value
RDX=0x000001f4e6ef57c0 is an unknown value
RSP=0x000000a667aff0d0 is pointing into the stack for thread: 0x000001f4e700c800
RBP=0x000001f4e700c800 is a thread
RSI=0x0000000000000000 is an unknown value
RDI=0x0000000000000000 is an unknown value
R8 =0x0000000000000000 is an unknown value
R9 =0x0000000000000010 is an unknown value
R10=0x0000000000002e2e is an unknown value
R11=0x0000000059d58a5c is an unknown value
R12=0x0000000000000000 is an unknown value
R13=0x0000000000000000 is an unknown value
R14=0x000001f4e6ef57c0 is an unknown value
R15=0x000001f4e700c800 is a thread


Stack: [0x000000a667a00000,0x000000a667b00000],  sp=0x000000a667aff0d0,  free space=1020k
Native frames: (J=compiled Java code, j=interpreted, Vv=VM code, C=native code)
V  [jvm.dll+0x149d13]
C  [jna3978893492017192062.tmp+0x12ca]
C  [jna3978893492017192062.tmp+0x2487]
C  0x000001f4ce4e22ac

Java frames: (J=compiled Java code, j=interpreted, Vv=VM code)
J 2294  com.sun.jna.Function.invokeInt(I[Ljava/lang/Object;)I (0 bytes) @ 0x000001f4ce4e220f [0x000001f4ce4e21c0+0x4f]
J 2406 C2 com.sun.jna.Function.invoke([Ljava/lang/Object;Ljava/lang/Class;Z)Ljava/lang/Object; (1141 bytes) @ 0x000001f4ce52d838 [0x000001f4ce52d580+0x2b8]
J 2396 C2 com.sun.jna.Function.invoke(Ljava/lang/Class;[Ljava/lang/Object;Ljava/util/Map;)Ljava/lang/Object; (572 bytes) @ 0x000001f4ce527554 [0x000001f4ce5266a0+0xeb4]
J 2405 C2 com.sun.jna.Library$Handler.invoke(Ljava/lang/Object;Ljava/lang/reflect/Method;[Ljava/lang/Object;)Ljava/lang/Object; (348 bytes) @ 0x000001f4ce52ec68 [0x000001f4ce52e7a0+0x4c8]
J 5699 C2 com.group_finity.mascot.Manager.tick()V (230 bytes) @ 0x000001f4cea29008 [0x000001f4cea28a40+0x5c8]
J 4982% C2 com.group_finity.mascot.Manager$2.run()V (70 bytes) @ 0x000001f4cdf6f3ec [0x000001f4cdf6f300+0xec]
v  ~StubRoutines::call_stub

---------------  P R O C E S S  ---------------

Java Threads: ( => current thread )
  0x000001f4e154d800 JavaThread "Thread-5" [_thread_in_native, id=13264, stack(0x000000a667d00000,0x000000a667e00000)]
  0x000001f4e7010000 JavaThread "Thread-2" daemon [_thread_in_native, id=14124, stack(0x000000a667700000,0x000000a667800000)]
  0x000001f4e700d000 JavaThread "SIGTERM handler" daemon [_thread_blocked, id=7280, stack(0x000000a666f00000,0x000000a667000000)]
  0x000001f4e700b800 JavaThread "TimerQueue" daemon [_thread_blocked, id=1816, stack(0x000000a667500000,0x000000a667600000)]
  0x000001f4e700e800 JavaThread "DestroyJavaVM" [_thread_blocked, id=12640, stack(0x000000a665b00000,0x000000a665c00000)]
=>0x000001f4e700c800 JavaThread "Thread-7" [_thread_in_vm, id=7608, stack(0x000000a667a00000,0x000000a667b00000)]
  0x000001f4e1a2b800 JavaThread "AWT-EventQueue-0" [_thread_blocked, id=8712, stack(0x000000a667900000,0x000000a667a00000)]
  0x000001f4e1a27800 JavaThread "AWT-Shutdown" [_thread_blocked, id=10520, stack(0x000000a666c00000,0x000000a666d00000)]
  0x000001f4e1594000 JavaThread "Thread-4" daemon [_thread_blocked, id=2108, stack(0x000000a667800000,0x000000a667900000)]
  0x000001f4e1140000 JavaThread "AWT-Windows" daemon [_thread_in_native, id=6252, stack(0x000000a666d00000,0x000000a666e00000)]
  0x000001f4e1139000 JavaThread "Java2D Disposer" daemon [_thread_blocked, id=6872, stack(0x000000a666b00000,0x000000a666c00000)]
  0x000001f4e0e38000 JavaThread "Thread-1" daemon [_thread_blocked, id=13276, stack(0x000000a666a00000,0x000000a666b00000)]
  0x000001f4e0226800 JavaThread "Service Thread" daemon [_thread_blocked, id=8524, stack(0x000000a666800000,0x000000a666900000)]
  0x000001f4e01a6800 JavaThread "C1 CompilerThread2" daemon [_thread_blocked, id=12592, stack(0x000000a666700000,0x000000a666800000)]
  0x000001f4e019c000 JavaThread "C2 CompilerThread1" daemon [_thread_blocked, id=8788, stack(0x000000a666600000,0x000000a666700000)]
  0x000001f4e018d000 JavaThread "C2 CompilerThread0" daemon [_thread_blocked, id=6112, stack(0x000000a666500000,0x000000a666600000)]
  0x000001f4e0188000 JavaThread "Attach Listener" daemon [_thread_blocked, id=10496, stack(0x000000a666400000,0x000000a666500000)]
  0x000001f4e0186800 JavaThread "Signal Dispatcher" daemon [_thread_blocked, id=8592, stack(0x000000a666300000,0x000000a666400000)]
  0x000001f4e0176800 JavaThread "Finalizer" daemon [_thread_blocked, id=11876, stack(0x000000a666200000,0x000000a666300000)]
  0x000001f4dfa3e000 JavaThread "Reference Handler" daemon [_thread_blocked, id=6344, stack(0x000000a666100000,0x000000a666200000)]

Other Threads:
  0x000001f4e0153000 VMThread [stack: 0x000000a666000000,0x000000a666100000] [id=13208]
  0x000001f4e022b000 WatcherThread [stack: 0x000000a666900000,0x000000a666a00000] [id=3240]

VM state:not at safepoint (normal execution)

VM Mutex/Monitor currently owned by a thread: None

heap address: 0x00000000c9400000, size: 876 MB, Compressed Oops mode: 32-bit
Narrow klass base: 0x0000000000000000, Narrow klass shift: 3
Compressed class space size: 1073741824 Address: 0x0000000100000000

Heap:
 PSYoungGen      total 5120K, used 3832K [0x00000000edc00000, 0x00000000ee280000, 0x0000000100000000)
  eden space 3584K, 96% used [0x00000000edc00000,0x00000000edf5e0f0,0x00000000edf80000)
  from space 1536K, 25% used [0x00000000edf80000,0x00000000edfe0000,0x00000000ee100000)
  to   space 1536K, 0% used [0x00000000ee100000,0x00000000ee100000,0x00000000ee280000)
 ParOldGen       total 24576K, used 14227K [0x00000000c9400000, 0x00000000cac00000, 0x00000000edc00000)
  object space 24576K, 57% used [0x00000000c9400000,0x00000000ca1e4f00,0x00000000cac00000)
 Metaspace       used 22897K, capacity 24210K, committed 25344K, reserved 1071104K
  class space    used 2650K, capacity 3034K, committed 3584K, reserved 1048576K

Card table byte_map: [0x000001f4dd120000,0x000001f4dd2e0000] byte_map_base: 0x000001f4dcad6000

Marking Bits: (ParMarkBitMap*) 0x0000000059d66ff0
 Begin Bits: [0x000001f4dd410000, 0x000001f4de1c0000)
 End Bits:   [0x000001f4de1c0000, 0x000001f4def70000)

Polling page: 0x000001f4cc480000

CodeCache: size=245760Kb used=17061Kb max_used=17107Kb free=228698Kb
 bounds [0x000001f4cdd60000, 0x000001f4cee70000, 0x000001f4dcd60000]
 total_blobs=5496 nmethods=4912 adapters=496
 compilation: enabled

Compilation events (10 events):
Event: 22112.552 Thread 0x000001f4e01a6800 6377       3       java.lang.invoke.LambdaForm$DMH/765174190::invokeStatic_L_L (20 bytes)
Event: 22112.553 Thread 0x000001f4e01a6800 nmethod 6377 0x000001f4ce0695d0 code [0x000001f4ce0697e0, 0x000001f4ce06a450]
Event: 22112.593 Thread 0x000001f4e01a6800 6378       3       java.lang.invoke.LambdaForm$DMH/943947490::invokeStatic_L_L (20 bytes)
Event: 22112.594 Thread 0x000001f4e01a6800 nmethod 6378 0x000001f4ce370850 code [0x000001f4ce370a60, 0x000001f4ce3716d0]
Event: 22117.112 Thread 0x000001f4e019c000 6379       4       jdk.nashorn.internal.runtime.ScriptObject::addOwnProperty (14 bytes)
Event: 22117.114 Thread 0x000001f4e019c000 nmethod 6379 0x000001f4ce1821d0 code [0x000001f4ce182320, 0x000001f4ce1823b8]
Event: 23039.273 Thread 0x000001f4e01a6800 6380       3       java.util.logging.LogManager$LoggerContext::getRootLogger (8 bytes)
Event: 23039.273 Thread 0x000001f4e01a6800 nmethod 6380 0x000001f4ce2d0890 code [0x000001f4ce2d09e0, 0x000001f4ce2d0bf8]
Event: 23039.274 Thread 0x000001f4e01a6800 6381       3       java.util.logging.LogManager$LoggerContext::getGlobalLogger (6 bytes)
Event: 23039.275 Thread 0x000001f4e01a6800 nmethod 6381 0x000001f4ce646490 code [0x000001f4ce6465e0, 0x000001f4ce646738]

GC Heap History (10 events):
Event: 23028.496 GC heap before
{Heap before GC invocations=5430 (full 9):
 PSYoungGen      total 5120K, used 4032K [0x00000000edc00000, 0x00000000ee280000, 0x0000000100000000)
  eden space 3584K, 100% used [0x00000000edc00000,0x00000000edf80000,0x00000000edf80000)
  from space 1536K, 29% used [0x00000000ee100000,0x00000000ee170000,0x00000000ee280000)
  to   space 1536K, 0% used [0x00000000edf80000,0x00000000edf80000,0x00000000ee100000)
 ParOldGen       total 24576K, used 14147K [0x00000000c9400000, 0x00000000cac00000, 0x00000000edc00000)
  object space 24576K, 57% used [0x00000000c9400000,0x00000000ca1d0f00,0x00000000cac00000)
 Metaspace       used 22858K, capacity 24114K, committed 25216K, reserved 1071104K
  class space    used 2646K, capacity 3002K, committed 3456K, reserved 1048576K
Event: 23028.498 GC heap after
Heap after GC invocations=5430 (full 9):
 PSYoungGen      total 5120K, used 576K [0x00000000edc00000, 0x00000000ee280000, 0x0000000100000000)
  eden space 3584K, 0% used [0x00000000edc00000,0x00000000edc00000,0x00000000edf80000)
  from space 1536K, 37% used [0x00000000edf80000,0x00000000ee010000,0x00000000ee100000)
  to   space 1536K, 0% used [0x00000000ee100000,0x00000000ee100000,0x00000000ee280000)
 ParOldGen       total 24576K, used 14163K [0x00000000c9400000, 0x00000000cac00000, 0x00000000edc00000)
  object space 24576K, 57% used [0x00000000c9400000,0x00000000ca1d4f00,0x00000000cac00000)
 Metaspace       used 22858K, capacity 24114K, committed 25216K, reserved 1071104K
  class space    used 2646K, capacity 3002K, committed 3456K, reserved 1048576K
}
Event: 23031.778 GC heap before
{Heap before GC invocations=5431 (full 9):
 PSYoungGen      total 5120K, used 4160K [0x00000000edc00000, 0x00000000ee280000, 0x0000000100000000)
  eden space 3584K, 100% used [0x00000000edc00000,0x00000000edf80000,0x00000000edf80000)
  from space 1536K, 37% used [0x00000000edf80000,0x00000000ee010000,0x00000000ee100000)
  to   space 1536K, 0% used [0x00000000ee100000,0x00000000ee100000,0x00000000ee280000)
 ParOldGen       total 24576K, used 14163K [0x00000000c9400000, 0x00000000cac00000, 0x00000000edc00000)
  object space 24576K, 57% used [0x00000000c9400000,0x00000000ca1d4f00,0x00000000cac00000)
 Metaspace       used 22858K, capacity 24114K, committed 25216K, reserved 1071104K
  class space    used 2646K, capacity 3002K, committed 3456K, reserved 1048576K
Event: 23031.781 GC heap after
Heap after GC invocations=5431 (full 9):
 PSYoungGen      total 5120K, used 672K [0x00000000edc00000, 0x00000000ee280000, 0x0000000100000000)
  eden space 3584K, 0% used [0x00000000edc00000,0x00000000edc00000,0x00000000edf80000)
  from space 1536K, 43% used [0x00000000ee100000,0x00000000ee1a8000,0x00000000ee280000)
  to   space 1536K, 0% used [0x00000000edf80000,0x00000000edf80000,0x00000000ee100000)
 ParOldGen       total 24576K, used 14179K [0x00000000c9400000, 0x00000000cac00000, 0x00000000edc00000)
  object space 24576K, 57% used [0x00000000c9400000,0x00000000ca1d8f00,0x00000000cac00000)
 Metaspace       used 22858K, capacity 24114K, committed 25216K, reserved 1071104K
  class space    used 2646K, capacity 3002K, committed 3456K, reserved 1048576K
}
Event: 23034.536 GC heap before
{Heap before GC invocations=5432 (full 9):
 PSYoungGen      total 5120K, used 4256K [0x00000000edc00000, 0x00000000ee280000, 0x0000000100000000)
  eden space 3584K, 100% used [0x00000000edc00000,0x00000000edf80000,0x00000000edf80000)
  from space 1536K, 43% used [0x00000000ee100000,0x00000000ee1a8000,0x00000000ee280000)
  to   space 1536K, 0% used [0x00000000edf80000,0x00000000edf80000,0x00000000ee100000)
 ParOldGen       total 24576K, used 14179K [0x00000000c9400000, 0x00000000cac00000, 0x00000000edc00000)
  object space 24576K, 57% used [0x00000000c9400000,0x00000000ca1d8f00,0x00000000cac00000)
 Metaspace       used 22858K, capacity 24114K, committed 25216K, reserved 1071104K
  class space    used 2646K, capacity 3002K, committed 3456K, reserved 1048576K
Event: 23034.540 GC heap after
Heap after GC invocations=5432 (full 9):
 PSYoungGen      total 5120K, used 544K [0x00000000edc00000, 0x00000000ee280000, 0x0000000100000000)
  eden space 3584K, 0% used [0x00000000edc00000,0x00000000edc00000,0x00000000edf80000)
  from space 1536K, 35% used [0x00000000edf80000,0x00000000ee008000,0x00000000ee100000)
  to   space 1536K, 0% used [0x00000000ee100000,0x00000000ee100000,0x00000000ee280000)
 ParOldGen       total 24576K, used 14211K [0x00000000c9400000, 0x00000000cac00000, 0x00000000edc00000)
  object space 24576K, 57% used [0x00000000c9400000,0x00000000ca1e0f00,0x00000000cac00000)
 Metaspace       used 22858K, capacity 24114K, committed 25216K, reserved 1071104K
  class space    used 2646K, capacity 3002K, committed 3456K, reserved 1048576K
}
Event: 23036.818 GC heap before
{Heap before GC invocations=5433 (full 9):
 PSYoungGen      total 5120K, used 4128K [0x00000000edc00000, 0x00000000ee280000, 0x0000000100000000)
  eden space 3584K, 100% used [0x00000000edc00000,0x00000000edf80000,0x00000000edf80000)
  from space 1536K, 35% used [0x00000000edf80000,0x00000000ee008000,0x00000000ee100000)
  to   space 1536K, 0% used [0x00000000ee100000,0x00000000ee100000,0x00000000ee280000)
 ParOldGen       total 24576K, used 14211K [0x00000000c9400000, 0x00000000cac00000, 0x00000000edc00000)
  object space 24576K, 57% used [0x00000000c9400000,0x00000000ca1e0f00,0x00000000cac00000)
 Metaspace       used 22858K, capacity 24114K, committed 25216K, reserved 1071104K
  class space    used 2646K, capacity 3002K, committed 3456K, reserved 1048576K
Event: 23036.819 GC heap after
Heap after GC invocations=5433 (full 9):
 PSYoungGen      total 5120K, used 480K [0x00000000edc00000, 0x00000000ee280000, 0x0000000100000000)
  eden space 3584K, 0% used [0x00000000edc00000,0x00000000edc00000,0x00000000edf80000)
  from space 1536K, 31% used [0x00000000ee100000,0x00000000ee178000,0x00000000ee280000)
  to   space 1536K, 0% used [0x00000000edf80000,0x00000000edf80000,0x00000000ee100000)
 ParOldGen       total 24576K, used 14219K [0x00000000c9400000, 0x00000000cac00000, 0x00000000edc00000)
  object space 24576K, 57% used [0x00000000c9400000,0x00000000ca1e2f00,0x00000000cac00000)
 Metaspace       used 22858K, capacity 24114K, committed 25216K, reserved 1071104K
  class space    used 2646K, capacity 3002K, committed 3456K, reserved 1048576K
}
Event: 23038.458 GC heap before
{Heap before GC invocations=5434 (full 9):
 PSYoungGen      total 5120K, used 4059K [0x00000000edc00000, 0x00000000ee280000, 0x0000000100000000)
  eden space 3584K, 99% used [0x00000000edc00000,0x00000000edf7ed58,0x00000000edf80000)
  from space 1536K, 31% used [0x00000000ee100000,0x00000000ee178000,0x00000000ee280000)
  to   space 1536K, 0% used [0x00000000edf80000,0x00000000edf80000,0x00000000ee100000)
 ParOldGen       total 24576K, used 14219K [0x00000000c9400000, 0x00000000cac00000, 0x00000000edc00000)
  object space 24576K, 57% used [0x00000000c9400000,0x00000000ca1e2f00,0x00000000cac00000)
 Metaspace       used 22858K, capacity 24114K, committed 25216K, reserved 1071104K
  class space    used 2646K, capacity 3002K, committed 3456K, reserved 1048576K
Event: 23038.460 GC heap after
Heap after GC invocations=5434 (full 9):
 PSYoungGen      total 5120K, used 384K [0x00000000edc00000, 0x00000000ee280000, 0x0000000100000000)
  eden space 3584K, 0% used [0x00000000edc00000,0x00000000edc00000,0x00000000edf80000)
  from space 1536K, 25% used [0x00000000edf80000,0x00000000edfe0000,0x00000000ee100000)
  to   space 1536K, 0% used [0x00000000ee100000,0x00000000ee100000,0x00000000ee280000)
 ParOldGen       total 24576K, used 14227K [0x00000000c9400000, 0x00000000cac00000, 0x00000000edc00000)
  object space 24576K, 57% used [0x00000000c9400000,0x00000000ca1e4f00,0x00000000cac00000)
 Metaspace       used 22858K, capacity 24114K, committed 25216K, reserved 1071104K
  class space    used 2646K, capacity 3002K, committed 3456K, reserved 1048576K
}

Deoptimization events (10 events):
Event: 16199.435 Thread 0x000001f4e1a2b800 Uncommon trap: reason=unstable_if action=reinterpret pc=0x000001f4ce1823e4 method=java.lang.Integer.valueOf(I)Ljava/lang/Integer; @ 3
Event: 16199.444 Thread 0x000001f4e1a2b800 Uncommon trap: reason=unstable_if action=reinterpret pc=0x000001f4ce5386e4 method=java.lang.ThreadLocal$ThreadLocalMap.set(Ljava/lang/ThreadLocal;Ljava/lang/Object;)V @ 44
Event: 16713.096 Thread 0x000001f4e1a2b800 Uncommon trap: reason=null_check action=make_not_entrant pc=0x000001f4ce3e7ca8 method=java.lang.ThreadLocal$ThreadLocalMap.set(Ljava/lang/ThreadLocal;Ljava/lang/Object;)V @ 36
Event: 18455.907 Thread 0x000001f4e1a2b800 Uncommon trap: reason=class_check action=maybe_recompile pc=0x000001f4cea4cbb0 method=javax.swing.RepaintManager.scheduleHeavyWeightPaints()V @ 72
Event: 18845.430 Thread 0x000001f4e700c800 Uncommon trap: reason=null_check action=make_not_entrant pc=0x000001f4cdf832e8 method=sun.invoke.util.VerifyType.isNullConversion(Ljava/lang/Class;Ljava/lang/Class;Z)Z @ 22
Event: 18942.002 Thread 0x000001f4e700c800 Uncommon trap: reason=unstable_if action=reinterpret pc=0x000001f4ce17b834 method=com.group_finity.mascot.environment.MascotEnvironment.getWall(Z)Lcom/group_finity/mascot/environment/Border; @ 27
Event: 19092.689 Thread 0x000001f4e700c800 Uncommon trap: reason=null_check action=make_not_entrant pc=0x000001f4ce9c1bdc method=java.util.logging.Logger$LoggerBundle.isSystemBundle()Z @ 6
Event: 21584.500 Thread 0x000001f4e700c800 Uncommon trap: reason=unhandled action=reinterpret pc=0x000001f4ce9b8944 method=java.lang.invoke.CallSite.<init>(Ljava/lang/invoke/MethodType;)V @ 10
Event: 23014.758 Thread 0x000001f4e1a2b800 Uncommon trap: reason=class_check action=maybe_recompile pc=0x000001f4cea4cbb0 method=javax.swing.RepaintManager.scheduleHeavyWeightPaints()V @ 72
Event: 23039.257 Thread 0x000001f4e7009800 Uncommon trap: reason=unstable_if action=reinterpret pc=0x000001f4ce1d8cfc method=sun.java2d.d3d.D3DScreenUpdateManager.run()V @ 4

Classes redefined (0 events):
No events

Internal exceptions (10 events):
Event: 10418.785 Thread 0x000001f4e700c800 Implicit null exception at 0x000001f4cdf82f80 to 0x000001f4cdf83409
Event: 11572.338 Thread 0x000001f4e700c800 Implicit null exception at 0x000001f4ce57454b to 0x000001f4ce57515d
Event: 11572.340 Thread 0x000001f4e700c800 Implicit null exception at 0x000001f4ceaf2f44 to 0x000001f4ceaf3fb9
Event: 11572.340 Thread 0x000001f4e700c800 Implicit null exception at 0x000001f4cead6036 to 0x000001f4cead6355
Event: 11572.340 Thread 0x000001f4e700c800 Implicit null exception at 0x000001f4ce5aa187 to 0x000001f4ce5aa215
Event: 11572.346 Thread 0x000001f4e700c800 Implicit null exception at 0x000001f4ceb79f8d to 0x000001f4ceb7b3d1
Event: 12992.504 Thread 0x000001f4e700c800 Implicit null exception at 0x000001f4ce5fb19a to 0x000001f4ce5fb41d
Event: 13150.002 Thread 0x000001f4e700c800 Implicit null exception at 0x000001f4ce440525 to 0x000001f4ce440cd5
Event: 16713.096 Thread 0x000001f4e1a2b800 Implicit null exception at 0x000001f4ce3e79dc to 0x000001f4ce3e7c85
Event: 19092.689 Thread 0x000001f4e700c800 Implicit null exception at 0x000001f4ce9c0144 to 0x000001f4ce9c1bcd

Events (10 events):
Event: 23039.274 Thread 0x000001f4e01a6800 flushing nmethod 0x000001f4ce5fae90
Event: 23039.274 Thread 0x000001f4e01a6800 flushing nmethod 0x000001f4ce5fb650
Event: 23039.274 Thread 0x000001f4e01a6800 flushing nmethod 0x000001f4ce605c50
Event: 23039.274 Thread 0x000001f4e01a6800 flushing nmethod 0x000001f4ce640410
Event: 23039.274 Thread 0x000001f4e01a6800 flushing nmethod 0x000001f4ce664550
Event: 23039.274 Thread 0x000001f4e700a000 Thread exited: 0x000001f4e700a000
Event: 23039.275 Thread 0x000001f4e01a6800 flushing nmethod 0x000001f4ce67b1d0
Event: 23039.275 Thread 0x000001f4e01a6800 flushing nmethod 0x000001f4ce692e10
Event: 23039.275 Thread 0x000001f4e01a6800 flushing nmethod 0x000001f4ce6b3750
Event: 23039.275 Thread 0x000001f4e01a6800 flushing nmethod 0x000001f4ce6c6150


Dynamic libraries:
0x00007ff6d56a0000 - 0x00007ff6d56e7000 	C:\Program Files\Java\jre1.8.0_281\bin\javaw.exe
0x00007ffff4f30000 - 0x00007ffff5125000 	C:\WINDOWS\SYSTEM32\ntdll.dll
0x00007fffcdfa0000 - 0x00007fffcdfb3000 	C:\Program Files\AVAST Software\Avast\aswhook.dll
0x00007ffff4c20000 - 0x00007ffff4cdd000 	C:\WINDOWS\System32\KERNEL32.DLL
0x00007ffff2990000 - 0x00007ffff2c58000 	C:\WINDOWS\System32\KERNELBASE.dll
0x00007ffff44b0000 - 0x00007ffff455c000 	C:\WINDOWS\System32\ADVAPI32.dll
0x00007ffff2f90000 - 0x00007ffff302e000 	C:\WINDOWS\System32\msvcrt.dll
0x00007ffff32b0000 - 0x00007ffff334b000 	C:\WINDOWS\System32\sechost.dll
0x00007ffff4cf0000 - 0x00007ffff4e1b000 	C:\WINDOWS\System32\RPCRT4.dll
0x00007ffff4110000 - 0x00007ffff42b0000 	C:\WINDOWS\System32\USER32.dll
0x00007ffff2c60000 - 0x00007ffff2c82000 	C:\WINDOWS\System32\win32u.dll
0x00007ffff4890000 - 0x00007ffff48ba000 	C:\WINDOWS\System32\GDI32.dll
0x00007ffff27d0000 - 0x00007ffff28db000 	C:\WINDOWS\System32\gdi32full.dll
0x00007ffff2d10000 - 0x00007ffff2dad000 	C:\WINDOWS\System32\msvcp_win.dll
0x00007ffff2e90000 - 0x00007ffff2f90000 	C:\WINDOWS\System32\ucrtbase.dll
0x00007fffdac90000 - 0x00007fffdaf2a000 	C:\WINDOWS\WinSxS\amd64_microsoft.windows.common-controls_6595b64144ccf1df_6.0.19041.844_none_ca00b6081b84eb1d\COMCTL32.dll
0x00007ffff3520000 - 0x00007ffff3550000 	C:\WINDOWS\System32\IMM32.DLL
0x00007fffeaca0000 - 0x00007fffeacb5000 	C:\Program Files\Java\jre1.8.0_281\bin\vcruntime140.dll
0x00007fffd4fc0000 - 0x00007fffd505b000 	C:\Program Files\Java\jre1.8.0_281\bin\msvcp140.dll
0x0000000059580000 - 0x0000000059ddf000 	C:\Program Files\Java\jre1.8.0_281\bin\server\jvm.dll
0x00007ffff45e0000 - 0x00007ffff45e8000 	C:\WINDOWS\System32\PSAPI.DLL
0x00007fffd8a10000 - 0x00007fffd8a19000 	C:\WINDOWS\SYSTEM32\WSOCK32.dll
0x00007ffff4570000 - 0x00007ffff45db000 	C:\WINDOWS\System32\WS2_32.dll
0x00007fffe8840000 - 0x00007fffe8867000 	C:\WINDOWS\SYSTEM32\WINMM.dll
0x00007fffe86a0000 - 0x00007fffe86aa000 	C:\WINDOWS\SYSTEM32\VERSION.dll
0x00007ffff0f40000 - 0x00007ffff0f52000 	C:\WINDOWS\SYSTEM32\kernel.appcore.dll
0x00007fffec5f0000 - 0x00007fffec600000 	C:\Program Files\Java\jre1.8.0_281\bin\verify.dll
0x00007fffddfe0000 - 0x00007fffde00b000 	C:\Program Files\Java\jre1.8.0_281\bin\java.dll
0x00007fffdef30000 - 0x00007fffdef48000 	C:\Program Files\Java\jre1.8.0_281\bin\zip.dll
0x00007ffff3550000 - 0x00007ffff3c92000 	C:\WINDOWS\System32\SHELL32.dll
0x00007ffff0350000 - 0x00007ffff0ae1000 	C:\WINDOWS\SYSTEM32\windows.storage.dll
0x00007ffff48c0000 - 0x00007ffff4c15000 	C:\WINDOWS\System32\combase.dll
0x00007ffff2010000 - 0x00007ffff203c000 	C:\WINDOWS\SYSTEM32\Wldp.dll
0x00007ffff3090000 - 0x00007ffff313e000 	C:\WINDOWS\System32\SHCORE.dll
0x00007ffff42b0000 - 0x00007ffff4305000 	C:\WINDOWS\System32\shlwapi.dll
0x00007ffff25b0000 - 0x00007ffff25cf000 	C:\WINDOWS\SYSTEM32\profapi.dll
0x00007fffc7be0000 - 0x00007fffc7d75000 	C:\Program Files\Java\jre1.8.0_281\bin\awt.dll
0x00007ffff4e20000 - 0x00007ffff4eed000 	C:\WINDOWS\System32\OLEAUT32.dll
0x00007fffefa00000 - 0x00007fffefa90000 	C:\WINDOWS\SYSTEM32\apphelp.dll
0x00007ffff0060000 - 0x00007ffff008f000 	C:\WINDOWS\system32\DWMAPI.DLL
0x00007fffefcb0000 - 0x00007fffefd4e000 	C:\WINDOWS\system32\uxtheme.dll
0x00007fffa7540000 - 0x00007fffa7666000 	C:\WINDOWS\system32\opengl32.dll
0x00007fffbcdd0000 - 0x00007fffbcdfc000 	C:\WINDOWS\SYSTEM32\GLU32.dll
0x00007ffff4310000 - 0x00007ffff4425000 	C:\WINDOWS\System32\MSCTF.dll
0x00007ffff4760000 - 0x00007ffff488a000 	C:\WINDOWS\System32\ole32.dll
0x00007ffff2e10000 - 0x00007ffff2e90000 	C:\WINDOWS\System32\bcryptPrimitives.dll
0x00007fffcb160000 - 0x00007fffcb32e000 	C:\WINDOWS\system32\d3d9.dll
0x00007fffe84c0000 - 0x00007fffe869d000 	C:\WINDOWS\System32\DriverStore\FileRepository\u0342612.inf_amd64_f45480a6fb163a4b\B342328\aticfx64.dll
0x00007fffda890000 - 0x00007fffda8c0000 	C:\WINDOWS\System32\DriverStore\FileRepository\u0342612.inf_amd64_f45480a6fb163a4b\B342328\atiu9p64.dll
0x00007fffaf150000 - 0x00007fffafe1b000 	C:\WINDOWS\System32\DriverStore\FileRepository\u0342612.inf_amd64_f45480a6fb163a4b\B342328\atiumd64.dll
0x000000005a0d0000 - 0x000000005ae53000 	C:\WINDOWS\System32\DriverStore\FileRepository\u0342612.inf_amd64_f45480a6fb163a4b\B342328\atiumd6a.dll
0x00007ffff24e0000 - 0x00007ffff252b000 	C:\WINDOWS\SYSTEM32\POWRPROF.dll
0x00007ffff24c0000 - 0x00007ffff24d2000 	C:\WINDOWS\SYSTEM32\UMPDC.dll
0x00007fffe8950000 - 0x00007fffe898b000 	C:\WINDOWS\SYSTEM32\dxcore.dll
0x00007ffff2cc0000 - 0x00007ffff2d0e000 	C:\WINDOWS\System32\cfgmgr32.dll
0x00007fffdab60000 - 0x00007fffdab7c000 	C:\Program Files\Java\jre1.8.0_281\bin\net.dll
0x00007ffff1d80000 - 0x00007ffff1dea000 	C:\WINDOWS\system32\mswsock.dll
0x00007fffda640000 - 0x00007fffda653000 	C:\Program Files\Java\jre1.8.0_281\bin\nio.dll
0x00007ffff1f50000 - 0x00007ffff1f68000 	C:\WINDOWS\SYSTEM32\CRYPTSP.dll
0x00007ffff1720000 - 0x00007ffff1754000 	C:\WINDOWS\system32\rsaenh.dll
0x00007ffff2c90000 - 0x00007ffff2cb7000 	C:\WINDOWS\System32\bcrypt.dll
0x00007ffff2530000 - 0x00007ffff255e000 	C:\WINDOWS\SYSTEM32\USERENV.dll
0x00007ffff1f70000 - 0x00007ffff1f7c000 	C:\WINDOWS\SYSTEM32\CRYPTBASE.dll
0x00007ffff1a70000 - 0x00007ffff1aab000 	C:\WINDOWS\SYSTEM32\IPHLPAPI.DLL
0x00007ffff4ce0000 - 0x00007ffff4ce8000 	C:\WINDOWS\System32\NSI.dll
0x00007ffff0c40000 - 0x00007ffff0c57000 	C:\WINDOWS\SYSTEM32\dhcpcsvc6.DLL
0x00007ffff0c20000 - 0x00007ffff0c3d000 	C:\WINDOWS\SYSTEM32\dhcpcsvc.DLL
0x00007ffff1ac0000 - 0x00007ffff1b8c000 	C:\WINDOWS\SYSTEM32\DNSAPI.dll
0x0000000180000000 - 0x0000000180032000 	C:\Users\phainon\AppData\Local\Temp\jna3978893492017192062.tmp
0x00007fffd48c0000 - 0x00007fffd4909000 	C:\Program Files\Java\jre1.8.0_281\bin\fontmanager.dll
0x00007fffecd10000 - 0x00007fffecdbe000 	C:\WINDOWS\SYSTEM32\mscms.dll
0x00007fffecbb0000 - 0x00007fffecbc1000 	C:\WINDOWS\SYSTEM32\ColorAdapterClient.dll
0x00007fffd4870000 - 0x00007fffd48b3000 	C:\WINDOWS\SYSTEM32\icm32.dll
0x00007fffd46f0000 - 0x00007fffd4733000 	C:\Program Files\Java\jre1.8.0_281\bin\t2k.dll
0x00007fffea7e0000 - 0x00007fffea8d9000 	C:\WINDOWS\SYSTEM32\textinputframework.dll
