#
# A fatal error has been detected by the Java Runtime Environment:
#
#  EXCEPTION_ACCESS_VIOLATION (0xc0000005) at pc=0x0000000061b89d13, pid=2540, tid=0x0000000000003414
#
# JRE version: Java(TM) SE Runtime Environment (8.0_281-b09) (build 1.8.0_281-b09)
# Java VM: Java HotSpot(TM) 64-Bit Server VM (25.281-b09 mixed mode windows-amd64 compressed oops)
# Problematic frame:
# V  [jvm.dll+0x149d13]
#
# Failed to write core dump. Minidumps are not enabled by default on client versions of Windows
#
# If you would like to submit a bug report, please visit:
#   http://bugreport.java.com/bugreport/crash.jsp
#

---------------  T H R E A D  ---------------

Current thread (0x0000022c880ae000):  JavaThread "Thread-7" [_thread_in_vm, id=13332, stack(0x000000521ac00000,0x000000521ad00000)]

siginfo: ExceptionCode=0xc0000005, reading address 0x0000000000000000

Registers:
RAX=0x0000000000000000, RBX=0x0000022c880ae000, RCX=0x0000000000000e00, RDX=0x0000022c82491560
RSP=0x000000521acfee40, RBP=0x0000022c880ae000, RSI=0x0000000000000000, RDI=0x0000000000000000
R8 =0x0000000000000000, R9 =0x0000000000000010, R10=0x0000000000000224, R11=0x0000000062218a5c
R12=0x0000000000000000, R13=0x0000000000000000, R14=0x0000022c82491560, R15=0x0000022c880ae000
RIP=0x0000000061b89d13, EFLAGS=0x0000000000010246

Top of Stack: (sp=0x000000521acfee40)
0x000000521acfee40:   0000000000000000 0000000000000000
0x000000521acfee50:   0000000000000000 000000521acfef60
0x000000521acfee60:   000000521acff050 00000001800012ca
0x000000521acfee70:   0000000000000038 000000521acfef60
0x000000521acfee80:   0000000000000000 0000000000000000
0x000000521acfee90:   0000000000000000 0000000180002440
0x000000521acfeea0:   0000000000000000 00000001800011a9
0x000000521acfeeb0:   0000000000000000 0000000000000000
0x000000521acfeec0:   0000000000000000 0000000000000000
0x000000521acfeed0:   0000000000000000 0000000000000001
0x000000521acfeee0:   000000521acff1b0 000000521acff198
0x000000521acfeef0:   0000000000000000 0000000180002440
0x000000521acfef00:   0000000000000000 0000000180001173
0x000000521acfef10:   000000521acff1b0 0000000180002440
0x000000521acfef20:   0000000000000000 000000018000113a
0x000000521acfef30:   0000000000000038 000000521acfef60 

Instructions: (pc=0x0000000061b89d13)
0x0000000061b89cf3:   00 40 b7 01 4d 85 f6 0f 84 84 00 00 00 40 32 ff
0x0000000061b89d03:   40 f6 c6 01 74 0a 48 8b ce e8 4f 26 0c 00 eb 03
0x0000000061b89d13:   48 8b 06 48 8b c8 e8 f2 4d f2 ff 48 8b f0 48 85
0x0000000061b89d23:   c0 74 5e 41 f6 c6 01 74 0a 49 8b ce e8 2c 26 0c 


Register to memory mapping:

RAX=0x0000000000000000 is an unknown value
RBX=0x0000022c880ae000 is a thread
RCX=0x0000000000000e00 is an unknown value
RDX=0x0000022c82491560 is an unknown value
RSP=0x000000521acfee40 is pointing into the stack for thread: 0x0000022c880ae000
RBP=0x0000022c880ae000 is a thread
RSI=0x0000000000000000 is an unknown value
RDI=0x0000000000000000 is an unknown value
R8 =0x0000000000000000 is an unknown value
R9 =0x0000000000000010 is an unknown value
R10=0x0000000000000224 is an unknown value
R11=0x0000000062218a5c is an unknown value
R12=0x0000000000000000 is an unknown value
R13=0x0000000000000000 is an unknown value
R14=0x0000022c82491560 is an unknown value
R15=0x0000022c880ae000 is a thread


Stack: [0x000000521ac00000,0x000000521ad00000],  sp=0x000000521acfee40,  free space=1019k
Native frames: (J=compiled Java code, j=interpreted, Vv=VM code, C=native code)
V  [jvm.dll+0x149d13]
C  [jna6831172724825750566.tmp+0x12ca]
C  [jna6831172724825750566.tmp+0x2487]
C  0x0000022cef43cdec

Java frames: (J=compiled Java code, j=interpreted, Vv=VM code)
J 2327  com.sun.jna.Function.invokeInt(I[Ljava/lang/Object;)I (0 bytes) @ 0x0000022cef43cd4f [0x0000022cef43cd00+0x4f]
J 2431 C2 com.sun.jna.Function.invoke([Ljava/lang/Object;Ljava/lang/Class;Z)Ljava/lang/Object; (1141 bytes) @ 0x0000022cef47f1f8 [0x0000022cef47ef40+0x2b8]
J 2429 C2 com.sun.jna.Function.invoke(Ljava/lang/Class;[Ljava/lang/Object;Ljava/util/Map;)Ljava/lang/Object; (572 bytes) @ 0x0000022cef4849d4 [0x0000022cef483b20+0xeb4]
J 2438 C2 com.sun.jna.Library$Handler.invoke(Ljava/lang/Object;Ljava/lang/reflect/Method;[Ljava/lang/Object;)Ljava/lang/Object; (348 bytes) @ 0x0000022cef487d5c [0x0000022cef487880+0x4dc]
J 3913 C2 com.group_finity.mascot.Manager.tick()V (230 bytes) @ 0x0000022cef79fd90 [0x0000022cef79e960+0x1430]
J 3916% C2 com.group_finity.mascot.Manager$2.run()V (70 bytes) @ 0x0000022cef5549ec [0x0000022cef554900+0xec]
v  ~StubRoutines::call_stub

---------------  P R O C E S S  ---------------

Java Threads: ( => current thread )
  0x0000022c880b0000 JavaThread "Thread-5" [_thread_in_native, id=524, stack(0x000000521b300000,0x000000521b400000)]
  0x0000022c880b2800 JavaThread "Thread-2" daemon [_thread_in_native, id=7348, stack(0x000000521af00000,0x000000521b000000)]
  0x0000022c880af800 JavaThread "SIGTERM handler" daemon [_thread_blocked, id=8504, stack(0x000000521a700000,0x000000521a800000)]
  0x0000022c880b1800 JavaThread "DestroyJavaVM" [_thread_blocked, id=10388, stack(0x0000005219300000,0x0000005219400000)]
=>0x0000022c880ae000 JavaThread "Thread-7" [_thread_in_vm, id=13332, stack(0x000000521ac00000,0x000000521ad00000)]
  0x0000022c87b0f800 JavaThread "AWT-EventQueue-0" [_thread_blocked, id=9188, stack(0x000000521b100000,0x000000521b200000)]
  0x0000022c82bf7000 JavaThread "AWT-Shutdown" [_thread_blocked, id=2080, stack(0x000000521b000000,0x000000521b100000)]
  0x0000022c826f5000 JavaThread "Thread-4" daemon [_thread_blocked, id=10220, stack(0x000000521a400000,0x000000521a500000)]
  0x0000022c81feb800 JavaThread "AWT-Windows" daemon [_thread_in_native, id=10044, stack(0x000000521a500000,0x000000521a600000)]
  0x0000022c81fde800 JavaThread "Java2D Disposer" daemon [_thread_blocked, id=8324, stack(0x000000521a300000,0x000000521a400000)]
  0x0000022c81d4d800 JavaThread "Thread-1" daemon [_thread_blocked, id=12580, stack(0x000000521a200000,0x000000521a300000)]
  0x0000022c810b3000 JavaThread "Service Thread" daemon [_thread_blocked, id=7324, stack(0x000000521a000000,0x000000521a100000)]
  0x0000022c810ae800 JavaThread "C1 CompilerThread2" daemon [_thread_blocked, id=4724, stack(0x0000005219f00000,0x000000521a000000)]
  0x0000022c810ac800 JavaThread "C2 CompilerThread1" daemon [_thread_blocked, id=14012, stack(0x0000005219e00000,0x0000005219f00000)]
  0x0000022c8104d800 JavaThread "C2 CompilerThread0" daemon [_thread_blocked, id=13568, stack(0x0000005219d00000,0x0000005219e00000)]
  0x0000022c8104a000 JavaThread "Attach Listener" daemon [_thread_blocked, id=8736, stack(0x0000005219c00000,0x0000005219d00000)]
  0x0000022c81049000 JavaThread "Signal Dispatcher" daemon [_thread_blocked, id=560, stack(0x0000005219b00000,0x0000005219c00000)]
  0x0000022c808f6800 JavaThread "Finalizer" daemon [_thread_blocked, id=1460, stack(0x0000005219a00000,0x0000005219b00000)]
  0x0000022c808eb000 JavaThread "Reference Handler" daemon [_thread_blocked, id=1540, stack(0x0000005219900000,0x0000005219a00000)]

Other Threads:
  0x0000022c81015000 VMThread [stack: 0x0000005219800000,0x0000005219900000] [id=9988]
  0x0000022c810b6000 WatcherThread [stack: 0x000000521a100000,0x000000521a200000] [id=9040]

VM state:not at safepoint (normal execution)

VM Mutex/Monitor currently owned by a thread: None

heap address: 0x00000000c9400000, size: 876 MB, Compressed Oops mode: 32-bit
Narrow klass base: 0x0000000000000000, Narrow klass shift: 3
Compressed class space size: 1073741824 Address: 0x0000000100000000

Heap:
 PSYoungGen      total 76288K, used 63801K [0x00000000edc00000, 0x00000000f6880000, 0x0000000100000000)
  eden space 72704K, 83% used [0x00000000edc00000,0x00000000f172e698,0x00000000f2300000)
  from space 3584K, 89% used [0x00000000f6500000,0x00000000f6820000,0x00000000f6880000)
  to   space 14848K, 0% used [0x00000000f4b80000,0x00000000f4b80000,0x00000000f5a00000)
 ParOldGen       total 33792K, used 14043K [0x00000000c9400000, 0x00000000cb500000, 0x00000000edc00000)
  object space 33792K, 41% used [0x00000000c9400000,0x00000000ca1b6f40,0x00000000cb500000)
 Metaspace       used 20706K, capacity 21754K, committed 21936K, reserved 1069056K
  class space    used 2466K, capacity 2873K, committed 2992K, reserved 1048576K

Card table byte_map: [0x0000022cfe060000,0x0000022cfe220000] byte_map_base: 0x0000022cfda16000

Marking Bits: (ParMarkBitMap*) 0x0000000062226ff0
 Begin Bits: [0x0000022cfe220000, 0x0000022cfefd0000)
 End Bits:   [0x0000022cfefd0000, 0x0000022cffd80000)

Polling page: 0x0000022ced260000

CodeCache: size=245760Kb used=11935Kb max_used=11967Kb free=233824Kb
 bounds [0x0000022ceeca0000, 0x0000022cef870000, 0x0000022cfdca0000]
 total_blobs=4189 nmethods=3641 adapters=461
 compilation: enabled

Compilation events (10 events):
Event: 557.530 Thread 0x0000022c810ac800 4109       4       jdk.nashorn.internal.runtime.JSType::toNumber (35 bytes)
Event: 557.532 Thread 0x0000022c810ac800 nmethod 4109 0x0000022cef322d10 code [0x0000022cef322e60, 0x0000022cef322ed8]
Event: 557.536 Thread 0x0000022c810ae800 4110       3       java.lang.reflect.Constructor::getParameterTypes (11 bytes)
Event: 557.537 Thread 0x0000022c810ae800 nmethod 4110 0x0000022cef4b8e10 code [0x0000022cef4b8f80, 0x0000022cef4b9290]
Event: 557.539 Thread 0x0000022c8104d800 4111       4       jdk.nashorn.internal.runtime.ScriptFunction::createBuiltin (8 bytes)
Event: 557.539 Thread 0x0000022c810ac800 4112       4       jdk.nashorn.internal.runtime.arrays.ArrayIndex::getArrayIndex (109 bytes)
Event: 557.540 Thread 0x0000022c8104d800 nmethod 4111 0x0000022cef80a450 code [0x0000022cef80a5a0, 0x0000022cef80a608]
Event: 557.543 Thread 0x0000022c810ac800 nmethod 4112 0x0000022cef4b8810 code [0x0000022cef4b8980, 0x0000022cef4b8b38]
Event: 561.320 Thread 0x0000022c810ae800 4113       3       java.nio.Buffer::hasRemaining (17 bytes)
Event: 561.320 Thread 0x0000022c810ae800 nmethod 4113 0x0000022cef38dcd0 code [0x0000022cef38de20, 0x0000022cef38dfd8]

GC Heap History (10 events):
Event: 377.370 GC heap before
{Heap before GC invocations=17 (full 1):
 PSYoungGen      total 97792K, used 97600K [0x00000000edc00000, 0x00000000f8580000, 0x0000000100000000)
  eden space 89088K, 100% used [0x00000000edc00000,0x00000000f3300000,0x00000000f3300000)
  from space 8704K, 97% used [0x00000000f7300000,0x00000000f7b50000,0x00000000f7b80000)
  to   space 10240K, 0% used [0x00000000f7b80000,0x00000000f7b80000,0x00000000f8580000)
 ParOldGen       total 33792K, used 12995K [0x00000000c9400000, 0x00000000cb500000, 0x00000000edc00000)
  object space 33792K, 38% used [0x00000000c9400000,0x00000000ca0b0f40,0x00000000cb500000)
 Metaspace       used 20570K, capacity 21592K, committed 21808K, reserved 1069056K
  class space    used 2448K, capacity 2851K, committed 2864K, reserved 1048576K
Event: 377.407 GC heap after
Heap after GC invocations=17 (full 1):
 PSYoungGen      total 95744K, used 10240K [0x00000000edc00000, 0x00000000f8580000, 0x0000000100000000)
  eden space 85504K, 0% used [0x00000000edc00000,0x00000000edc00000,0x00000000f2f80000)
  from space 10240K, 100% used [0x00000000f7b80000,0x00000000f8580000,0x00000000f8580000)
  to   space 14848K, 0% used [0x00000000f6880000,0x00000000f6880000,0x00000000f7700000)
 ParOldGen       total 33792K, used 13147K [0x00000000c9400000, 0x00000000cb500000, 0x00000000edc00000)
  object space 33792K, 38% used [0x00000000c9400000,0x00000000ca0d6f40,0x00000000cb500000)
 Metaspace       used 20570K, capacity 21592K, committed 21808K, reserved 1069056K
  class space    used 2448K, capacity 2851K, committed 2864K, reserved 1048576K
}
Event: 434.088 GC heap before
{Heap before GC invocations=18 (full 1):
 PSYoungGen      total 95744K, used 95744K [0x00000000edc00000, 0x00000000f8580000, 0x0000000100000000)
  eden space 85504K, 100% used [0x00000000edc00000,0x00000000f2f80000,0x00000000f2f80000)
  from space 10240K, 100% used [0x00000000f7b80000,0x00000000f8580000,0x00000000f8580000)
  to   space 14848K, 0% used [0x00000000f6880000,0x00000000f6880000,0x00000000f7700000)
 ParOldGen       total 33792K, used 13147K [0x00000000c9400000, 0x00000000cb500000, 0x00000000edc00000)
  object space 33792K, 38% used [0x00000000c9400000,0x00000000ca0d6f40,0x00000000cb500000)
 Metaspace       used 20576K, capacity 21596K, committed 21808K, reserved 1069056K
  class space    used 2448K, capacity 2851K, committed 2864K, reserved 1048576K
Event: 434.125 GC heap after
Heap after GC invocations=18 (full 1):
 PSYoungGen      total 92672K, used 10272K [0x00000000edc00000, 0x00000000f7c00000, 0x0000000100000000)
  eden space 81920K, 0% used [0x00000000edc00000,0x00000000edc00000,0x00000000f2c00000)
  from space 10752K, 95% used [0x00000000f6880000,0x00000000f7288000,0x00000000f7300000)
  to   space 9216K, 0% used [0x00000000f7300000,0x00000000f7300000,0x00000000f7c00000)
 ParOldGen       total 33792K, used 13235K [0x00000000c9400000, 0x00000000cb500000, 0x00000000edc00000)
  object space 33792K, 39% used [0x00000000c9400000,0x00000000ca0ecf40,0x00000000cb500000)
 Metaspace       used 20576K, capacity 21596K, committed 21808K, reserved 1069056K
  class space    used 2448K, capacity 2851K, committed 2864K, reserved 1048576K
}
Event: 488.089 GC heap before
{Heap before GC invocations=19 (full 1):
 PSYoungGen      total 92672K, used 92192K [0x00000000edc00000, 0x00000000f7c00000, 0x0000000100000000)
  eden space 81920K, 100% used [0x00000000edc00000,0x00000000f2c00000,0x00000000f2c00000)
  from space 10752K, 95% used [0x00000000f6880000,0x00000000f7288000,0x00000000f7300000)
  to   space 9216K, 0% used [0x00000000f7300000,0x00000000f7300000,0x00000000f7c00000)
 ParOldGen       total 33792K, used 13235K [0x00000000c9400000, 0x00000000cb500000, 0x00000000edc00000)
  object space 33792K, 39% used [0x00000000c9400000,0x00000000ca0ecf40,0x00000000cb500000)
 Metaspace       used 20606K, capacity 21616K, committed 21808K, reserved 1069056K
  class space    used 2454K, capacity 2859K, committed 2864K, reserved 1048576K
Event: 488.121 GC heap after
Heap after GC invocations=19 (full 1):
 PSYoungGen      total 88064K, used 9216K [0x00000000edc00000, 0x00000000f7c00000, 0x0000000100000000)
  eden space 78848K, 0% used [0x00000000edc00000,0x00000000edc00000,0x00000000f2900000)
  from space 9216K, 100% used [0x00000000f7300000,0x00000000f7c00000,0x00000000f7c00000)
  to   space 15872K, 0% used [0x00000000f5d00000,0x00000000f5d00000,0x00000000f6c80000)
 ParOldGen       total 33792K, used 13867K [0x00000000c9400000, 0x00000000cb500000, 0x00000000edc00000)
  object space 33792K, 41% used [0x00000000c9400000,0x00000000ca18af40,0x00000000cb500000)
 Metaspace       used 20606K, capacity 21616K, committed 21808K, reserved 1069056K
  class space    used 2454K, capacity 2859K, committed 2864K, reserved 1048576K
}
Event: 531.009 GC heap before
{Heap before GC invocations=20 (full 1):
 PSYoungGen      total 88064K, used 88064K [0x00000000edc00000, 0x00000000f7c00000, 0x0000000100000000)
  eden space 78848K, 100% used [0x00000000edc00000,0x00000000f2900000,0x00000000f2900000)
  from space 9216K, 100% used [0x00000000f7300000,0x00000000f7c00000,0x00000000f7c00000)
  to   space 15872K, 0% used [0x00000000f5d00000,0x00000000f5d00000,0x00000000f6c80000)
 ParOldGen       total 33792K, used 13867K [0x00000000c9400000, 0x00000000cb500000, 0x00000000edc00000)
  object space 33792K, 41% used [0x00000000c9400000,0x00000000ca18af40,0x00000000cb500000)
 Metaspace       used 20621K, capacity 21648K, committed 21936K, reserved 1069056K
  class space    used 2457K, capacity 2865K, committed 2992K, reserved 1048576K
Event: 531.042 GC heap after
Heap after GC invocations=20 (full 1):
 PSYoungGen      total 83968K, used 7712K [0x00000000edc00000, 0x00000000f7380000, 0x0000000100000000)
  eden space 75776K, 0% used [0x00000000edc00000,0x00000000edc00000,0x00000000f2600000)
  from space 8192K, 94% used [0x00000000f5d00000,0x00000000f6488000,0x00000000f6500000)
  to   space 14848K, 0% used [0x00000000f6500000,0x00000000f6500000,0x00000000f7380000)
 ParOldGen       total 33792K, used 13987K [0x00000000c9400000, 0x00000000cb500000, 0x00000000edc00000)
  object space 33792K, 41% used [0x00000000c9400000,0x00000000ca1a8f40,0x00000000cb500000)
 Metaspace       used 20621K, capacity 21648K, committed 21936K, reserved 1069056K
  class space    used 2457K, capacity 2865K, committed 2992K, reserved 1048576K
}
Event: 547.929 GC heap before
{Heap before GC invocations=21 (full 1):
 PSYoungGen      total 83968K, used 83488K [0x00000000edc00000, 0x00000000f7380000, 0x0000000100000000)
  eden space 75776K, 100% used [0x00000000edc00000,0x00000000f2600000,0x00000000f2600000)
  from space 8192K, 94% used [0x00000000f5d00000,0x00000000f6488000,0x00000000f6500000)
  to   space 14848K, 0% used [0x00000000f6500000,0x00000000f6500000,0x00000000f7380000)
 ParOldGen       total 33792K, used 13987K [0x00000000c9400000, 0x00000000cb500000, 0x00000000edc00000)
  object space 33792K, 41% used [0x00000000c9400000,0x00000000ca1a8f40,0x00000000cb500000)
 Metaspace       used 20649K, capacity 21682K, committed 21936K, reserved 1069056K
  class space    used 2458K, capacity 2869K, committed 2992K, reserved 1048576K
Event: 547.945 GC heap after
Heap after GC invocations=21 (full 1):
 PSYoungGen      total 76288K, used 3200K [0x00000000edc00000, 0x00000000f6880000, 0x0000000100000000)
  eden space 72704K, 0% used [0x00000000edc00000,0x00000000edc00000,0x00000000f2300000)
  from space 3584K, 89% used [0x00000000f6500000,0x00000000f6820000,0x00000000f6880000)
  to   space 14848K, 0% used [0x00000000f4b80000,0x00000000f4b80000,0x00000000f5a00000)
 ParOldGen       total 33792K, used 14043K [0x00000000c9400000, 0x00000000cb500000, 0x00000000edc00000)
  object space 33792K, 41% used [0x00000000c9400000,0x00000000ca1b6f40,0x00000000cb500000)
 Metaspace       used 20649K, capacity 21682K, committed 21936K, reserved 1069056K
  class space    used 2458K, capacity 2869K, committed 2992K, reserved 1048576K
}

Deoptimization events (10 events):
Event: 464.417 Thread 0x0000022c880ae000 Uncommon trap: reason=speculate_class_check action=maybe_recompile pc=0x0000022cef76c4fc method=java.lang.invoke.LambdaFormEditor.bindArgumentI(Ljava/lang/invoke/BoundMethodHandle;II)Ljava/lang/invoke/BoundMethodHandle; @ 55
Event: 464.419 Thread 0x0000022c880ae000 Uncommon trap: reason=speculate_class_check action=maybe_recompile pc=0x0000022cef76c4fc method=java.lang.invoke.LambdaFormEditor.bindArgumentI(Ljava/lang/invoke/BoundMethodHandle;II)Ljava/lang/invoke/BoundMethodHandle; @ 55
Event: 464.420 Thread 0x0000022c880ae000 Uncommon trap: reason=speculate_class_check action=maybe_recompile pc=0x0000022cef76c4fc method=java.lang.invoke.LambdaFormEditor.bindArgumentI(Ljava/lang/invoke/BoundMethodHandle;II)Ljava/lang/invoke/BoundMethodHandle; @ 55
Event: 539.889 Thread 0x0000022c880ae000 Uncommon trap: reason=null_check action=make_not_entrant pc=0x0000022cef5eeb9c method=com.sun.proxy.$Proxy0.GetForegroundWindow()Lcom/sun/jna/Pointer; @ 14
Event: 553.410 Thread 0x0000022c880ae000 Uncommon trap: reason=predicate action=maybe_recompile pc=0x0000022cef03a08c method=com.group_finity.mascot.action.Fall.tick()V @ 182
Event: 561.246 Thread 0x0000022c880af800 Uncommon trap: reason=unstable_if action=reinterpret pc=0x0000022cef321b18 method=java.util.IdentityHashMap.keySet()Ljava/util/Set; @ 6
Event: 561.319 Thread 0x0000022c880b1000 Uncommon trap: reason=unstable_if action=reinterpret pc=0x0000022cef4162b0 method=java.util.concurrent.locks.AbstractQueuedSynchronizer.release(I)Z @ 14
Event: 561.320 Thread 0x0000022c880b0000 Uncommon trap: reason=unstable_if action=reinterpret pc=0x0000022cef4a1a24 method=java.lang.reflect.Field.get(Ljava/lang/Object;)Ljava/lang/Object; @ 4
Event: 561.321 Thread 0x0000022c880b1000 Uncommon trap: reason=unstable_if action=reinterpret pc=0x0000022cef48c9d4 method=java.util.HashMap.clear()V @ 23
Event: 561.321 Thread 0x0000022c880b1000 Uncommon trap: reason=unstable_if action=reinterpret pc=0x0000022ceee7f194 method=java.util.HashMap.clear()V @ 23

Classes redefined (0 events):
No events

Internal exceptions (10 events):
Event: 0.759 Thread 0x0000022ced2b2800 Exception <a 'java/lang/NoSuchFieldError': method resolution failed> (0x00000000edeb1528) thrown at [C:\jenkins\workspace\8-2-build-windows-amd64-cygwin\jdk8u281\880\hotspot\src\share\vm\prims\methodHandles.cpp, line 1169]
Event: 0.762 Thread 0x0000022ced2b2800 Exception <a 'java/lang/NoSuchFieldError': method resolution failed> (0x00000000edebe8c8) thrown at [C:\jenkins\workspace\8-2-build-windows-amd64-cygwin\jdk8u281\880\hotspot\src\share\vm\prims\methodHandles.cpp, line 1169]
Event: 0.951 Thread 0x0000022ced2b2800 Exception <a 'java/io/FileNotFoundException'> (0x00000000edf689e8) thrown at [C:\jenkins\workspace\8-2-build-windows-amd64-cygwin\jdk8u281\880\hotspot\src\share\vm\prims\jni.cpp, line 710]
Event: 1.232 Thread 0x0000022ced2b2800 Exception <a 'java/io/FileNotFoundException'> (0x00000000ee07f120) thrown at [C:\jenkins\workspace\8-2-build-windows-amd64-cygwin\jdk8u281\880\hotspot\src\share\vm\prims\jni.cpp, line 710]
Event: 1.233 Thread 0x0000022ced2b2800 Exception <a 'java/io/FileNotFoundException'> (0x00000000ee081dc0) thrown at [C:\jenkins\workspace\8-2-build-windows-amd64-cygwin\jdk8u281\880\hotspot\src\share\vm\prims\jni.cpp, line 710]
Event: 6.715 Thread 0x0000022ced2b2800 Exception <a 'java/lang/ClassNotFoundException': jdk/nashorn/internal/runtime/ScriptFunction> (0x00000000f09d39f0) thrown at [C:\jenkins\workspace\8-2-build-windows-amd64-cygwin\jdk8u281\880\hotspot\src\share\vm\classfile\systemDictionary.cpp, line 212]
Event: 216.811 Thread 0x0000022c880ae000 Implicit null exception at 0x0000022cef2f5dc4 to 0x0000022cef2f63dd
Event: 310.771 Thread 0x0000022c880ae000 Implicit null exception at 0x0000022cef6f4891 to 0x0000022cef6f4961
Event: 539.889 Thread 0x0000022c880ae000 Implicit null exception at 0x0000022cef5ed2b0 to 0x0000022cef5eeb91
Event: 561.319 Thread 0x0000022c880b1000 Implicit null exception at 0x0000022cef4161c4 to 0x0000022cef41629d

Events (10 events):
Event: 561.321 Thread 0x0000022c880b1000 DEOPT PACKING pc=0x0000022ceee7f194 sp=0x000000521aefeaa0
Event: 561.321 Thread 0x0000022c880b1000 DEOPT UNPACKING pc=0x0000022ceece5843 sp=0x000000521aefea38 mode 2
Event: 561.324 Executing VM operation: RevokeBias
Event: 561.324 Executing VM operation: RevokeBias done
Event: 561.325 Thread 0x0000022c880b1000 Thread exited: 0x0000022c880b1000
Event: 561.325 loading class java/lang/ProcessBuilder
Event: 561.325 loading class java/util/WeakHashMap$KeyIterator
Event: 561.326 loading class java/lang/ProcessBuilder done
Event: 561.327 loading class java/lang/ProcessImpl
Event: 561.327 loading class java/util/WeakHashMap$HashIterator


Dynamic libraries:
0x00007ff70e3b0000 - 0x00007ff70e3f7000 	C:\Program Files\Java\jre1.8.0_281\bin\javaw.exe
0x00007ffa81f00000 - 0x00007ffa820f0000 	C:\windows\SYSTEM32\ntdll.dll
0x00007ffa59b30000 - 0x00007ffa59b42000 	C:\Program Files\AVAST Software\Avast\aswhook.dll
0x00007ffa81b00000 - 0x00007ffa81bb2000 	C:\windows\System32\KERNEL32.DLL
0x00007ffa7fa80000 - 0x00007ffa7fd25000 	C:\windows\System32\KERNELBASE.dll
0x00007ffa803f0000 - 0x00007ffa80493000 	C:\windows\System32\ADVAPI32.dll
0x00007ffa81bc0000 - 0x00007ffa81c5e000 	C:\windows\System32\msvcrt.dll
0x00007ffa80ba0000 - 0x00007ffa80c37000 	C:\windows\System32\sechost.dll
0x00007ffa81950000 - 0x00007ffa81a6f000 	C:\windows\System32\RPCRT4.dll
0x00007ffa7ffc0000 - 0x00007ffa80154000 	C:\windows\System32\USER32.dll
0x00007ffa7ff80000 - 0x00007ffa7ffa1000 	C:\windows\System32\win32u.dll
0x00007ffa817f0000 - 0x00007ffa81816000 	C:\windows\System32\GDI32.dll
0x00007ffa7fde0000 - 0x00007ffa7ff78000 	C:\windows\System32\gdi32full.dll
0x00007ffa7efa0000 - 0x00007ffa7f03e000 	C:\windows\System32\msvcp_win.dll
0x00007ffa7f200000 - 0x00007ffa7f2fa000 	C:\windows\System32\ucrtbase.dll
0x00007ffa61210000 - 0x00007ffa61494000 	C:\windows\WinSxS\amd64_microsoft.windows.common-controls_6595b64144ccf1df_6.0.18362.1379_none_9e7ff3b3e45cc0c4\COMCTL32.dll
0x00007ffa813e0000 - 0x00007ffa81717000 	C:\windows\System32\combase.dll
0x00007ffa7eeb0000 - 0x00007ffa7ef31000 	C:\windows\System32\bcryptPrimitives.dll
0x00007ffa813b0000 - 0x00007ffa813de000 	C:\windows\System32\IMM32.DLL
0x00007ffa62fe0000 - 0x00007ffa62ff5000 	C:\Program Files\Java\jre1.8.0_281\bin\vcruntime140.dll
0x00007ffa46840000 - 0x00007ffa468db000 	C:\Program Files\Java\jre1.8.0_281\bin\msvcp140.dll
0x0000000061a40000 - 0x000000006229f000 	C:\Program Files\Java\jre1.8.0_281\bin\server\jvm.dll
0x00007ffa81af0000 - 0x00007ffa81af8000 	C:\windows\System32\PSAPI.DLL
0x00007ffa66730000 - 0x00007ffa66739000 	C:\windows\SYSTEM32\WSOCK32.dll
0x00007ffa818e0000 - 0x00007ffa8194f000 	C:\windows\System32\WS2_32.dll
0x00007ffa71050000 - 0x00007ffa71074000 	C:\windows\SYSTEM32\WINMM.dll
0x00007ffa77960000 - 0x00007ffa7796a000 	C:\windows\SYSTEM32\VERSION.dll
0x00007ffa71020000 - 0x00007ffa7104d000 	C:\windows\SYSTEM32\WINMMBASE.dll
0x00007ffa7f1b0000 - 0x00007ffa7f1fa000 	C:\windows\System32\cfgmgr32.dll
0x00007ffa7ee60000 - 0x00007ffa7ee71000 	C:\windows\System32\kernel.appcore.dll
0x00007ffa712c0000 - 0x00007ffa712d0000 	C:\Program Files\Java\jre1.8.0_281\bin\verify.dll
0x00007ffa61da0000 - 0x00007ffa61dcb000 	C:\Program Files\Java\jre1.8.0_281\bin\java.dll
0x00007ffa62a50000 - 0x00007ffa62a68000 	C:\Program Files\Java\jre1.8.0_281\bin\zip.dll
0x00007ffa80cc0000 - 0x00007ffa813a8000 	C:\windows\System32\SHELL32.dll
0x00007ffa81da0000 - 0x00007ffa81e47000 	C:\windows\System32\shcore.dll
0x00007ffa7f300000 - 0x00007ffa7fa7b000 	C:\windows\System32\windows.storage.dll
0x00007ffa7ee10000 - 0x00007ffa7ee33000 	C:\windows\System32\profapi.dll
0x00007ffa7edc0000 - 0x00007ffa7ee0a000 	C:\windows\System32\powrprof.dll
0x00007ffa7edb0000 - 0x00007ffa7edc0000 	C:\windows\System32\UMPDC.dll
0x00007ffa806d0000 - 0x00007ffa80722000 	C:\windows\System32\shlwapi.dll
0x00007ffa7f040000 - 0x00007ffa7f057000 	C:\windows\System32\cryptsp.dll
0x00007ffa452d0000 - 0x00007ffa45465000 	C:\Program Files\Java\jre1.8.0_281\bin\awt.dll
0x00007ffa81720000 - 0x00007ffa817e5000 	C:\windows\System32\OLEAUT32.dll
0x00007ffa7cbc0000 - 0x00007ffa7cc4f000 	C:\windows\SYSTEM32\apphelp.dll
0x00007ffa7d420000 - 0x00007ffa7d44d000 	C:\windows\system32\DWMAPI.DLL
0x00007ffa7cde0000 - 0x00007ffa7ce79000 	C:\windows\system32\uxtheme.dll
0x00007ffa3c2e0000 - 0x00007ffa3c436000 	C:\windows\system32\opengl32.dll
0x00007ffa579c0000 - 0x00007ffa579ec000 	C:\windows\SYSTEM32\GLU32.dll
0x00007ffa7d9f0000 - 0x00007ffa7da10000 	C:\windows\SYSTEM32\dxcore.dll
0x00007ffa81c60000 - 0x00007ffa81d95000 	C:\windows\System32\MSCTF.dll
0x00007ffa80290000 - 0x00007ffa803e7000 	C:\windows\System32\ole32.dll
0x00007ffa3c110000 - 0x00007ffa3c2d7000 	C:\windows\system32\d3d9.dll
0x00007ffa6ee20000 - 0x00007ffa6effd000 	C:\windows\System32\DriverStore\FileRepository\u0342612.inf_amd64_f45480a6fb163a4b\B342328\aticfx64.dll
0x00007ffa53fe0000 - 0x00007ffa54010000 	C:\windows\System32\DriverStore\FileRepository\u0342612.inf_amd64_f45480a6fb163a4b\B342328\atiu9p64.dll
0x00007ffa3b440000 - 0x00007ffa3c10b000 	C:\windows\System32\DriverStore\FileRepository\u0342612.inf_amd64_f45480a6fb163a4b\B342328\atiumd64.dll
0x0000000060cb0000 - 0x0000000061a33000 	C:\windows\System32\DriverStore\FileRepository\u0342612.inf_amd64_f45480a6fb163a4b\B342328\atiumd6a.dll
0x00007ffa62680000 - 0x00007ffa6269c000 	C:\Program Files\Java\jre1.8.0_281\bin\net.dll
0x00007ffa7e590000 - 0x00007ffa7e5f7000 	C:\windows\system32\mswsock.dll
0x00007ffa621a0000 - 0x00007ffa621b3000 	C:\Program Files\Java\jre1.8.0_281\bin\nio.dll
0x00007ffa7e110000 - 0x00007ffa7e143000 	C:\windows\system32\rsaenh.dll
0x00007ffa7ee80000 - 0x00007ffa7eea6000 	C:\windows\System32\bcrypt.dll
0x00007ffa7ec90000 - 0x00007ffa7ecb5000 	C:\windows\SYSTEM32\USERENV.dll
0x00007ffa7e760000 - 0x00007ffa7e76c000 	C:\windows\SYSTEM32\CRYPTBASE.dll
0x00007ffa7e2a0000 - 0x00007ffa7e2da000 	C:\windows\SYSTEM32\IPHLPAPI.DLL
0x00007ffa81820000 - 0x00007ffa81828000 	C:\windows\System32\NSI.dll
0x00007ffa7d6a0000 - 0x00007ffa7d6b6000 	C:\windows\SYSTEM32\dhcpcsvc6.DLL
0x00007ffa7d680000 - 0x00007ffa7d69c000 	C:\windows\SYSTEM32\dhcpcsvc.DLL
0x00007ffa7e2e0000 - 0x00007ffa7e3ab000 	C:\windows\SYSTEM32\DNSAPI.dll
0x0000000180000000 - 0x0000000180032000 	C:\Users\phainon\AppData\Local\Temp\jna6831172724825750566.tmp
0x00007ffa45ae0000 - 0x00007ffa45b29000 	C:\Program Files\Java\jre1.8.0_281\bin\fontmanager.dll
0x00007ffa7a5a0000 - 0x00007ffa7a64e000 	C:\windows\SYSTEM32\mscms.dll
0x00007ffa7a580000 - 0x00007ffa7a597000 	C:\windows\SYSTEM32\ColorAdapterClient.dll
0x00007ffa45a90000 - 0x00007ffa45ad3000 	C:\windows\SYSTEM32\icm32.dll
0x00007ffa7d770000 - 0x00007ffa7d964000 	C:\windows\SYSTEM32\dbghelp.dll

VM Arguments:
java_command: C:\Users\phainon\Documents\wwwwwww\Kim Dokja shimejiee\Shimeji-ee.jar
java_class_path (initial): C:\Users\phainon\Documents\wwwwwww\Kim Dokja shimejiee\Shimeji-ee.jar
Launcher Type: SUN_STANDARD

Environment Variables:
PATH=C:\Program Files (x86)\Common Files\Oracle\Java\javapath;C:\windows\system32;C:\windows;C:\windows\System32\Wbem;C:\windows\System32\WindowsPowerShell\v1.0\;C:\windows\System32\OpenSSH\;C:\Users\phainon\AppData\Local\Microsoft\WindowsApps;
USERNAME=phainon
OS=Windows_NT
PROCESSOR_IDENTIFIER=AMD64 Family 23 Model 24 Stepping 1, AuthenticAMD



---------------  S Y S T E M  ---------------

OS: Windows 10.0 , 64 bit Build 18362 (10.0.18362.1350)

CPU:total 4 (initial active 4) (4 cores per cpu, 1 threads per core) family 23 model 24 stepping 1, cmov, cx8, fxsr, mmx, sse, sse2, sse3, ssse3, sse4.1, sse4.2, popcnt, avx, avx2, aes, clmul, mmxext, 3dnowpref, lzcnt, sse4a, tsc, tscinvbit, tscinv, bmi1

Memory: 4k page, physical 3582420k(742268k free), swap 10660308k(6295984k free)

vm_info: Java HotSpot(TM) 64-Bit Server VM (25.281-b09) for windows-amd64 JRE (1.8.0_281-b09), built on Dec  9 2020 13:54:07 by "" with MS VC++ 15.9 (VS2017)

time: Fri Feb 26 13:54:07 2021
timezone: Malay Peninsula Standard Time
elapsed time: 561.524051 seconds (0d 0h 9m 21s)

