#
# A fatal error has been detected by the Java Runtime Environment:
#
#  EXCEPTION_ACCESS_VIOLATION (0xc0000005) at pc=0x0000000055bc9d13, pid=2900, tid=0x00000000000021fc
#
# JRE version: Java(TM) SE Runtime Environment (8.0_281-b09) (build 1.8.0_281-b09)
# Java VM: Java HotSpot(TM) 64-Bit Server VM (25.281-b09 mixed mode windows-amd64 compressed oops)
# Problematic frame:
# V  [jvm.dll+0x149d13]
#
# Failed to write core dump. Minidumps are not enabled by default on client versions of Windows
#
# If you would like to submit a bug report, please visit:
#   http://bugreport.java.com/bugreport/crash.jsp
#

---------------  T H R E A D  ---------------

Current thread (0x00000226b1925800):  JavaThread "Thread-7" [_thread_in_vm, id=8700, stack(0x000000d2df500000,0x000000d2df600000)]

siginfo: ExceptionCode=0xc0000005, reading address 0x0000000000000000

Registers:
RAX=0x0000000000000000, RBX=0x00000226b1925800, RCX=0x0000000000000580, RDX=0x00000226b1a56ed0
RSP=0x000000d2df5feaf0, RBP=0x00000226b1925800, RSI=0x0000000000000000, RDI=0x0000000000000000
R8 =0x0000000000000000, R9 =0x0000000000000010, R10=0x0000000000004bd6, R11=0x0000000056258a5c
R12=0x0000000000000000, R13=0x0000000000000000, R14=0x00000226b1a56ed0, R15=0x00000226b1925800
RIP=0x0000000055bc9d13, EFLAGS=0x0000000000010246

Top of Stack: (sp=0x000000d2df5feaf0)
0x000000d2df5feaf0:   0000000000000000 0000000000000000
0x000000d2df5feb00:   0000000000000000 000000d2df5fec10
0x000000d2df5feb10:   000000d2df5fed00 00000001800012ca
0x000000d2df5feb20:   0000000000000038 000000d2df5fec10
0x000000d2df5feb30:   0000000000000000 0000000000000000
0x000000d2df5feb40:   000000d2df5ff2d0 0000000180002440
0x000000d2df5feb50:   0000000000000000 00000001800011a9
0x000000d2df5feb60:   0000000000000004 00000226a9f48840
0x000000d2df5feb70:   00000226b1925800 0000000055dae4d2
0x000000d2df5feb80:   0000000055c8abc0 0000000000000000
0x000000d2df5feb90:   0000000000000000 00000226b1925800
0x000000d2df5feba0:   000000d2df5fec18 0000000180002440
0x000000d2df5febb0:   0000000000000000 0000000180001173
0x000000d2df5febc0:   0000000000000000 0000000180002440
0x000000d2df5febd0:   0000000000000000 000000018000113a
0x000000d2df5febe0:   0000000000000038 000000d2df5fec10 

Instructions: (pc=0x0000000055bc9d13)
0x0000000055bc9cf3:   00 40 b7 01 4d 85 f6 0f 84 84 00 00 00 40 32 ff
0x0000000055bc9d03:   40 f6 c6 01 74 0a 48 8b ce e8 4f 26 0c 00 eb 03
0x0000000055bc9d13:   48 8b 06 48 8b c8 e8 f2 4d f2 ff 48 8b f0 48 85
0x0000000055bc9d23:   c0 74 5e 41 f6 c6 01 74 0a 49 8b ce e8 2c 26 0c 


Register to memory mapping:

RAX=0x0000000000000000 is an unknown value
RBX=0x00000226b1925800 is a thread
RCX=0x0000000000000580 is an unknown value
RDX=0x00000226b1a56ed0 is an unknown value
RSP=0x000000d2df5feaf0 is pointing into the stack for thread: 0x00000226b1925800
RBP=0x00000226b1925800 is a thread
RSI=0x0000000000000000 is an unknown value
RDI=0x0000000000000000 is an unknown value
R8 =0x0000000000000000 is an unknown value
R9 =0x0000000000000010 is an unknown value
R10=0x0000000000004bd6 is an unknown value
R11=0x0000000056258a5c is an unknown value
R12=0x0000000000000000 is an unknown value
R13=0x0000000000000000 is an unknown value
R14=0x00000226b1a56ed0 is an unknown value
R15=0x00000226b1925800 is a thread


Stack: [0x000000d2df500000,0x000000d2df600000],  sp=0x000000d2df5feaf0,  free space=1018k
Native frames: (J=compiled Java code, j=interpreted, Vv=VM code, C=native code)
V  [jvm.dll+0x149d13]
C  [jna1921365441893396590.tmp+0x12ca]
C  [jna1921365441893396590.tmp+0x2487]
C  0x00000226992d762c

Java frames: (J=compiled Java code, j=interpreted, Vv=VM code)
J 2332  com.sun.jna.Function.invokeInt(I[Ljava/lang/Object;)I (0 bytes) @ 0x00000226992d758f [0x00000226992d7540+0x4f]
J 2454 C2 com.sun.jna.Function.invoke([Ljava/lang/Object;Ljava/lang/Class;Z)Ljava/lang/Object; (1141 bytes) @ 0x00000226992f6c38 [0x00000226992f6980+0x2b8]
J 2433 C2 com.sun.jna.Function.invoke(Ljava/lang/Class;[Ljava/lang/Object;Ljava/util/Map;)Ljava/lang/Object; (572 bytes) @ 0x0000022698e6fc14 [0x0000022698e6ed60+0xeb4]
J 2439 C2 com.sun.jna.Library$Handler.invoke(Ljava/lang/Object;Ljava/lang/reflect/Method;[Ljava/lang/Object;)Ljava/lang/Object; (348 bytes) @ 0x00000226992ef3a8 [0x00000226992eeee0+0x4c8]
J 8818 C2 com.group_finity.mascot.win.WindowsEnvironment.tick()V (72 bytes) @ 0x000002269983f768 [0x000002269983f1c0+0x5a8]
J 4767% C2 com.group_finity.mascot.Manager$2.run()V (70 bytes) @ 0x0000022699817ba4 [0x0000022699817720+0x484]
v  ~StubRoutines::call_stub

---------------  P R O C E S S  ---------------

Java Threads: ( => current thread )
  0x00000226abc68800 JavaThread "Thread-5" [_thread_in_native, id=8632, stack(0x000000d2dfa00000,0x000000d2dfb00000)]
  0x00000226abc67000 JavaThread "Thread-2" daemon [_thread_in_native, id=10404, stack(0x000000d2df000000,0x000000d2df100000)]
  0x00000226abc65800 JavaThread "SIGTERM handler" daemon [_thread_blocked, id=8104, stack(0x000000d2dee00000,0x000000d2def00000)]
  0x00000226b0d53800 JavaThread "TimerQueue" daemon [_thread_blocked, id=13688, stack(0x000000d2ded00000,0x000000d2dee00000)]
  0x00000226971e3000 JavaThread "DestroyJavaVM" [_thread_blocked, id=11412, stack(0x000000d2dda00000,0x000000d2ddb00000)]
=>0x00000226b1925800 JavaThread "Thread-7" [_thread_in_vm, id=8700, stack(0x000000d2df500000,0x000000d2df600000)]
  0x00000226b0912000 JavaThread "AWT-EventQueue-0" [_thread_in_native, id=8464, stack(0x000000d2df400000,0x000000d2df500000)]
  0x00000226b0910000 JavaThread "AWT-Shutdown" [_thread_blocked, id=9280, stack(0x000000d2df300000,0x000000d2df400000)]
  0x00000226b0939000 JavaThread "Thread-4" daemon [_thread_blocked, id=6080, stack(0x000000d2deb00000,0x000000d2dec00000)]
  0x00000226abe75800 JavaThread "AWT-Windows" daemon [_thread_in_native, id=2640, stack(0x000000d2dec00000,0x000000d2ded00000)]
  0x00000226abe68800 JavaThread "Java2D Disposer" daemon [_thread_blocked, id=10584, stack(0x000000d2dea00000,0x000000d2deb00000)]
  0x00000226abc13800 JavaThread "Thread-1" daemon [_thread_blocked, id=10352, stack(0x000000d2de900000,0x000000d2dea00000)]
  0x00000226aafc1000 JavaThread "Service Thread" daemon [_thread_blocked, id=2340, stack(0x000000d2de700000,0x000000d2de800000)]
  0x00000226aafbf800 JavaThread "C1 CompilerThread2" daemon [_thread_blocked, id=13852, stack(0x000000d2de600000,0x000000d2de700000)]
  0x00000226aafbd800 JavaThread "C2 CompilerThread1" daemon [_thread_blocked, id=11808, stack(0x000000d2de500000,0x000000d2de600000)]
  0x00000226aaf5e800 JavaThread "C2 CompilerThread0" daemon [_thread_blocked, id=13336, stack(0x000000d2de400000,0x000000d2de500000)]
  0x00000226aaf5b800 JavaThread "Attach Listener" daemon [_thread_blocked, id=6736, stack(0x000000d2de300000,0x000000d2de400000)]
  0x00000226aaf5a000 JavaThread "Signal Dispatcher" daemon [_thread_blocked, id=11248, stack(0x000000d2de200000,0x000000d2de300000)]
  0x00000226aaf46000 JavaThread "Finalizer" daemon [_thread_blocked, id=5908, stack(0x000000d2de100000,0x000000d2de200000)]
  0x00000226aaf25800 JavaThread "Reference Handler" daemon [_thread_blocked, id=3244, stack(0x000000d2de000000,0x000000d2de100000)]

Other Threads:
  0x00000226aaf24000 VMThread [stack: 0x000000d2ddf00000,0x000000d2de000000] [id=3040]
  0x00000226aafc7800 WatcherThread [stack: 0x000000d2de800000,0x000000d2de900000] [id=2392]

VM state:not at safepoint (normal execution)

VM Mutex/Monitor currently owned by a thread: None

heap address: 0x00000000c9400000, size: 876 MB, Compressed Oops mode: 32-bit
Narrow klass base: 0x0000000000000000, Narrow klass shift: 3
Compressed class space size: 1073741824 Address: 0x0000000100000000

Heap:
 PSYoungGen      total 9728K, used 9122K [0x00000000edc00000, 0x00000000ee800000, 0x0000000100000000)
  eden space 7168K, 99% used [0x00000000edc00000,0x00000000ee2f8bf0,0x00000000ee300000)
  from space 2560K, 77% used [0x00000000ee300000,0x00000000ee4f0000,0x00000000ee580000)
  to   space 2560K, 0% used [0x00000000ee580000,0x00000000ee580000,0x00000000ee800000)
 ParOldGen       total 27136K, used 20391K [0x00000000c9400000, 0x00000000cae80000, 0x00000000edc00000)
  object space 27136K, 75% used [0x00000000c9400000,0x00000000ca7e9df0,0x00000000cae80000)
 Metaspace       used 24439K, capacity 26126K, committed 29056K, reserved 1075200K
  class space    used 2767K, capacity 3312K, committed 4224K, reserved 1048576K

Card table byte_map: [0x00000226a7f10000,0x00000226a80d0000] byte_map_base: 0x00000226a78c6000

Marking Bits: (ParMarkBitMap*) 0x0000000056266ff0
 Begin Bits: [0x00000226a8200000, 0x00000226a8fb0000)
 End Bits:   [0x00000226a8fb0000, 0x00000226a9d60000)

Polling page: 0x0000022697170000

CodeCache: size=245760Kb used=21332Kb max_used=21530Kb free=224427Kb
 bounds [0x0000022698b50000, 0x000002269a0b0000, 0x00000226a7b50000]
 total_blobs=6709 nmethods=6116 adapters=504
 compilation: enabled

Compilation events (10 events):
Event: 33610.901 Thread 0x00000226aafbf800 9522       3       jdk.nashorn.internal.scripts.Script$2062$\^eval\_:::createProgramFunction (9 bytes)
Event: 33610.903 Thread 0x00000226aafbf800 nmethod 9522 0x0000022699eb6f10 code [0x0000022699eb7100, 0x0000022699eb7a50]
Event: 33698.776 Thread 0x00000226aafbf800 9523       3       jdk.nashorn.internal.scripts.Script$2066$\^eval\_:::createProgramFunction (9 bytes)
Event: 33698.777 Thread 0x00000226aafbf800 nmethod 9523 0x0000022699377510 code [0x0000022699377700, 0x0000022699378050]
Event: 33845.176 Thread 0x00000226aafbf800 9524       3       java.lang.invoke.LambdaForm$BMH/1543653484::reinvoke (76 bytes)
Event: 33845.185 Thread 0x00000226aafbf800 nmethod 9524 0x00000226995c2d50 code [0x00000226995c2f20, 0x00000226995c3bd0]
Event: 33870.990 Thread 0x00000226aafbf800 9525       3       java.util.logging.LogManager$LoggerContext::getRootLogger (8 bytes)
Event: 33870.991 Thread 0x00000226aafbf800 nmethod 9525 0x0000022699b79d90 code [0x0000022699b79ee0, 0x0000022699b7a0f8]
Event: 33871.003 Thread 0x00000226aafbf800 9526       3       java.util.logging.LogManager$LoggerContext::getGlobalLogger (6 bytes)
Event: 33871.004 Thread 0x00000226aafbf800 nmethod 9526 0x00000226995c2a10 code [0x00000226995c2b60, 0x00000226995c2cb8]

GC Heap History (10 events):
Event: 33836.172 GC heap before
{Heap before GC invocations=8205 (full 20):
 PSYoungGen      total 10240K, used 8992K [0x00000000edc00000, 0x00000000ee900000, 0x0000000100000000)
  eden space 7168K, 100% used [0x00000000edc00000,0x00000000ee300000,0x00000000ee300000)
  from space 3072K, 59% used [0x00000000ee600000,0x00000000ee7c8000,0x00000000ee900000)
  to   space 3072K, 0% used [0x00000000ee300000,0x00000000ee300000,0x00000000ee600000)
 ParOldGen       total 27136K, used 20135K [0x00000000c9400000, 0x00000000cae80000, 0x00000000edc00000)
  object space 27136K, 74% used [0x00000000c9400000,0x00000000ca7a9df0,0x00000000cae80000)
 Metaspace       used 24402K, capacity 26062K, committed 29056K, reserved 1075200K
  class space    used 2764K, capacity 3312K, committed 4224K, reserved 1048576K
Event: 33836.181 GC heap after
Heap after GC invocations=8205 (full 20):
 PSYoungGen      total 9216K, used 1888K [0x00000000edc00000, 0x00000000ee800000, 0x0000000100000000)
  eden space 7168K, 0% used [0x00000000edc00000,0x00000000edc00000,0x00000000ee300000)
  from space 2048K, 92% used [0x00000000ee300000,0x00000000ee4d8000,0x00000000ee500000)
  to   space 2560K, 0% used [0x00000000ee580000,0x00000000ee580000,0x00000000ee800000)
 ParOldGen       total 27136K, used 20159K [0x00000000c9400000, 0x00000000cae80000, 0x00000000edc00000)
  object space 27136K, 74% used [0x00000000c9400000,0x00000000ca7afdf0,0x00000000cae80000)
 Metaspace       used 24402K, capacity 26062K, committed 29056K, reserved 1075200K
  class space    used 2764K, capacity 3312K, committed 4224K, reserved 1048576K
}
Event: 33845.169 GC heap before
{Heap before GC invocations=8206 (full 20):
 PSYoungGen      total 9216K, used 9048K [0x00000000edc00000, 0x00000000ee800000, 0x0000000100000000)
  eden space 7168K, 99% used [0x00000000edc00000,0x00000000ee2fe0f8,0x00000000ee300000)
  from space 2048K, 92% used [0x00000000ee300000,0x00000000ee4d8000,0x00000000ee500000)
  to   space 2560K, 0% used [0x00000000ee580000,0x00000000ee580000,0x00000000ee800000)
 ParOldGen       total 27136K, used 20159K [0x00000000c9400000, 0x00000000cae80000, 0x00000000edc00000)
  object space 27136K, 74% used [0x00000000c9400000,0x00000000ca7afdf0,0x00000000cae80000)
 Metaspace       used 24402K, capacity 26062K, committed 29056K, reserved 1075200K
  class space    used 2764K, capacity 3312K, committed 4224K, reserved 1048576K
Event: 33845.175 GC heap after
Heap after GC invocations=8206 (full 20):
 PSYoungGen      total 9728K, used 1696K [0x00000000edc00000, 0x00000000ee800000, 0x0000000100000000)
  eden space 7168K, 0% used [0x00000000edc00000,0x00000000edc00000,0x00000000ee300000)
  from space 2560K, 66% used [0x00000000ee580000,0x00000000ee728000,0x00000000ee800000)
  to   space 2560K, 0% used [0x00000000ee300000,0x00000000ee300000,0x00000000ee580000)
 ParOldGen       total 27136K, used 20167K [0x00000000c9400000, 0x00000000cae80000, 0x00000000edc00000)
  object space 27136K, 74% used [0x00000000c9400000,0x00000000ca7b1df0,0x00000000cae80000)
 Metaspace       used 24402K, capacity 26062K, committed 29056K, reserved 1075200K
  class space    used 2764K, capacity 3312K, committed 4224K, reserved 1048576K
}
Event: 33850.688 GC heap before
{Heap before GC invocations=8207 (full 20):
 PSYoungGen      total 9728K, used 8864K [0x00000000edc00000, 0x00000000ee800000, 0x0000000100000000)
  eden space 7168K, 100% used [0x00000000edc00000,0x00000000ee300000,0x00000000ee300000)
  from space 2560K, 66% used [0x00000000ee580000,0x00000000ee728000,0x00000000ee800000)
  to   space 2560K, 0% used [0x00000000ee300000,0x00000000ee300000,0x00000000ee580000)
 ParOldGen       total 27136K, used 20167K [0x00000000c9400000, 0x00000000cae80000, 0x00000000edc00000)
  object space 27136K, 74% used [0x00000000c9400000,0x00000000ca7b1df0,0x00000000cae80000)
 Metaspace       used 24403K, capacity 26062K, committed 29056K, reserved 1075200K
  class space    used 2764K, capacity 3312K, committed 4224K, reserved 1048576K
Event: 33850.700 GC heap after
Heap after GC invocations=8207 (full 20):
 PSYoungGen      total 9728K, used 1120K [0x00000000edc00000, 0x00000000ee800000, 0x0000000100000000)
  eden space 7168K, 0% used [0x00000000edc00000,0x00000000edc00000,0x00000000ee300000)
  from space 2560K, 43% used [0x00000000ee300000,0x00000000ee418000,0x00000000ee580000)
  to   space 2560K, 0% used [0x00000000ee580000,0x00000000ee580000,0x00000000ee800000)
 ParOldGen       total 27136K, used 20199K [0x00000000c9400000, 0x00000000cae80000, 0x00000000edc00000)
  object space 27136K, 74% used [0x00000000c9400000,0x00000000ca7b9df0,0x00000000cae80000)
 Metaspace       used 24403K, capacity 26062K, committed 29056K, reserved 1075200K
  class space    used 2764K, capacity 3312K, committed 4224K, reserved 1048576K
}
Event: 33855.767 GC heap before
{Heap before GC invocations=8208 (full 20):
 PSYoungGen      total 9728K, used 8288K [0x00000000edc00000, 0x00000000ee800000, 0x0000000100000000)
  eden space 7168K, 100% used [0x00000000edc00000,0x00000000ee300000,0x00000000ee300000)
  from space 2560K, 43% used [0x00000000ee300000,0x00000000ee418000,0x00000000ee580000)
  to   space 2560K, 0% used [0x00000000ee580000,0x00000000ee580000,0x00000000ee800000)
 ParOldGen       total 27136K, used 20199K [0x00000000c9400000, 0x00000000cae80000, 0x00000000edc00000)
  object space 27136K, 74% used [0x00000000c9400000,0x00000000ca7b9df0,0x00000000cae80000)
 Metaspace       used 24403K, capacity 26062K, committed 29056K, reserved 1075200K
  class space    used 2764K, capacity 3312K, committed 4224K, reserved 1048576K
Event: 33855.771 GC heap after
Heap after GC invocations=8208 (full 20):
 PSYoungGen      total 9728K, used 1120K [0x00000000edc00000, 0x00000000ee800000, 0x0000000100000000)
  eden space 7168K, 0% used [0x00000000edc00000,0x00000000edc00000,0x00000000ee300000)
  from space 2560K, 43% used [0x00000000ee580000,0x00000000ee698000,0x00000000ee800000)
  to   space 2560K, 0% used [0x00000000ee300000,0x00000000ee300000,0x00000000ee580000)
 ParOldGen       total 27136K, used 20239K [0x00000000c9400000, 0x00000000cae80000, 0x00000000edc00000)
  object space 27136K, 74% used [0x00000000c9400000,0x00000000ca7c3df0,0x00000000cae80000)
 Metaspace       used 24403K, capacity 26062K, committed 29056K, reserved 1075200K
  class space    used 2764K, capacity 3312K, committed 4224K, reserved 1048576K
}
Event: 33866.607 GC heap before
{Heap before GC invocations=8209 (full 20):
 PSYoungGen      total 9728K, used 8288K [0x00000000edc00000, 0x00000000ee800000, 0x0000000100000000)
  eden space 7168K, 100% used [0x00000000edc00000,0x00000000ee300000,0x00000000ee300000)
  from space 2560K, 43% used [0x00000000ee580000,0x00000000ee698000,0x00000000ee800000)
  to   space 2560K, 0% used [0x00000000ee300000,0x00000000ee300000,0x00000000ee580000)
 ParOldGen       total 27136K, used 20239K [0x00000000c9400000, 0x00000000cae80000, 0x00000000edc00000)
  object space 27136K, 74% used [0x00000000c9400000,0x00000000ca7c3df0,0x00000000cae80000)
 Metaspace       used 24403K, capacity 26062K, committed 29056K, reserved 1075200K
  class space    used 2764K, capacity 3312K, committed 4224K, reserved 1048576K
Event: 33866.617 GC heap after
Heap after GC invocations=8209 (full 20):
 PSYoungGen      total 9728K, used 1984K [0x00000000edc00000, 0x00000000ee800000, 0x0000000100000000)
  eden space 7168K, 0% used [0x00000000edc00000,0x00000000edc00000,0x00000000ee300000)
  from space 2560K, 77% used [0x00000000ee300000,0x00000000ee4f0000,0x00000000ee580000)
  to   space 2560K, 0% used [0x00000000ee580000,0x00000000ee580000,0x00000000ee800000)
 ParOldGen       total 27136K, used 20391K [0x00000000c9400000, 0x00000000cae80000, 0x00000000edc00000)
  object space 27136K, 75% used [0x00000000c9400000,0x00000000ca7e9df0,0x00000000cae80000)
 Metaspace       used 24403K, capacity 26062K, committed 29056K, reserved 1075200K
  class space    used 2764K, capacity 3312K, committed 4224K, reserved 1048576K
}

Deoptimization events (10 events):
Event: 29945.317 Thread 0x00000226b1925800 Uncommon trap: reason=unhandled action=reinterpret pc=0x0000022699acf0b8 method=java.lang.invoke.CallSite.<init>(Ljava/lang/invoke/MethodType;)V @ 10
Event: 30618.874 Thread 0x00000226b1925800 Uncommon trap: reason=unstable_if action=reinterpret pc=0x0000022699de58e0 method=com.group_finity.mascot.win.WindowsEnvironment.findActiveIE()Lcom/sun/jna/Pointer; @ 77
Event: 30904.192 Thread 0x00000226b1925800 Uncommon trap: reason=intrinsic action=reinterpret pc=0x0000022699f1af94 method=java.lang.invoke.LambdaForm$MH/1608297024.guard(Ljava/lang/Object;Ljava/lang/Object;)Ljava/lang/Object; @ 46
Event: 32305.925 Thread 0x00000226b1925800 Uncommon trap: reason=intrinsic action=reinterpret pc=0x0000022699fb8c54 method=java.lang.invoke.LambdaForm$MH/1608297024.guard(Ljava/lang/Object;Ljava/lang/Object;)Ljava/lang/Object; @ 46
Event: 32720.027 Thread 0x00000226b1925800 Uncommon trap: reason=intrinsic action=reinterpret pc=0x0000022699a4c620 method=java.lang.invoke.LambdaForm$MH/1608297024.guard(Ljava/lang/Object;Ljava/lang/Object;)Ljava/lang/Object; @ 46
Event: 33084.862 Thread 0x00000226b1925800 Uncommon trap: reason=speculate_class_check action=maybe_recompile pc=0x00000226991b7ae0 method=java.nio.charset.CharsetDecoder.replaceWith(Ljava/lang/String;)Ljava/nio/charset/CharsetDecoder; @ 63
Event: 33213.699 Thread 0x00000226b1925800 Uncommon trap: reason=class_check action=maybe_recompile pc=0x0000022699550ca0 method=com.group_finity.mascot.action.Animate.tick()V @ 22
Event: 33870.956 Thread 0x00000226b1d13800 Uncommon trap: reason=unstable_if action=reinterpret pc=0x00000226994b99cc method=sun.java2d.d3d.D3DScreenUpdateManager.run()V @ 4
Event: 33870.960 Thread 0x00000226b0912000 Uncommon trap: reason=unstable_if action=reinterpret pc=0x000002269929666c method=sun.java2d.d3d.D3DScreenUpdateManager.createGraphics(Lsun/java2d/SurfaceData;Lsun/awt/windows/WComponentPeer;Ljava/awt/Color;Ljava/awt/Color;Ljava/awt/Font;)Ljava/awt/Graphi
Event: 33870.969 Thread 0x00000226abc68800 Uncommon trap: reason=unstable_if action=reinterpret pc=0x0000022699306524 method=java.lang.reflect.Field.get(Ljava/lang/Object;)Ljava/lang/Object; @ 4

Classes redefined (0 events):
No events

Internal exceptions (10 events):
Event: 13082.657 Thread 0x00000226b1925800 Implicit null exception at 0x00000226997bc7cb to 0x00000226997bd3dd
Event: 13312.496 Thread 0x00000226b1925800 Implicit null exception at 0x00000226994d3576 to 0x00000226994d8d3d
Event: 18671.516 Thread 0x00000226b1925800 Implicit null exception at 0x0000022699887f25 to 0x00000226998886d5
Event: 24344.744 Thread 0x00000226b1925800 Implicit null exception at 0x00000226994b8366 to 0x00000226994b9bb1
Event: 24344.749 Thread 0x00000226b1925800 Implicit null exception at 0x000002269988dea5 to 0x000002269988f969
Event: 24344.753 Thread 0x00000226b1925800 Implicit null exception at 0x0000022699d1c06a to 0x0000022699d1d241
Event: 24344.754 Thread 0x00000226b1925800 Implicit null exception at 0x0000022698d6a55e to 0x0000022698d6a6d5
Event: 24344.757 Thread 0x00000226b1925800 Implicit null exception at 0x000002269934f777 to 0x00000226993502c1
Event: 24344.758 Thread 0x00000226b1925800 Implicit null exception at 0x0000022699721007 to 0x0000022699721095
Event: 28045.177 Thread 0x00000226b1925800 Implicit null exception at 0x0000022699f1b57c to 0x0000022699f1f0b1

Events (10 events):
Event: 33870.968 Thread 0x00000226abc68000 Thread exited: 0x00000226abc68000
Event: 33870.969 Thread 0x00000226abc68800 Uncommon trap: trap_request=0xffffff65 fr.pc=0x0000022699306524
Event: 33870.969 Thread 0x00000226abc68800 DEOPT PACKING pc=0x0000022699306524 sp=0x000000d2dfaff0b0
Event: 33870.970 Thread 0x00000226abc68800 DEOPT UNPACKING pc=0x0000022698b95843 sp=0x000000d2dfaff060 mode 2
Event: 33870.989 Executing VM operation: RevokeBias
Event: 33870.990 Executing VM operation: RevokeBias done
Event: 33870.990 Thread 0x00000226abc64000 Thread exited: 0x00000226abc64000
Event: 33870.997 loading class java/lang/ProcessBuilder
Event: 33871.001 Thread 0x00000226aafbf800 flushing nmethod 0x0000022699a4be10
Event: 33871.001 Thread 0x00000226aafbf800 flushing nmethod 0x0000022699a4d910


Dynamic libraries:
0x00007ff610c90000 - 0x00007ff610cd7000 	C:\Program Files\Java\jre1.8.0_281\bin\javaw.exe
0x00007ffae88c0000 - 0x00007ffae8ab0000 	C:\windows\SYSTEM32\ntdll.dll
0x00007ffac48c0000 - 0x00007ffac48d2000 	C:\Program Files\AVAST Software\Avast\aswhook.dll
0x00007ffae6ec0000 - 0x00007ffae6f72000 	C:\windows\System32\KERNEL32.DLL
0x00007ffae5ad0000 - 0x00007ffae5d75000 	C:\windows\System32\KERNELBASE.dll
0x00007ffae7de0000 - 0x00007ffae7e83000 	C:\windows\System32\ADVAPI32.dll
0x00007ffae8300000 - 0x00007ffae839e000 	C:\windows\System32\msvcrt.dll
0x00007ffae8470000 - 0x00007ffae8507000 	C:\windows\System32\sechost.dll
0x00007ffae7cc0000 - 0x00007ffae7ddf000 	C:\windows\System32\RPCRT4.dll
0x00007ffae7740000 - 0x00007ffae78d4000 	C:\windows\System32\USER32.dll
0x00007ffae5de0000 - 0x00007ffae5e01000 	C:\windows\System32\win32u.dll
0x00007ffae7690000 - 0x00007ffae76b6000 	C:\windows\System32\GDI32.dll
0x00007ffae5930000 - 0x00007ffae5ac8000 	C:\windows\System32\gdi32full.dll
0x00007ffae5fa0000 - 0x00007ffae603e000 	C:\windows\System32\msvcp_win.dll
0x00007ffae5830000 - 0x00007ffae592a000 	C:\windows\System32\ucrtbase.dll
0x00007ffacc080000 - 0x00007ffacc304000 	C:\windows\WinSxS\amd64_microsoft.windows.common-controls_6595b64144ccf1df_6.0.18362.1440_none_9e7dbfb9e45e8e67\COMCTL32.dll
0x00007ffae6ab0000 - 0x00007ffae6de6000 	C:\windows\System32\combase.dll
0x00007ffae68e0000 - 0x00007ffae6961000 	C:\windows\System32\bcryptPrimitives.dll
0x00007ffae8720000 - 0x00007ffae874e000 	C:\windows\System32\IMM32.DLL
0x00007ffabd980000 - 0x00007ffabd995000 	C:\Program Files\Java\jre1.8.0_281\bin\vcruntime140.dll
0x00007ffaad0c0000 - 0x00007ffaad15b000 	C:\Program Files\Java\jre1.8.0_281\bin\msvcp140.dll
0x0000000055a80000 - 0x00000000562df000 	C:\Program Files\Java\jre1.8.0_281\bin\server\jvm.dll
0x00007ffae78f0000 - 0x00007ffae78f8000 	C:\windows\System32\PSAPI.DLL
0x00007ffaccfc0000 - 0x00007ffaccfc9000 	C:\windows\SYSTEM32\WSOCK32.dll
0x00007ffae83a0000 - 0x00007ffae840f000 	C:\windows\System32\WS2_32.dll
0x00007ffae1ed0000 - 0x00007ffae1ef4000 	C:\windows\SYSTEM32\WINMM.dll
0x00007ffadcae0000 - 0x00007ffadcaea000 	C:\windows\SYSTEM32\VERSION.dll
0x00007ffae1ea0000 - 0x00007ffae1ecd000 	C:\windows\SYSTEM32\WINMMBASE.dll
0x00007ffae6060000 - 0x00007ffae60aa000 	C:\windows\System32\cfgmgr32.dll
0x00007ffae57a0000 - 0x00007ffae57b1000 	C:\windows\System32\kernel.appcore.dll
0x00007ffac8210000 - 0x00007ffac8220000 	C:\Program Files\Java\jre1.8.0_281\bin\verify.dll
0x00007ffabbf70000 - 0x00007ffabbf9b000 	C:\Program Files\Java\jre1.8.0_281\bin\java.dll
0x00007ffabbf50000 - 0x00007ffabbf68000 	C:\Program Files\Java\jre1.8.0_281\bin\zip.dll
0x00007ffae6fa0000 - 0x00007ffae7688000 	C:\windows\System32\SHELL32.dll
0x00007ffae7900000 - 0x00007ffae79a7000 	C:\windows\System32\shcore.dll
0x00007ffae60b0000 - 0x00007ffae682b000 	C:\windows\System32\windows.storage.dll
0x00007ffae5810000 - 0x00007ffae582e000 	C:\windows\System32\profapi.dll
0x00007ffae57c0000 - 0x00007ffae580a000 	C:\windows\System32\powrprof.dll
0x00007ffae5770000 - 0x00007ffae5780000 	C:\windows\System32\UMPDC.dll
0x00007ffae8750000 - 0x00007ffae87a2000 	C:\windows\System32\shlwapi.dll
0x00007ffae6040000 - 0x00007ffae6057000 	C:\windows\System32\cryptsp.dll
0x00007ffa88fc0000 - 0x00007ffa89155000 	C:\Program Files\Java\jre1.8.0_281\bin\awt.dll
0x00007ffae6df0000 - 0x00007ffae6eb5000 	C:\windows\System32\OLEAUT32.dll
0x00007ffae3550000 - 0x00007ffae35df000 	C:\windows\SYSTEM32\apphelp.dll
0x00007ffae3da0000 - 0x00007ffae3dcd000 	C:\windows\system32\DWMAPI.DLL
0x00007ffae37a0000 - 0x00007ffae3839000 	C:\windows\system32\uxtheme.dll
0x00007ffa9f080000 - 0x00007ffa9f1d6000 	C:\windows\system32\opengl32.dll
0x00007ffaa2140000 - 0x00007ffaa216c000 	C:\windows\SYSTEM32\GLU32.dll
0x00007ffae43b0000 - 0x00007ffae43d0000 	C:\windows\SYSTEM32\dxcore.dll
0x00007ffae6970000 - 0x00007ffae6aa5000 	C:\windows\System32\MSCTF.dll
0x00007ffae7a30000 - 0x00007ffae7b87000 	C:\windows\System32\ole32.dll
0x00007ffac1a30000 - 0x00007ffac1bf7000 	C:\windows\system32\d3d9.dll
0x00007ffadd040000 - 0x00007ffadd21d000 	C:\windows\System32\DriverStore\FileRepository\u0342612.inf_amd64_f45480a6fb163a4b\B342328\aticfx64.dll
0x00007ffadc1d0000 - 0x00007ffadc200000 	C:\windows\System32\DriverStore\FileRepository\u0342612.inf_amd64_f45480a6fb163a4b\B342328\atiu9p64.dll
0x00007ffa9e080000 - 0x00007ffa9ed4b000 	C:\windows\System32\DriverStore\FileRepository\u0342612.inf_amd64_f45480a6fb163a4b\B342328\atiumd64.dll
0x00000000565f0000 - 0x0000000057373000 	C:\windows\System32\DriverStore\FileRepository\u0342612.inf_amd64_f45480a6fb163a4b\B342328\atiumd6a.dll
0x00007ffabbf30000 - 0x00007ffabbf4c000 	C:\Program Files\Java\jre1.8.0_281\bin\net.dll
0x00007ffae4f50000 - 0x00007ffae4fb7000 	C:\windows\system32\mswsock.dll
0x00007ffabaee0000 - 0x00007ffabaef3000 	C:\Program Files\Java\jre1.8.0_281\bin\nio.dll
0x00007ffae4ad0000 - 0x00007ffae4b03000 	C:\windows\system32\rsaenh.dll
0x00007ffae5f70000 - 0x00007ffae5f96000 	C:\windows\System32\bcrypt.dll
0x00007ffae5650000 - 0x00007ffae5675000 	C:\windows\SYSTEM32\USERENV.dll
0x00007ffae5120000 - 0x00007ffae512c000 	C:\windows\SYSTEM32\CRYPTBASE.dll
0x00007ffae4c60000 - 0x00007ffae4c9a000 	C:\windows\SYSTEM32\IPHLPAPI.DLL
0x00007ffae7b90000 - 0x00007ffae7b98000 	C:\windows\System32\NSI.dll
0x00007ffae4060000 - 0x00007ffae4076000 	C:\windows\SYSTEM32\dhcpcsvc6.DLL
0x00007ffae4040000 - 0x00007ffae405c000 	C:\windows\SYSTEM32\dhcpcsvc.DLL
0x00007ffae4cb0000 - 0x00007ffae4d7b000 	C:\windows\SYSTEM32\DNSAPI.dll
0x0000000180000000 - 0x0000000180032000 	C:\Users\phainon\AppData\Local\Temp\jna1921365441893396590.tmp
0x00007ffadc300000 - 0x00007ffadc349000 	C:\Program Files\Java\jre1.8.0_281\bin\fontmanager.dll
0x00007ffae0350000 - 0x00007ffae03fe000 	C:\windows\SYSTEM32\mscms.dll
0x00007ffae0330000 - 0x00007ffae0347000 	C:\windows\SYSTEM32\ColorAdapterClient.dll
0x00007ffadc2b0000 - 0x00007ffadc2f3000 	C:\windows\SYSTEM32\icm32.dll
0x00007ffadbf60000 - 0x00007ffadbfa3000 	C:\Program Files\Java\jre1.8.0_281\bin\t2k.dll
0x00007ffada890000 - 0x00007ffada8ba000 	C:\Program Files\Java\jre1.8.0_281\bin\dcpr.dll
0x00007ffae4130000 - 0x00007ffae4324000 	C:\windows\SYSTEM32\dbghelp.dll

VM Arguments:
java_command: C:\Users\phainon\Documents\wwwwwww\Kim Dokja shimejiee\Shimeji-ee.jar
java_class_path (initial): C:\Users\phainon\Documents\wwwwwww\Kim Dokja shimejiee\Shimeji-ee.jar
Launcher Type: SUN_STANDARD

Environment Variables:
PATH=C:\Program Files (x86)\Common Files\Oracle\Java\javapath;C:\windows\system32;C:\windows;C:\windows\System32\Wbem;C:\windows\System32\WindowsPowerShell\v1.0\;C:\windows\System32\OpenSSH\;C:\Users\phainon\AppData\Local\Microsoft\WindowsApps;
USERNAME=phainon
OS=Windows_NT
PROCESSOR_IDENTIFIER=AMD64 Family 23 Model 24 Stepping 1, AuthenticAMD



---------------  S Y S T E M  ---------------

OS: Windows 10.0 , 64 bit Build 18362 (10.0.18362.1350)

CPU:total 4 (initial active 4) (4 cores per cpu, 1 threads per core) family 23 model 24 stepping 1, cmov, cx8, fxsr, mmx, sse, sse2, sse3, ssse3, sse4.1, sse4.2, popcnt, avx, avx2, aes, clmul, mmxext, 3dnowpref, lzcnt, sse4a, tsc, tscinvbit, tscinv, bmi1

Memory: 4k page, physical 3582420k(1118632k free), swap 10398164k(4822308k free)

vm_info: Java HotSpot(TM) 64-Bit Server VM (25.281-b09) for windows-amd64 JRE (1.8.0_281-b09), built on Dec  9 2020 13:54:07 by "" with MS VC++ 15.9 (VS2017)

time: Mon Apr 19 19:35:23 2021
timezone: Malay Peninsula Standard Time
elapsed time: 33871.207262 seconds (0d 9h 24m 31s)

