#
# A fatal error has been detected by the Java Runtime Environment:
#
#  EXCEPTION_ACCESS_VIOLATION (0xc0000005) at pc=0x000000005cda9d13, pid=6408, tid=0x00000000000026cc
#
# JRE version: Java(TM) SE Runtime Environment (8.0_281-b09) (build 1.8.0_281-b09)
# Java VM: Java HotSpot(TM) 64-Bit Server VM (25.281-b09 mixed mode windows-amd64 compressed oops)
# Problematic frame:
# V  [jvm.dll+0x149d13]
#
# Failed to write core dump. Minidumps are not enabled by default on client versions of Windows
#
# If you would like to submit a bug report, please visit:
#   http://bugreport.java.com/bugreport/crash.jsp
#

---------------  T H R E A D  ---------------

Current thread (0x0000029579204800):  JavaThread "Thread-7" [_thread_in_vm, id=9932, stack(0x000000b466e00000,0x000000b466f00000)]

siginfo: ExceptionCode=0xc0000005, reading address 0x0000000000000000

Registers:
RAX=0x0000000000000000, RBX=0x0000029579204800, RCX=0x0000000000000480, RDX=0x00000295791e2700
RSP=0x000000b466efefa0, RBP=0x0000029579204800, RSI=0x0000000000000000, RDI=0x0000000000000000
R8 =0x0000000000000000, R9 =0x0000000000000010, R10=0x0000000000001630, R11=0x000000005d438a5c
R12=0x0000000000000000, R13=0x0000000000000000, R14=0x00000295791e2700, R15=0x0000029579204800
RIP=0x000000005cda9d13, EFLAGS=0x0000000000010246

Top of Stack: (sp=0x000000b466efefa0)
0x000000b466efefa0:   0000000000000000 0000000000000000
0x000000b466efefb0:   0000000000000000 000000b466eff0c0
0x000000b466efefc0:   0000000000000000 00000001800012ca
0x000000b466efefd0:   0000000000000038 000000b466eff0c0
0x000000b466efefe0:   0000000000000000 0000000000000000
0x000000b466efeff0:   000000b466eff810 0000000180002440
0x000000b466eff000:   0000000000000000 00000001800011a9
0x000000b466eff010:   0000000000000004 0000029571798840
0x000000b466eff020:   0000029579204800 000000005cf8e4d2
0x000000b466eff030:   000000005ce6abc0 0000000000000000
0x000000b466eff040:   0000000000000000 0000029579204800
0x000000b466eff050:   000000b466eff0c8 0000000180002440
0x000000b466eff060:   0000000000000000 0000000180001173
0x000000b466eff070:   000000b466eff108 0000000180002440
0x000000b466eff080:   0000000000000000 000000018000113a
0x000000b466eff090:   0000000000000038 000000b466eff0c0 

Instructions: (pc=0x000000005cda9d13)
0x000000005cda9cf3:   00 40 b7 01 4d 85 f6 0f 84 84 00 00 00 40 32 ff
0x000000005cda9d03:   40 f6 c6 01 74 0a 48 8b ce e8 4f 26 0c 00 eb 03
0x000000005cda9d13:   48 8b 06 48 8b c8 e8 f2 4d f2 ff 48 8b f0 48 85
0x000000005cda9d23:   c0 74 5e 41 f6 c6 01 74 0a 49 8b ce e8 2c 26 0c 


Register to memory mapping:

RAX=0x0000000000000000 is an unknown value
RBX=0x0000029579204800 is a thread
RCX=0x0000000000000480 is an unknown value
RDX=0x00000295791e2700 is an unknown value
RSP=0x000000b466efefa0 is pointing into the stack for thread: 0x0000029579204800
RBP=0x0000029579204800 is a thread
RSI=0x0000000000000000 is an unknown value
RDI=0x0000000000000000 is an unknown value
R8 =0x0000000000000000 is an unknown value
R9 =0x0000000000000010 is an unknown value
R10=0x0000000000001630 is an unknown value
R11=0x000000005d438a5c is an unknown value
R12=0x0000000000000000 is an unknown value
R13=0x0000000000000000 is an unknown value
R14=0x00000295791e2700 is an unknown value
R15=0x0000029579204800 is a thread


Stack: [0x000000b466e00000,0x000000b466f00000],  sp=0x000000b466efefa0,  free space=1019k
Native frames: (J=compiled Java code, j=interpreted, Vv=VM code, C=native code)
V  [jvm.dll+0x149d13]
C  [jna4948089755321405651.tmp+0x12ca]
C  [jna4948089755321405651.tmp+0x2487]
C  0x0000029560c3e9ec

Java frames: (J=compiled Java code, j=interpreted, Vv=VM code)
J 2298  com.sun.jna.Function.invokeInt(I[Ljava/lang/Object;)I (0 bytes) @ 0x0000029560c3e94f [0x0000029560c3e900+0x4f]
J 2413 C2 com.sun.jna.Function.invoke([Ljava/lang/Object;Ljava/lang/Class;Z)Ljava/lang/Object; (1141 bytes) @ 0x0000029560c8be38 [0x0000029560c8bb80+0x2b8]
J 2407 C2 com.sun.jna.Function.invoke(Ljava/lang/Class;[Ljava/lang/Object;Ljava/util/Map;)Ljava/lang/Object; (572 bytes) @ 0x0000029560c884d0 [0x0000029560c87620+0xeb0]
J 2417 C2 com.sun.jna.Library$Handler.invoke(Ljava/lang/Object;Ljava/lang/reflect/Method;[Ljava/lang/Object;)Ljava/lang/Object; (348 bytes) @ 0x0000029560c8f068 [0x0000029560c8eba0+0x4c8]
J 5699 C2 com.group_finity.mascot.win.WindowsEnvironment.tick()V (72 bytes) @ 0x000002956132ca90 [0x000002956132b7a0+0x12f0]
J 4617 C2 com.group_finity.mascot.Manager.tick()V (230 bytes) @ 0x0000029560ee03d4 [0x0000029560ee0380+0x54]
J 3870% C2 com.group_finity.mascot.Manager$2.run()V (70 bytes) @ 0x000002956074d46c [0x000002956074d380+0xec]
v  ~StubRoutines::call_stub

---------------  P R O C E S S  ---------------

Java Threads: ( => current thread )
  0x0000029579206000 JavaThread "Thread-2" daemon [_thread_in_native, id=12908, stack(0x000000b467000000,0x000000b467100000)]
  0x0000029579207800 JavaThread "SIGTERM handler" daemon [_thread_blocked, id=3340, stack(0x000000b466300000,0x000000b466400000)]
  0x0000029579207000 JavaThread "DestroyJavaVM" [_thread_blocked, id=8960, stack(0x000000b464f00000,0x000000b465000000)]
=>0x0000029579204800 JavaThread "Thread-7" [_thread_in_vm, id=9932, stack(0x000000b466e00000,0x000000b466f00000)]
  0x0000029579027000 JavaThread "AWT-EventQueue-0" [_thread_in_native, id=13812, stack(0x000000b466d00000,0x000000b466e00000)]
  0x0000029578dde800 JavaThread "AWT-Shutdown" [_thread_blocked, id=7012, stack(0x000000b466c00000,0x000000b466d00000)]
  0x0000029578e1d800 JavaThread "Thread-4" daemon [_thread_blocked, id=3776, stack(0x000000b466b00000,0x000000b466c00000)]
  0x00000295736d3000 JavaThread "AWT-Windows" daemon [_thread_in_native, id=8420, stack(0x000000b466100000,0x000000b466200000)]
  0x00000295736c4000 JavaThread "Java2D Disposer" daemon [_thread_blocked, id=2256, stack(0x000000b465f00000,0x000000b466000000)]
  0x0000029573486800 JavaThread "Thread-1" daemon [_thread_blocked, id=5080, stack(0x000000b465e00000,0x000000b465f00000)]
  0x0000029572813800 JavaThread "Service Thread" daemon [_thread_blocked, id=7808, stack(0x000000b465c00000,0x000000b465d00000)]
  0x0000029572810800 JavaThread "C1 CompilerThread2" daemon [_thread_blocked, id=2160, stack(0x000000b465b00000,0x000000b465c00000)]
  0x0000029572810000 JavaThread "C2 CompilerThread1" daemon [_thread_blocked, id=7644, stack(0x000000b465a00000,0x000000b465b00000)]
  0x00000295727ad800 JavaThread "C2 CompilerThread0" daemon [_thread_blocked, id=9204, stack(0x000000b465900000,0x000000b465a00000)]
  0x00000295727aa800 JavaThread "Attach Listener" daemon [_thread_blocked, id=14332, stack(0x000000b465800000,0x000000b465900000)]
  0x00000295727a9000 JavaThread "Signal Dispatcher" daemon [_thread_blocked, id=7064, stack(0x000000b465700000,0x000000b465800000)]
  0x0000029572796800 JavaThread "Finalizer" daemon [_thread_blocked, id=9648, stack(0x000000b465600000,0x000000b465700000)]
  0x000002957205d000 JavaThread "Reference Handler" daemon [_thread_blocked, id=6496, stack(0x000000b465500000,0x000000b465600000)]

Other Threads:
  0x0000029572774000 VMThread [stack: 0x000000b465400000,0x000000b465500000] [id=3632]
  0x0000029572818000 WatcherThread [stack: 0x000000b465d00000,0x000000b465e00000] [id=388]

VM state:not at safepoint (normal execution)

VM Mutex/Monitor currently owned by a thread: None

heap address: 0x00000000c9400000, size: 876 MB, Compressed Oops mode: 32-bit
Narrow klass base: 0x0000000000000000, Narrow klass shift: 3
Compressed class space size: 1073741824 Address: 0x0000000100000000

Heap:
 PSYoungGen      total 73216K, used 63597K [0x00000000edc00000, 0x00000000f2d00000, 0x0000000100000000)
  eden space 63488K, 89% used [0x00000000edc00000,0x00000000f13bf618,0x00000000f1a00000)
  from space 9728K, 66% used [0x00000000f2380000,0x00000000f29dc010,0x00000000f2d00000)
  to   space 9728K, 0% used [0x00000000f1a00000,0x00000000f1a00000,0x00000000f2380000)
 ParOldGen       total 32256K, used 23034K [0x00000000c9400000, 0x00000000cb380000, 0x00000000edc00000)
  object space 32256K, 71% used [0x00000000c9400000,0x00000000caa7e9f8,0x00000000cb380000)
 Metaspace       used 22068K, capacity 23458K, committed 23936K, reserved 1071104K
  class space    used 2615K, capacity 3017K, committed 3200K, reserved 1048576K

Card table byte_map: [0x000002956f870000,0x000002956fa30000] byte_map_base: 0x000002956f226000

Marking Bits: (ParMarkBitMap*) 0x000000005d446ff0
 Begin Bits: [0x000002956fa30000, 0x00000295707e0000)
 End Bits:   [0x00000295707e0000, 0x0000029571590000)

Polling page: 0x000002955e9c0000

CodeCache: size=245760Kb used=14732Kb max_used=14747Kb free=231028Kb
 bounds [0x00000295604b0000, 0x0000029561340000, 0x000002956f4b0000]
 total_blobs=4798 nmethods=4219 adapters=492
 compilation: enabled

Compilation events (10 events):
Event: 6755.424 Thread 0x0000029572810000 nmethod 5702 0x0000029560a96950 code [0x0000029560a96a80, 0x0000029560a96af8]
Event: 6755.618 Thread 0x00000295727ad800 nmethod 5699 0x000002956132b3d0 code [0x000002956132b7a0, 0x000002956132e548]
Event: 6755.704 Thread 0x0000029572810000 5703       4       sun.reflect.DelegatingConstructorAccessorImpl::newInstance (9 bytes)
Event: 6755.705 Thread 0x0000029572810000 nmethod 5703 0x0000029560dc1310 code [0x0000029560dc1440, 0x0000029560dc14b8]
Event: 6757.309 Thread 0x00000295727ad800 5704       4       sun.security.action.GetPropertyAction::run (5 bytes)
Event: 6757.320 Thread 0x00000295727ad800 nmethod 5704 0x000002956102e110 code [0x000002956102e280, 0x000002956102eb98]
Event: 6758.436 Thread 0x0000029572810800 5705       3       java.util.logging.LogManager$LoggerContext::getRootLogger (8 bytes)
Event: 6758.437 Thread 0x0000029572810800 nmethod 5705 0x00000295610872d0 code [0x0000029561087420, 0x0000029561087638]
Event: 6758.437 Thread 0x0000029572810800 5706       3       java.util.logging.LogManager$LoggerContext::getGlobalLogger (6 bytes)
Event: 6758.437 Thread 0x0000029572810800 nmethod 5706 0x0000029561155110 code [0x0000029561155260, 0x00000295611553b8]

GC Heap History (10 events):
Event: 6746.544 GC heap before
{Heap before GC invocations=2421 (full 9):
 PSYoungGen      total 56320K, used 51808K [0x00000000edc00000, 0x00000000f2580000, 0x0000000100000000)
  eden space 45568K, 100% used [0x00000000edc00000,0x00000000f0880000,0x00000000f0880000)
  from space 10752K, 58% used [0x00000000f0880000,0x00000000f0e98000,0x00000000f1300000)
  to   space 10240K, 0% used [0x00000000f1b80000,0x00000000f1b80000,0x00000000f2580000)
 ParOldGen       total 32256K, used 21334K [0x00000000c9400000, 0x00000000cb380000, 0x00000000edc00000)
  object space 32256K, 66% used [0x00000000c9400000,0x00000000ca8d59e8,0x00000000cb380000)
 Metaspace       used 21059K, capacity 22400K, committed 23040K, reserved 1069056K
  class space    used 2463K, capacity 2860K, committed 3072K, reserved 1048576K
Event: 6746.565 GC heap after
Heap after GC invocations=2421 (full 9):
 PSYoungGen      total 65024K, used 5248K [0x00000000edc00000, 0x00000000f2580000, 0x0000000100000000)
  eden space 54784K, 0% used [0x00000000edc00000,0x00000000edc00000,0x00000000f1180000)
  from space 10240K, 51% used [0x00000000f1b80000,0x00000000f20a0000,0x00000000f2580000)
  to   space 10240K, 0% used [0x00000000f1180000,0x00000000f1180000,0x00000000f1b80000)
 ParOldGen       total 32256K, used 21702K [0x00000000c9400000, 0x00000000cb380000, 0x00000000edc00000)
  object space 32256K, 67% used [0x00000000c9400000,0x00000000ca9319e8,0x00000000cb380000)
 Metaspace       used 21059K, capacity 22400K, committed 23040K, reserved 1069056K
  class space    used 2463K, capacity 2860K, committed 3072K, reserved 1048576K
}
Event: 6748.223 GC heap before
{Heap before GC invocations=2422 (full 9):
 PSYoungGen      total 65024K, used 60032K [0x00000000edc00000, 0x00000000f2580000, 0x0000000100000000)
  eden space 54784K, 100% used [0x00000000edc00000,0x00000000f1180000,0x00000000f1180000)
  from space 10240K, 51% used [0x00000000f1b80000,0x00000000f20a0000,0x00000000f2580000)
  to   space 10240K, 0% used [0x00000000f1180000,0x00000000f1180000,0x00000000f1b80000)
 ParOldGen       total 32256K, used 21702K [0x00000000c9400000, 0x00000000cb380000, 0x00000000edc00000)
  object space 32256K, 67% used [0x00000000c9400000,0x00000000ca9319e8,0x00000000cb380000)
 Metaspace       used 21122K, capacity 22472K, committed 23040K, reserved 1069056K
  class space    used 2469K, capacity 2880K, committed 3072K, reserved 1048576K
Event: 6748.235 GC heap after
Heap after GC invocations=2422 (full 9):
 PSYoungGen      total 57856K, used 5056K [0x00000000edc00000, 0x00000000f2380000, 0x0000000100000000)
  eden space 52736K, 0% used [0x00000000edc00000,0x00000000edc00000,0x00000000f0f80000)
  from space 5120K, 98% used [0x00000000f1180000,0x00000000f1670000,0x00000000f1680000)
  to   space 10240K, 0% used [0x00000000f1980000,0x00000000f1980000,0x00000000f2380000)
 ParOldGen       total 32256K, used 21830K [0x00000000c9400000, 0x00000000cb380000, 0x00000000edc00000)
  object space 32256K, 67% used [0x00000000c9400000,0x00000000ca9519e8,0x00000000cb380000)
 Metaspace       used 21122K, capacity 22472K, committed 23040K, reserved 1069056K
  class space    used 2469K, capacity 2880K, committed 3072K, reserved 1048576K
}
Event: 6750.883 GC heap before
{Heap before GC invocations=2423 (full 9):
 PSYoungGen      total 57856K, used 57792K [0x00000000edc00000, 0x00000000f2380000, 0x0000000100000000)
  eden space 52736K, 100% used [0x00000000edc00000,0x00000000f0f80000,0x00000000f0f80000)
  from space 5120K, 98% used [0x00000000f1180000,0x00000000f1670000,0x00000000f1680000)
  to   space 10240K, 0% used [0x00000000f1980000,0x00000000f1980000,0x00000000f2380000)
 ParOldGen       total 32256K, used 21830K [0x00000000c9400000, 0x00000000cb380000, 0x00000000edc00000)
  object space 32256K, 67% used [0x00000000c9400000,0x00000000ca9519e8,0x00000000cb380000)
 Metaspace       used 21128K, capacity 22484K, committed 23040K, reserved 1069056K
  class space    used 2471K, capacity 2884K, committed 3072K, reserved 1048576K
Event: 6750.917 GC heap after
Heap after GC invocations=2423 (full 9):
 PSYoungGen      total 62976K, used 7456K [0x00000000edc00000, 0x00000000f2e00000, 0x0000000100000000)
  eden space 52736K, 0% used [0x00000000edc00000,0x00000000edc00000,0x00000000f0f80000)
  from space 10240K, 72% used [0x00000000f1980000,0x00000000f20c8000,0x00000000f2380000)
  to   space 10240K, 0% used [0x00000000f0f80000,0x00000000f0f80000,0x00000000f1980000)
 ParOldGen       total 32256K, used 22318K [0x00000000c9400000, 0x00000000cb380000, 0x00000000edc00000)
  object space 32256K, 69% used [0x00000000c9400000,0x00000000ca9cb9e8,0x00000000cb380000)
 Metaspace       used 21128K, capacity 22484K, committed 23040K, reserved 1069056K
  class space    used 2471K, capacity 2884K, committed 3072K, reserved 1048576K
}
Event: 6753.229 GC heap before
{Heap before GC invocations=2424 (full 9):
 PSYoungGen      total 62976K, used 60192K [0x00000000edc00000, 0x00000000f2e00000, 0x0000000100000000)
  eden space 52736K, 100% used [0x00000000edc00000,0x00000000f0f80000,0x00000000f0f80000)
  from space 10240K, 72% used [0x00000000f1980000,0x00000000f20c8000,0x00000000f2380000)
  to   space 10240K, 0% used [0x00000000f0f80000,0x00000000f0f80000,0x00000000f1980000)
 ParOldGen       total 32256K, used 22318K [0x00000000c9400000, 0x00000000cb380000, 0x00000000edc00000)
  object space 32256K, 69% used [0x00000000c9400000,0x00000000ca9cb9e8,0x00000000cb380000)
 Metaspace       used 22024K, capacity 23456K, committed 23936K, reserved 1071104K
  class space    used 2610K, capacity 3016K, committed 3200K, reserved 1048576K
Event: 6753.259 GC heap after
Heap after GC invocations=2424 (full 9):
 PSYoungGen      total 62976K, used 6208K [0x00000000edc00000, 0x00000000f2d00000, 0x0000000100000000)
  eden space 52736K, 0% used [0x00000000edc00000,0x00000000edc00000,0x00000000f0f80000)
  from space 10240K, 60% used [0x00000000f0f80000,0x00000000f1590000,0x00000000f1980000)
  to   space 9728K, 0% used [0x00000000f2380000,0x00000000f2380000,0x00000000f2d00000)
 ParOldGen       total 32256K, used 22590K [0x00000000c9400000, 0x00000000cb380000, 0x00000000edc00000)
  object space 32256K, 70% used [0x00000000c9400000,0x00000000caa0f9e8,0x00000000cb380000)
 Metaspace       used 22024K, capacity 23456K, committed 23936K, reserved 1071104K
  class space    used 2610K, capacity 3016K, committed 3200K, reserved 1048576K
}
Event: 6755.584 GC heap before
{Heap before GC invocations=2425 (full 9):
 PSYoungGen      total 62976K, used 58944K [0x00000000edc00000, 0x00000000f2d00000, 0x0000000100000000)
  eden space 52736K, 100% used [0x00000000edc00000,0x00000000f0f80000,0x00000000f0f80000)
  from space 10240K, 60% used [0x00000000f0f80000,0x00000000f1590000,0x00000000f1980000)
  to   space 9728K, 0% used [0x00000000f2380000,0x00000000f2380000,0x00000000f2d00000)
 ParOldGen       total 32256K, used 22590K [0x00000000c9400000, 0x00000000cb380000, 0x00000000edc00000)
  object space 32256K, 70% used [0x00000000c9400000,0x00000000caa0f9e8,0x00000000cb380000)
 Metaspace       used 22025K, capacity 23456K, committed 23936K, reserved 1071104K
  class space    used 2610K, capacity 3016K, committed 3200K, reserved 1048576K
Event: 6755.614 GC heap after
Heap after GC invocations=2425 (full 9):
 PSYoungGen      total 73216K, used 6512K [0x00000000edc00000, 0x00000000f2d00000, 0x0000000100000000)
  eden space 63488K, 0% used [0x00000000edc00000,0x00000000edc00000,0x00000000f1a00000)
  from space 9728K, 66% used [0x00000000f2380000,0x00000000f29dc010,0x00000000f2d00000)
  to   space 9728K, 0% used [0x00000000f1a00000,0x00000000f1a00000,0x00000000f2380000)
 ParOldGen       total 32256K, used 23034K [0x00000000c9400000, 0x00000000cb380000, 0x00000000edc00000)
  object space 32256K, 71% used [0x00000000c9400000,0x00000000caa7e9f8,0x00000000cb380000)
 Metaspace       used 22025K, capacity 23456K, committed 23936K, reserved 1071104K
  class space    used 2610K, capacity 3016K, committed 3200K, reserved 1048576K
}

Deoptimization events (10 events):
Event: 6751.890 Thread 0x0000029579027000 Uncommon trap: reason=speculate_class_check action=maybe_recompile pc=0x0000029561071fc0 method=java.awt.Component.dispatchEvent(Ljava/awt/AWTEvent;)V @ 2
Event: 6751.891 Thread 0x0000029579027000 Uncommon trap: reason=unstable_if action=reinterpret pc=0x0000029560fd9d70 method=java.security.AccessControlContext.optimize()Ljava/security/AccessControlContext; @ 233
Event: 6751.891 Thread 0x0000029579027000 Uncommon trap: reason=unstable_if action=reinterpret pc=0x0000029560cea2b4 method=java.awt.Component.eventTypeEnabled(I)Z @ 323
Event: 6751.892 Thread 0x0000029579027000 Uncommon trap: reason=class_check action=maybe_recompile pc=0x0000029560629eb0 method=javax.swing.RepaintManager.paintDirtyRegions(Ljava/util/Map;)V @ 51
Event: 6751.892 Thread 0x0000029579027000 Uncommon trap: reason=unstable_if action=reinterpret pc=0x0000029560eb262c method=java.security.AccessControlContext.optimize()Ljava/security/AccessControlContext; @ 220
Event: 6751.892 Thread 0x0000029579027000 Uncommon trap: reason=class_check action=maybe_recompile pc=0x00000295610fef44 method=javax.swing.RepaintManager$4.run()Ljava/lang/Void; @ 27
Event: 6751.892 Thread 0x0000029579027000 Uncommon trap: reason=class_check action=maybe_recompile pc=0x0000029560f9c718 method=sun.awt.windows.WComponentPeer.getGraphics()Ljava/awt/Graphics; @ 13
Event: 6751.897 Thread 0x0000029579027000 Uncommon trap: reason=speculate_class_check action=maybe_recompile pc=0x0000029561071fc0 method=java.awt.Component.dispatchEvent(Ljava/awt/AWTEvent;)V @ 2
Event: 6751.926 Thread 0x0000029579027000 Uncommon trap: reason=unstable_if action=reinterpret pc=0x00000295606165dc method=java.security.AccessControlContext.optimize()Ljava/security/AccessControlContext; @ 233
Event: 6758.434 Thread 0x0000029579027000 Uncommon trap: reason=unstable_if action=reinterpret pc=0x0000029560f0f800 method=sun.java2d.d3d.D3DScreenUpdateManager.createGraphics(Lsun/java2d/SurfaceData;Lsun/awt/windows/WComponentPeer;Ljava/awt/Color;Ljava/awt/Color;Ljava/awt/Font;)Ljava/awt/Graphi

Classes redefined (0 events):
No events

Internal exceptions (10 events):
Event: 2643.998 Thread 0x0000029579027000 Implicit null exception at 0x0000029560cd3a1d to 0x0000029560cd3e6d
Event: 2643.998 Thread 0x0000029579027000 Implicit null exception at 0x00000295610b3052 to 0x00000295610b454d
Event: 4759.416 Thread 0x0000029579204800 Implicit null exception at 0x0000029560ef3cf6 to 0x0000029560ef9771
Event: 5632.813 Thread 0x0000029579204800 Implicit null exception at 0x0000029560e36ea7 to 0x0000029560e36f15
Event: 5632.816 Thread 0x0000029579204800 Implicit null exception at 0x0000029560d50860 to 0x0000029560d509cd
Event: 6748.506 Thread 0x0000029579204800 Implicit null exception at 0x00000295610e9051 to 0x00000295610e9135
Event: 6748.506 Thread 0x0000029579204800 Implicit null exception at 0x00000295607f500b to 0x00000295607f5c1d
Event: 6748.507 Thread 0x0000029579204800 Implicit null exception at 0x0000029560b0c167 to 0x0000029560b0d1b1
Event: 6748.507 Thread 0x0000029579204800 Implicit null exception at 0x0000029561028ff6 to 0x0000029561029315
Event: 6751.174 Thread 0x0000029579027000 Implicit null exception at 0x00000295605de9c4 to 0x00000295605dea9d

Events (10 events):
Event: 6758.434 Thread 0x0000029579027000 DEOPT UNPACKING pc=0x00000295604f5843 sp=0x000000b466dfcff8 mode 2
Event: 6758.435 loading class sun/java2d/pipe/hw/AccelDeviceEventNotifier
Event: 6758.435 loading class sun/java2d/pipe/hw/AccelDeviceEventNotifier done
Event: 6758.437 Thread 0x0000029579202800 Thread exited: 0x0000029579202800
Event: 6758.440 loading class java/lang/ProcessBuilder
Event: 6758.442 loading class java/lang/ProcessBuilder done
Event: 6758.442 loading class java/lang/ProcessImpl
Event: 6758.443 loading class java/lang/Process
Event: 6758.443 loading class java/lang/Process done
Event: 6758.443 loading class java/lang/ProcessImpl done


Dynamic libraries:
0x00007ff6fe6c0000 - 0x00007ff6fe707000 	C:\Program Files\Java\jre1.8.0_281\bin\javaw.exe
0x00007ff89efc0000 - 0x00007ff89f1b0000 	C:\windows\SYSTEM32\ntdll.dll
0x00007ff870810000 - 0x00007ff870822000 	C:\Program Files\AVAST Software\Avast\aswhook.dll
0x00007ff89def0000 - 0x00007ff89dfa2000 	C:\windows\System32\KERNEL32.DLL
0x00007ff89caf0000 - 0x00007ff89cd95000 	C:\windows\System32\KERNELBASE.dll
0x00007ff89d860000 - 0x00007ff89d903000 	C:\windows\System32\ADVAPI32.dll
0x00007ff89e650000 - 0x00007ff89e6ee000 	C:\windows\System32\msvcrt.dll
0x00007ff89dfb0000 - 0x00007ff89e047000 	C:\windows\System32\sechost.dll
0x00007ff89d390000 - 0x00007ff89d4af000 	C:\windows\System32\RPCRT4.dll
0x00007ff89ede0000 - 0x00007ff89ef74000 	C:\windows\System32\USER32.dll
0x00007ff89c340000 - 0x00007ff89c361000 	C:\windows\System32\win32u.dll
0x00007ff89d360000 - 0x00007ff89d386000 	C:\windows\System32\GDI32.dll
0x00007ff89c1a0000 - 0x00007ff89c338000 	C:\windows\System32\gdi32full.dll
0x00007ff89cfd0000 - 0x00007ff89d06e000 	C:\windows\System32\msvcp_win.dll
0x00007ff89cda0000 - 0x00007ff89ce9a000 	C:\windows\System32\ucrtbase.dll
0x00007ff8840c0000 - 0x00007ff884344000 	C:\windows\WinSxS\amd64_microsoft.windows.common-controls_6595b64144ccf1df_6.0.18362.1316_none_9e7a364fe461dbd7\COMCTL32.dll
0x00007ff89e0f0000 - 0x00007ff89e427000 	C:\windows\System32\combase.dll
0x00007ff89c110000 - 0x00007ff89c191000 	C:\windows\System32\bcryptPrimitives.dll
0x00007ff89e0c0000 - 0x00007ff89e0ee000 	C:\windows\System32\IMM32.DLL
0x00007ff874160000 - 0x00007ff874175000 	C:\Program Files\Java\jre1.8.0_281\bin\vcruntime140.dll
0x00007ff8481a0000 - 0x00007ff84823b000 	C:\Program Files\Java\jre1.8.0_281\bin\msvcp140.dll
0x000000005cc60000 - 0x000000005d4bf000 	C:\Program Files\Java\jre1.8.0_281\bin\server\jvm.dll
0x00007ff89d4b0000 - 0x00007ff89d4b8000 	C:\windows\System32\PSAPI.DLL
0x00007ff882650000 - 0x00007ff882659000 	C:\windows\SYSTEM32\WSOCK32.dll
0x00007ff89e5e0000 - 0x00007ff89e64f000 	C:\windows\System32\WS2_32.dll
0x00007ff899be0000 - 0x00007ff899c04000 	C:\windows\SYSTEM32\WINMM.dll
0x00007ff893bd0000 - 0x00007ff893bda000 	C:\windows\SYSTEM32\VERSION.dll
0x00007ff899bb0000 - 0x00007ff899bdd000 	C:\windows\SYSTEM32\WINMMBASE.dll
0x00007ff89cf80000 - 0x00007ff89cfca000 	C:\windows\System32\cfgmgr32.dll
0x00007ff89bed0000 - 0x00007ff89bee1000 	C:\windows\System32\kernel.appcore.dll
0x00007ff88a1a0000 - 0x00007ff88a1b0000 	C:\Program Files\Java\jre1.8.0_281\bin\verify.dll
0x00007ff866490000 - 0x00007ff8664bb000 	C:\Program Files\Java\jre1.8.0_281\bin\java.dll
0x00007ff873a90000 - 0x00007ff873aa8000 	C:\Program Files\Java\jre1.8.0_281\bin\zip.dll
0x00007ff89e6f0000 - 0x00007ff89edd8000 	C:\windows\System32\SHELL32.dll
0x00007ff89d910000 - 0x00007ff89d9b7000 	C:\windows\System32\shcore.dll
0x00007ff89c370000 - 0x00007ff89caeb000 	C:\windows\System32\windows.storage.dll
0x00007ff89bea0000 - 0x00007ff89bec3000 	C:\windows\System32\profapi.dll
0x00007ff89bef0000 - 0x00007ff89bf3a000 	C:\windows\System32\powrprof.dll
0x00007ff89be70000 - 0x00007ff89be80000 	C:\windows\System32\UMPDC.dll
0x00007ff89d4c0000 - 0x00007ff89d512000 	C:\windows\System32\shlwapi.dll
0x00007ff89bf40000 - 0x00007ff89bf57000 	C:\windows\System32\cryptsp.dll
0x00007ff845800000 - 0x00007ff845995000 	C:\Program Files\Java\jre1.8.0_281\bin\awt.dll
0x00007ff89e430000 - 0x00007ff89e4f5000 	C:\windows\System32\OLEAUT32.dll
0x00007ff899ce0000 - 0x00007ff899d6f000 	C:\windows\SYSTEM32\apphelp.dll
0x00007ff89a4e0000 - 0x00007ff89a50d000 	C:\windows\system32\DWMAPI.DLL
0x00007ff899ea0000 - 0x00007ff899f39000 	C:\windows\system32\uxtheme.dll
0x00007ff858f50000 - 0x00007ff8590a6000 	C:\windows\system32\opengl32.dll
0x00007ff872170000 - 0x00007ff87219c000 	C:\windows\SYSTEM32\GLU32.dll
0x00007ff89ab20000 - 0x00007ff89ab40000 	C:\windows\SYSTEM32\dxcore.dll
0x00007ff89d070000 - 0x00007ff89d1a5000 	C:\windows\System32\MSCTF.dll
0x00007ff89d5c0000 - 0x00007ff89d717000 	C:\windows\System32\ole32.dll
0x00007ff874f70000 - 0x00007ff875137000 	C:\windows\system32\d3d9.dll
0x00007ff872910000 - 0x00007ff87292c000 	C:\Program Files\Java\jre1.8.0_281\bin\net.dll
0x00007ff89b650000 - 0x00007ff89b6b7000 	C:\windows\system32\mswsock.dll
0x00007ff86fcb0000 - 0x00007ff86fcc3000 	C:\Program Files\Java\jre1.8.0_281\bin\nio.dll
0x00007ff89b1d0000 - 0x00007ff89b203000 	C:\windows\system32\rsaenh.dll
0x00007ff89cf50000 - 0x00007ff89cf76000 	C:\windows\System32\bcrypt.dll
0x00007ff89bd50000 - 0x00007ff89bd75000 	C:\windows\SYSTEM32\USERENV.dll
0x00007ff89b820000 - 0x00007ff89b82c000 	C:\windows\SYSTEM32\CRYPTBASE.dll
0x00007ff89b360000 - 0x00007ff89b39a000 	C:\windows\SYSTEM32\IPHLPAPI.DLL
0x00007ff89e050000 - 0x00007ff89e058000 	C:\windows\System32\NSI.dll
0x00007ff89a760000 - 0x00007ff89a776000 	C:\windows\SYSTEM32\dhcpcsvc6.DLL
0x00007ff89a740000 - 0x00007ff89a75c000 	C:\windows\SYSTEM32\dhcpcsvc.DLL
0x00007ff89b3a0000 - 0x00007ff89b46b000 	C:\windows\SYSTEM32\DNSAPI.dll
0x0000000180000000 - 0x0000000180032000 	C:\Users\phainon\AppData\Local\Temp\jna4948089755321405651.tmp
0x00007ff85b920000 - 0x00007ff85b969000 	C:\Program Files\Java\jre1.8.0_281\bin\fontmanager.dll
0x00007ff896be0000 - 0x00007ff896c8e000 	C:\windows\SYSTEM32\mscms.dll
0x00007ff896bb0000 - 0x00007ff896bc7000 	C:\windows\SYSTEM32\ColorAdapterClient.dll
0x00007ff85b710000 - 0x00007ff85b753000 	C:\windows\SYSTEM32\icm32.dll
0x00007ff88a390000 - 0x00007ff88a3d3000 	C:\Program Files\Java\jre1.8.0_281\bin\t2k.dll
0x00007ff88aea0000 - 0x00007ff88af3d000 	C:\windows\System32\TextInputFramework.dll
0x00007ff897910000 - 0x00007ff897c3a000 	C:\windows\System32\CoreUIComponents.dll
0x00007ff8999a0000 - 0x00007ff899a74000 	C:\windows\System32\CoreMessaging.dll
0x00007ff89aeb0000 - 0x00007ff89aee1000 	C:\windows\SYSTEM32\ntmarta.dll
0x00007ff897730000 - 0x00007ff897882000 	C:\windows\SYSTEM32\wintypes.dll
0x00007ff88ac00000 - 0x00007ff88ac2a000 	C:\Program Files\Java\jre1.8.0_281\bin\dcpr.dll
0x00007ff889880000 - 0x00007ff889b27000 	C:\windows\System32\iertutil.dll
0x00007ff89a830000 - 0x00007ff89aa24000 	C:\windows\SYSTEM32\dbghelp.dll

VM Arguments:
java_command: C:\Users\phainon\Downloads\Kim Dokja shimejiee\Shimeji-ee.jar
java_class_path (initial): C:\Users\phainon\Downloads\Kim Dokja shimejiee\Shimeji-ee.jar
Launcher Type: SUN_STANDARD

Environment Variables:
PATH=C:\Program Files (x86)\Common Files\Oracle\Java\javapath;C:\windows\system32;C:\windows;C:\windows\System32\Wbem;C:\windows\System32\WindowsPowerShell\v1.0\;C:\windows\System32\OpenSSH\;C:\Users\phainon\AppData\Local\Microsoft\WindowsApps;
USERNAME=phainon
OS=Windows_NT
PROCESSOR_IDENTIFIER=AMD64 Family 23 Model 24 Stepping 1, AuthenticAMD



---------------  S Y S T E M  ---------------

OS: Windows 10.0 , 64 bit Build 18362 (10.0.18362.1316)

CPU:total 4 (initial active 4) (4 cores per cpu, 1 threads per core) family 23 model 24 stepping 1, cmov, cx8, fxsr, mmx, sse, sse2, sse3, ssse3, sse4.1, sse4.2, popcnt, avx, avx2, aes, clmul, mmxext, 3dnowpref, lzcnt, sse4a, tsc, tscinvbit, tscinv, bmi1

Memory: 4k page, physical 3582420k(703272k free), swap 11184596k(6670692k free)

vm_info: Java HotSpot(TM) 64-Bit Server VM (25.281-b09) for windows-amd64 JRE (1.8.0_281-b09), built on Dec  9 2020 13:54:07 by "" with MS VC++ 15.9 (VS2017)

time: Mon Feb  1 16:14:11 2021
timezone: Malay Peninsula Standard Time
elapsed time: 6758.599400 seconds (0d 1h 52m 38s)

