#
# A fatal error has been detected by the Java Runtime Environment:
#
#  EXCEPTION_ACCESS_VIOLATION (0xc0000005) at pc=0x0000000060b19d13, pid=7816, tid=0x000000000000155c
#
# JRE version: Java(TM) SE Runtime Environment (8.0_281-b09) (build 1.8.0_281-b09)
# Java VM: Java HotSpot(TM) 64-Bit Server VM (25.281-b09 mixed mode windows-amd64 compressed oops)
# Problematic frame:
# V  [jvm.dll+0x149d13]
#
# Failed to write core dump. Minidumps are not enabled by default on client versions of Windows
#
# If you would like to submit a bug report, please visit:
#   http://bugreport.java.com/bugreport/crash.jsp
#

---------------  T H R E A D  ---------------

Current thread (0x000001bb9cb41000):  JavaThread "Thread-7" [_thread_in_vm, id=5468, stack(0x0000004246900000,0x0000004246a00000)]

siginfo: ExceptionCode=0xc0000005, reading address 0x0000000000000000

Registers:
RAX=0x0000000000000000, RBX=0x000001bb9cb41000, RCX=0x0000000000000100, RDX=0x000001bba26973f0
RSP=0x00000042469fed10, RBP=0x000001bb9cb41000, RSI=0x0000000000000000, RDI=0x0000000000000000
R8 =0x0000000000000000, R9 =0x0000000000000010, R10=0x000000000000074e, R11=0x00000000611a8a5c
R12=0x0000000000000000, R13=0x0000000000000000, R14=0x000001bba26973f0, R15=0x000001bb9cb41000
RIP=0x0000000060b19d13, EFLAGS=0x0000000000010246

Top of Stack: (sp=0x00000042469fed10)
0x00000042469fed10:   0000000000000000 0000000000000000
0x00000042469fed20:   0000000000000000 00000042469fee30
0x00000042469fed30:   00000042469fef10 00000001800012ca
0x00000042469fed40:   00000000c975c168 00000042469fee30
0x00000042469fed50:   0000000000000000 0000000000000000
0x00000042469fed60:   00000042469ff550 0000000180002440
0x00000042469fed70:   0000000000000000 00000001800011a9
0x00000042469fed80:   000001bb98866000 000001bb9aee8840
0x00000042469fed90:   000001bb9cb41000 0000000060cfe4d2
0x00000042469feda0:   0000000060bdabc0 0000000000000000
0x00000042469fedb0:   0000000000000000 000001bb9cb41000
0x00000042469fedc0:   00000042469fee38 0000000180002440
0x00000042469fedd0:   0000000000000000 0000000180001173
0x00000042469fede0:   0000000000000001 0000000180002440
0x00000042469fedf0:   0000000000000000 000000018000113a
0x00000042469fee00:   00000000c975c168 00000042469fee30 

Instructions: (pc=0x0000000060b19d13)
0x0000000060b19cf3:   00 40 b7 01 4d 85 f6 0f 84 84 00 00 00 40 32 ff
0x0000000060b19d03:   40 f6 c6 01 74 0a 48 8b ce e8 4f 26 0c 00 eb 03
0x0000000060b19d13:   48 8b 06 48 8b c8 e8 f2 4d f2 ff 48 8b f0 48 85
0x0000000060b19d23:   c0 74 5e 41 f6 c6 01 74 0a 49 8b ce e8 2c 26 0c 


Register to memory mapping:

RAX=0x0000000000000000 is an unknown value
RBX=0x000001bb9cb41000 is a thread
RCX=0x0000000000000100 is an unknown value
RDX=0x000001bba26973f0 is an unknown value
RSP=0x00000042469fed10 is pointing into the stack for thread: 0x000001bb9cb41000
RBP=0x000001bb9cb41000 is a thread
RSI=0x0000000000000000 is an unknown value
RDI=0x0000000000000000 is an unknown value
R8 =0x0000000000000000 is an unknown value
R9 =0x0000000000000010 is an unknown value
R10=0x000000000000074e is an unknown value
R11=0x00000000611a8a5c is an unknown value
R12=0x0000000000000000 is an unknown value
R13=0x0000000000000000 is an unknown value
R14=0x000001bba26973f0 is an unknown value
R15=0x000001bb9cb41000 is a thread


Stack: [0x0000004246900000,0x0000004246a00000],  sp=0x00000042469fed10,  free space=1019k
Native frames: (J=compiled Java code, j=interpreted, Vv=VM code, C=native code)
V  [jvm.dll+0x149d13]
C  [jna5312828666791346086.tmp+0x12ca]
C  [jna5312828666791346086.tmp+0x2487]
C  0x000001bb89fb1f6c

Java frames: (J=compiled Java code, j=interpreted, Vv=VM code)
J 1165  com.sun.jna.Function.invokeInt(I[Ljava/lang/Object;)I (0 bytes) @ 0x000001bb89fb1ecf [0x000001bb89fb1e80+0x4f]
J 2461 C2 com.sun.jna.Function.invoke([Ljava/lang/Object;Ljava/lang/Class;Z)Ljava/lang/Object; (1141 bytes) @ 0x000001bb89cd5e38 [0x000001bb89cd5b80+0x2b8]
J 2456 C2 com.sun.jna.Function.invoke(Ljava/lang/Class;[Ljava/lang/Object;Ljava/util/Map;)Ljava/lang/Object; (572 bytes) @ 0x000001bb89e3675c [0x000001bb89e358a0+0xebc]
J 2451 C2 com.sun.jna.Library$Handler.invoke(Ljava/lang/Object;Ljava/lang/reflect/Method;[Ljava/lang/Object;)Ljava/lang/Object; (348 bytes) @ 0x000001bb89e11a28 [0x000001bb89e11560+0x4c8]
J 5688 C2 com.group_finity.mascot.win.WindowsEnvironment.tick()V (72 bytes) @ 0x000001bb8a3f1fe0 [0x000001bb8a3f0fa0+0x1040]
J 6757% C2 com.group_finity.mascot.Manager$2.run()V (70 bytes) @ 0x000001bb8ac93cd8 [0x000001bb8ac935c0+0x718]
v  ~StubRoutines::call_stub

---------------  P R O C E S S  ---------------

Java Threads: ( => current thread )
  0x000001bb9d41b800 JavaThread "Thread-5" [_thread_in_native, id=12372, stack(0x0000004247100000,0x0000004247200000)]
  0x000001bb9d41a800 JavaThread "Thread-2" daemon [_thread_in_native, id=11796, stack(0x0000004246f00000,0x0000004247000000)]
  0x000001bba250a000 JavaThread "SIGTERM handler" daemon [_thread_blocked, id=2848, stack(0x0000004246a00000,0x0000004246b00000)]
  0x000001bba2575800 JavaThread "TimerQueue" daemon [_thread_blocked, id=9124, stack(0x0000004246c00000,0x0000004246d00000)]
  0x000001bb88112800 JavaThread "DestroyJavaVM" [_thread_blocked, id=11068, stack(0x0000004244f00000,0x0000004245000000)]
=>0x000001bb9cb41000 JavaThread "Thread-7" [_thread_in_vm, id=5468, stack(0x0000004246900000,0x0000004246a00000)]
  0x000001bb9cb19800 JavaThread "AWT-EventQueue-0" [_thread_blocked, id=7216, stack(0x0000004246800000,0x0000004246900000)]
  0x000001bb9cd7b800 JavaThread "AWT-Shutdown" [_thread_blocked, id=14828, stack(0x0000004246b00000,0x0000004246c00000)]
  0x000001bb9d360800 JavaThread "Thread-4" daemon [_thread_blocked, id=6880, stack(0x0000004246000000,0x0000004246100000)]
  0x000001bb9cebb000 JavaThread "AWT-Windows" daemon [_thread_in_native, id=13444, stack(0x0000004246100000,0x0000004246200000)]
  0x000001bb9ceb0000 JavaThread "Java2D Disposer" daemon [_thread_blocked, id=14488, stack(0x0000004245f00000,0x0000004246000000)]
  0x000001bb9cc06000 JavaThread "Thread-1" daemon [_thread_blocked, id=8716, stack(0x0000004245e00000,0x0000004245f00000)]
  0x000001bb9bf71000 JavaThread "Service Thread" daemon [_thread_blocked, id=8160, stack(0x0000004245c00000,0x0000004245d00000)]
  0x000001bb9bf6e000 JavaThread "C1 CompilerThread2" daemon [_thread_blocked, id=15332, stack(0x0000004245b00000,0x0000004245c00000)]
  0x000001bb9bf6d000 JavaThread "C2 CompilerThread1" daemon [_thread_blocked, id=1468, stack(0x0000004245a00000,0x0000004245b00000)]
  0x000001bb9bf08000 JavaThread "C2 CompilerThread0" daemon [_thread_blocked, id=2872, stack(0x0000004245900000,0x0000004245a00000)]
  0x000001bb9bf05000 JavaThread "Attach Listener" daemon [_thread_blocked, id=14968, stack(0x0000004245800000,0x0000004245900000)]
  0x000001bb9bf12800 JavaThread "Signal Dispatcher" daemon [_thread_blocked, id=12276, stack(0x0000004245700000,0x0000004245800000)]
  0x000001bb9b7b4800 JavaThread "Finalizer" daemon [_thread_blocked, id=3692, stack(0x0000004245600000,0x0000004245700000)]
  0x000001bb9b7ab000 JavaThread "Reference Handler" daemon [_thread_blocked, id=9660, stack(0x0000004245500000,0x0000004245600000)]

Other Threads:
  0x000001bb9bed4800 VMThread [stack: 0x0000004245400000,0x0000004245500000] [id=12464]
  0x000001bb9bf77800 WatcherThread [stack: 0x0000004245d00000,0x0000004245e00000] [id=13204]

VM state:not at safepoint (normal execution)

VM Mutex/Monitor currently owned by a thread: None

heap address: 0x00000000c9400000, size: 876 MB, Compressed Oops mode: 32-bit
Narrow klass base: 0x0000000000000000, Narrow klass shift: 3
Compressed class space size: 1073741824 Address: 0x0000000100000000

Heap:
 PSYoungGen      total 24064K, used 21097K [0x00000000edc00000, 0x00000000ef980000, 0x0000000100000000)
  eden space 17920K, 95% used [0x00000000edc00000,0x00000000eecba508,0x00000000eed80000)
  from space 6144K, 64% used [0x00000000ef380000,0x00000000ef760000,0x00000000ef980000)
  to   space 6144K, 0% used [0x00000000eed80000,0x00000000eed80000,0x00000000ef380000)
 ParOldGen       total 54784K, used 46954K [0x00000000c9400000, 0x00000000cc980000, 0x00000000edc00000)
  object space 54784K, 85% used [0x00000000c9400000,0x00000000cc1daba8,0x00000000cc980000)
 Metaspace       used 25427K, capacity 26824K, committed 27184K, reserved 1073152K
  class space    used 3031K, capacity 3441K, committed 3632K, reserved 1048576K

Card table byte_map: [0x000001bb98eb0000,0x000001bb99070000] byte_map_base: 0x000001bb98866000

Marking Bits: (ParMarkBitMap*) 0x00000000611b6ff0
 Begin Bits: [0x000001bb991a0000, 0x000001bb99f50000)
 End Bits:   [0x000001bb99f50000, 0x000001bb9ad00000)

Polling page: 0x000001bb880a0000

CodeCache: size=245760Kb used=18307Kb max_used=18342Kb free=227453Kb
 bounds [0x000001bb89af0000, 0x000001bb8ad40000, 0x000001bb98af0000]
 total_blobs=6014 nmethods=5387 adapters=539
 compilation: enabled

Compilation events (10 events):
Event: 4884.931 Thread 0x000001bb9bf6e000 6871       3       jdk.nashorn.internal.scripts.Script$19$\^eval\_:::getMap (9 bytes)
Event: 4884.932 Thread 0x000001bb9bf6e000 nmethod 6871 0x000001bb89f60a90 code [0x000001bb89f60c00, 0x000001bb89f60e58]
Event: 4885.761 Thread 0x000001bb9bf6e000 6872       3       java.lang.invoke.LambdaForm$BMH/182287479::reinvoke (44 bytes)
Event: 4885.762 Thread 0x000001bb9bf6e000 nmethod 6872 0x000001bb89f33c90 code [0x000001bb89f33e60, 0x000001bb89f34540]
Event: 4889.782 Thread 0x000001bb9bf6d000 6873       4       java.util.logging.Logger::getHandlers (5 bytes)
Event: 4889.784 Thread 0x000001bb9bf6e000 6874       3       java.util.logging.LogManager$LoggerContext::getRootLogger (8 bytes)
Event: 4889.784 Thread 0x000001bb9bf6e000 nmethod 6874 0x000001bb89dd9150 code [0x000001bb89dd92a0, 0x000001bb89dd94b8]
Event: 4889.785 Thread 0x000001bb9bf6e000 6875       3       java.util.logging.LogManager$LoggerContext::getGlobalLogger (6 bytes)
Event: 4889.785 Thread 0x000001bb9bf6e000 nmethod 6875 0x000001bb8aa67090 code [0x000001bb8aa671e0, 0x000001bb8aa67338]
Event: 4889.794 Thread 0x000001bb9bf6d000 nmethod 6873 0x000001bb89eba890 code [0x000001bb89ebaa00, 0x000001bb89ebb018]

GC Heap History (10 events):
Event: 4795.921 GC heap before
{Heap before GC invocations=171 (full 3):
 PSYoungGen      total 20480K, used 20000K [0x00000000edc00000, 0x00000000ef800000, 0x0000000100000000)
  eden space 18432K, 100% used [0x00000000edc00000,0x00000000eee00000,0x00000000eee00000)
  from space 2048K, 76% used [0x00000000eee00000,0x00000000eef88000,0x00000000ef000000)
  to   space 5120K, 0% used [0x00000000ef300000,0x00000000ef300000,0x00000000ef800000)
 ParOldGen       total 54784K, used 46570K [0x00000000c9400000, 0x00000000cc980000, 0x00000000edc00000)
  object space 54784K, 85% used [0x00000000c9400000,0x00000000cc17aba8,0x00000000cc980000)
 Metaspace       used 25383K, capacity 26752K, committed 27184K, reserved 1073152K
  class space    used 3026K, capacity 3441K, committed 3632K, reserved 1048576K
Event: 4795.934 GC heap after
Heap after GC invocations=171 (full 3):
 PSYoungGen      total 23552K, used 3040K [0x00000000edc00000, 0x00000000ef800000, 0x0000000100000000)
  eden space 18432K, 0% used [0x00000000edc00000,0x00000000edc00000,0x00000000eee00000)
  from space 5120K, 59% used [0x00000000ef300000,0x00000000ef5f8000,0x00000000ef800000)
  to   space 5120K, 0% used [0x00000000eee00000,0x00000000eee00000,0x00000000ef300000)
 ParOldGen       total 54784K, used 46602K [0x00000000c9400000, 0x00000000cc980000, 0x00000000edc00000)
  object space 54784K, 85% used [0x00000000c9400000,0x00000000cc182ba8,0x00000000cc980000)
 Metaspace       used 25383K, capacity 26752K, committed 27184K, reserved 1073152K
  class space    used 3026K, capacity 3441K, committed 3632K, reserved 1048576K
}
Event: 4819.080 GC heap before
{Heap before GC invocations=172 (full 3):
 PSYoungGen      total 23552K, used 21472K [0x00000000edc00000, 0x00000000ef800000, 0x0000000100000000)
  eden space 18432K, 100% used [0x00000000edc00000,0x00000000eee00000,0x00000000eee00000)
  from space 5120K, 59% used [0x00000000ef300000,0x00000000ef5f8000,0x00000000ef800000)
  to   space 5120K, 0% used [0x00000000eee00000,0x00000000eee00000,0x00000000ef300000)
 ParOldGen       total 54784K, used 46602K [0x00000000c9400000, 0x00000000cc980000, 0x00000000edc00000)
  object space 54784K, 85% used [0x00000000c9400000,0x00000000cc182ba8,0x00000000cc980000)
 Metaspace       used 25383K, capacity 26752K, committed 27184K, reserved 1073152K
  class space    used 3026K, capacity 3441K, committed 3632K, reserved 1048576K
Event: 4819.104 GC heap after
Heap after GC invocations=172 (full 3):
 PSYoungGen      total 23552K, used 4288K [0x00000000edc00000, 0x00000000ef900000, 0x0000000100000000)
  eden space 18432K, 0% used [0x00000000edc00000,0x00000000edc00000,0x00000000eee00000)
  from space 5120K, 83% used [0x00000000eee00000,0x00000000ef230000,0x00000000ef300000)
  to   space 5632K, 0% used [0x00000000ef380000,0x00000000ef380000,0x00000000ef900000)
 ParOldGen       total 54784K, used 46690K [0x00000000c9400000, 0x00000000cc980000, 0x00000000edc00000)
  object space 54784K, 85% used [0x00000000c9400000,0x00000000cc198ba8,0x00000000cc980000)
 Metaspace       used 25383K, capacity 26752K, committed 27184K, reserved 1073152K
  class space    used 3026K, capacity 3441K, committed 3632K, reserved 1048576K
}
Event: 4838.399 GC heap before
{Heap before GC invocations=173 (full 3):
 PSYoungGen      total 23552K, used 22720K [0x00000000edc00000, 0x00000000ef900000, 0x0000000100000000)
  eden space 18432K, 100% used [0x00000000edc00000,0x00000000eee00000,0x00000000eee00000)
  from space 5120K, 83% used [0x00000000eee00000,0x00000000ef230000,0x00000000ef300000)
  to   space 5632K, 0% used [0x00000000ef380000,0x00000000ef380000,0x00000000ef900000)
 ParOldGen       total 54784K, used 46690K [0x00000000c9400000, 0x00000000cc980000, 0x00000000edc00000)
  object space 54784K, 85% used [0x00000000c9400000,0x00000000cc198ba8,0x00000000cc980000)
 Metaspace       used 25383K, capacity 26752K, committed 27184K, reserved 1073152K
  class space    used 3026K, capacity 3441K, committed 3632K, reserved 1048576K
Event: 4838.412 GC heap after
Heap after GC invocations=173 (full 3):
 PSYoungGen      total 23552K, used 3488K [0x00000000edc00000, 0x00000000efa00000, 0x0000000100000000)
  eden space 17920K, 0% used [0x00000000edc00000,0x00000000edc00000,0x00000000eed80000)
  from space 5632K, 61% used [0x00000000ef380000,0x00000000ef6e8000,0x00000000ef900000)
  to   space 6144K, 0% used [0x00000000eed80000,0x00000000eed80000,0x00000000ef380000)
 ParOldGen       total 54784K, used 46858K [0x00000000c9400000, 0x00000000cc980000, 0x00000000edc00000)
  object space 54784K, 85% used [0x00000000c9400000,0x00000000cc1c2ba8,0x00000000cc980000)
 Metaspace       used 25383K, capacity 26752K, committed 27184K, reserved 1073152K
  class space    used 3026K, capacity 3441K, committed 3632K, reserved 1048576K
}
Event: 4861.199 GC heap before
{Heap before GC invocations=174 (full 3):
 PSYoungGen      total 23552K, used 21408K [0x00000000edc00000, 0x00000000efa00000, 0x0000000100000000)
  eden space 17920K, 100% used [0x00000000edc00000,0x00000000eed80000,0x00000000eed80000)
  from space 5632K, 61% used [0x00000000ef380000,0x00000000ef6e8000,0x00000000ef900000)
  to   space 6144K, 0% used [0x00000000eed80000,0x00000000eed80000,0x00000000ef380000)
 ParOldGen       total 54784K, used 46858K [0x00000000c9400000, 0x00000000cc980000, 0x00000000edc00000)
  object space 54784K, 85% used [0x00000000c9400000,0x00000000cc1c2ba8,0x00000000cc980000)
 Metaspace       used 25383K, capacity 26752K, committed 27184K, reserved 1073152K
  class space    used 3026K, capacity 3441K, committed 3632K, reserved 1048576K
Event: 4861.214 GC heap after
Heap after GC invocations=174 (full 3):
 PSYoungGen      total 24064K, used 4064K [0x00000000edc00000, 0x00000000ef980000, 0x0000000100000000)
  eden space 17920K, 0% used [0x00000000edc00000,0x00000000edc00000,0x00000000eed80000)
  from space 6144K, 66% used [0x00000000eed80000,0x00000000ef178000,0x00000000ef380000)
  to   space 6144K, 0% used [0x00000000ef380000,0x00000000ef380000,0x00000000ef980000)
 ParOldGen       total 54784K, used 46930K [0x00000000c9400000, 0x00000000cc980000, 0x00000000edc00000)
  object space 54784K, 85% used [0x00000000c9400000,0x00000000cc1d4ba8,0x00000000cc980000)
 Metaspace       used 25383K, capacity 26752K, committed 27184K, reserved 1073152K
  class space    used 3026K, capacity 3441K, committed 3632K, reserved 1048576K
}
Event: 4883.679 GC heap before
{Heap before GC invocations=175 (full 3):
 PSYoungGen      total 24064K, used 21984K [0x00000000edc00000, 0x00000000ef980000, 0x0000000100000000)
  eden space 17920K, 100% used [0x00000000edc00000,0x00000000eed80000,0x00000000eed80000)
  from space 6144K, 66% used [0x00000000eed80000,0x00000000ef178000,0x00000000ef380000)
  to   space 6144K, 0% used [0x00000000ef380000,0x00000000ef380000,0x00000000ef980000)
 ParOldGen       total 54784K, used 46930K [0x00000000c9400000, 0x00000000cc980000, 0x00000000edc00000)
  object space 54784K, 85% used [0x00000000c9400000,0x00000000cc1d4ba8,0x00000000cc980000)
 Metaspace       used 25383K, capacity 26752K, committed 27184K, reserved 1073152K
  class space    used 3026K, capacity 3441K, committed 3632K, reserved 1048576K
Event: 4883.695 GC heap after
Heap after GC invocations=175 (full 3):
 PSYoungGen      total 24064K, used 3968K [0x00000000edc00000, 0x00000000ef980000, 0x0000000100000000)
  eden space 17920K, 0% used [0x00000000edc00000,0x00000000edc00000,0x00000000eed80000)
  from space 6144K, 64% used [0x00000000ef380000,0x00000000ef760000,0x00000000ef980000)
  to   space 6144K, 0% used [0x00000000eed80000,0x00000000eed80000,0x00000000ef380000)
 ParOldGen       total 54784K, used 46954K [0x00000000c9400000, 0x00000000cc980000, 0x00000000edc00000)
  object space 54784K, 85% used [0x00000000c9400000,0x00000000cc1daba8,0x00000000cc980000)
 Metaspace       used 25383K, capacity 26752K, committed 27184K, reserved 1073152K
  class space    used 3026K, capacity 3441K, committed 3632K, reserved 1048576K
}

Deoptimization events (10 events):
Event: 3218.201 Thread 0x000001bb9cb19800 Uncommon trap: reason=bimorphic action=maybe_recompile pc=0x000001bb8a59dd8c method=java.awt.DefaultKeyboardFocusManager.dispatchEvent(Ljava/awt/AWTEvent;)Z @ 868
Event: 3219.845 Thread 0x000001bb9cb19800 Uncommon trap: reason=unstable_if action=reinterpret pc=0x000001bb8aa7c120 method=java.awt.Component.dispatchEventImpl(Ljava/awt/AWTEvent;)V @ 264
Event: 3219.847 Thread 0x000001bb9cb19800 Uncommon trap: reason=unstable_if action=reinterpret pc=0x000001bb8a816bac method=java.awt.image.SinglePixelPackedSampleModel.getDataElements(IILjava/lang/Object;Ljava/awt/image/DataBuffer;)Ljava/lang/Object; @ 163
Event: 3220.450 Thread 0x000001bb9cb19800 Uncommon trap: reason=speculate_class_check action=maybe_recompile pc=0x000001bb8a629420 method=java.nio.charset.CharsetEncoder.replaceWith([B)Ljava/nio/charset/CharsetEncoder; @ 53
Event: 3229.413 Thread 0x000001bb9cb19800 Uncommon trap: reason=bimorphic action=maybe_recompile pc=0x000001bb8a59dd8c method=java.awt.DefaultKeyboardFocusManager.dispatchEvent(Ljava/awt/AWTEvent;)Z @ 868
Event: 3232.534 Thread 0x000001bb9cb19800 Uncommon trap: reason=unstable_if action=reinterpret pc=0x000001bb8aa43f70 method=jdk.nashorn.internal.runtime.Context$ClassCache.get(Ljava/lang/Object;)Ljdk/nashorn/internal/runtime/Context$ClassReference; @ 12
Event: 3769.324 Thread 0x000001bb9cb41000 Uncommon trap: reason=intrinsic action=reinterpret pc=0x000001bb8ac7cc10 method=java.lang.invoke.LambdaForm$MH/369049246.guard(Ljava/lang/Object;Ljava/lang/Object;)Ljava/lang/Object; @ 46
Event: 4640.723 Thread 0x000001bb9cb41000 Uncommon trap: reason=unstable_if action=reinterpret pc=0x000001bb8abb2958 method=java.lang.ref.SoftReference.get()Ljava/lang/Object; @ 6
Event: 4640.723 Thread 0x000001bb9cb41000 Uncommon trap: reason=unstable_if action=reinterpret pc=0x000001bb8a292f74 method=java.lang.ref.SoftReference.get()Ljava/lang/Object; @ 6
Event: 4889.773 Thread 0x000001bb9d41b800 Uncommon trap: reason=unstable_if action=reinterpret pc=0x000001bb8a2cc8a4 method=java.lang.reflect.Field.get(Ljava/lang/Object;)Ljava/lang/Object; @ 4

Classes redefined (0 events):
No events

Internal exceptions (10 events):
Event: 1292.438 Thread 0x000001bb9cb41000 Implicit null exception at 0x000001bb8a6eb196 to 0x000001bb8a6ec12d
Event: 2474.352 Thread 0x000001bb9cb19800 Implicit null exception at 0x000001bb8a4e0ba7 to 0x000001bb8a4e0c06
Event: 2474.361 Thread 0x000001bb9cb19800 Implicit null exception at 0x000001bb8a041b33 to 0x000001bb8a042399
Event: 2474.388 Thread 0x000001bb9cb19800 Implicit null exception at 0x000001bb8a714a1d to 0x000001bb8a714e6d
Event: 2474.388 Thread 0x000001bb9cb19800 Implicit null exception at 0x000001bb8a72614e to 0x000001bb8a7279a9
Event: 2476.002 Thread 0x000001bb9cb19800 Implicit null exception at 0x000001bb8a434607 to 0x000001bb8a43470d
Event: 2498.834 Thread 0x000001bb9cb19800 Implicit null exception at 0x000001bb8a87eb60 to 0x000001bb8a87f671
Event: 3203.227 Thread 0x000001bb9cb19800 Implicit null exception at 0x000001bb8a2ec22b to 0x000001bb8a2ed139
Event: 3219.847 Thread 0x000001bb9cb19800 Implicit null exception at 0x000001bb8a815b6c to 0x000001bb8a816b8d
Event: 4640.723 Thread 0x000001bb9cb41000 Implicit null exception at 0x000001bb8abb1d0b to 0x000001bb8abb291d

Events (10 events):
Event: 4889.785 Thread 0x000001bb9bf6e000 flushing nmethod 0x000001bb89ee6810
Event: 4889.785 Thread 0x000001bb9bf6e000 flushing nmethod 0x000001bb89ef70d0
Event: 4889.785 Thread 0x000001bb9bf6e000 flushing nmethod 0x000001bb89f25650
Event: 4889.785 Thread 0x000001bb9bf6e000 flushing nmethod 0x000001bb89f536d0
Event: 4889.785 Thread 0x000001bb9bf6e000 flushing nmethod 0x000001bb89f56450
Event: 4889.785 Thread 0x000001bb9bf6e000 flushing nmethod 0x000001bb89f8d610
Event: 4889.794 Thread 0x000001bb9bf6d000 flushing nmethod 0x000001bb8a03d1d0
Event: 4889.801 loading class java/lang/ProcessBuilder
Event: 4889.806 loading class java/lang/ProcessBuilder done
Event: 4889.806 loading class java/lang/ProcessImpl


Dynamic libraries:
0x00007ff730eb0000 - 0x00007ff730ef7000 	C:\Program Files\Java\jre1.8.0_281\bin\javaw.exe
0x00007ffa81f00000 - 0x00007ffa820f0000 	C:\windows\SYSTEM32\ntdll.dll
0x00007ffa59b30000 - 0x00007ffa59b42000 	C:\Program Files\AVAST Software\Avast\aswhook.dll
0x00007ffa81b00000 - 0x00007ffa81bb2000 	C:\windows\System32\KERNEL32.DLL
0x00007ffa7fa80000 - 0x00007ffa7fd25000 	C:\windows\System32\KERNELBASE.dll
0x00007ffa803f0000 - 0x00007ffa80493000 	C:\windows\System32\ADVAPI32.dll
0x00007ffa81bc0000 - 0x00007ffa81c5e000 	C:\windows\System32\msvcrt.dll
0x00007ffa80ba0000 - 0x00007ffa80c37000 	C:\windows\System32\sechost.dll
0x00007ffa81950000 - 0x00007ffa81a6f000 	C:\windows\System32\RPCRT4.dll
0x00007ffa7ffc0000 - 0x00007ffa80154000 	C:\windows\System32\USER32.dll
0x00007ffa7ff80000 - 0x00007ffa7ffa1000 	C:\windows\System32\win32u.dll
0x00007ffa817f0000 - 0x00007ffa81816000 	C:\windows\System32\GDI32.dll
0x00007ffa7fde0000 - 0x00007ffa7ff78000 	C:\windows\System32\gdi32full.dll
0x00007ffa7efa0000 - 0x00007ffa7f03e000 	C:\windows\System32\msvcp_win.dll
0x00007ffa7f200000 - 0x00007ffa7f2fa000 	C:\windows\System32\ucrtbase.dll
0x00007ffa61210000 - 0x00007ffa61494000 	C:\windows\WinSxS\amd64_microsoft.windows.common-controls_6595b64144ccf1df_6.0.18362.1379_none_9e7ff3b3e45cc0c4\COMCTL32.dll
0x00007ffa813e0000 - 0x00007ffa81717000 	C:\windows\System32\combase.dll
0x00007ffa7eeb0000 - 0x00007ffa7ef31000 	C:\windows\System32\bcryptPrimitives.dll
0x00007ffa813b0000 - 0x00007ffa813de000 	C:\windows\System32\IMM32.DLL
0x00007ffa62960000 - 0x00007ffa62975000 	C:\Program Files\Java\jre1.8.0_281\bin\vcruntime140.dll
0x00007ffa47a40000 - 0x00007ffa47adb000 	C:\Program Files\Java\jre1.8.0_281\bin\msvcp140.dll
0x00000000609d0000 - 0x000000006122f000 	C:\Program Files\Java\jre1.8.0_281\bin\server\jvm.dll
0x00007ffa81af0000 - 0x00007ffa81af8000 	C:\windows\System32\PSAPI.DLL
0x00007ffa66730000 - 0x00007ffa66739000 	C:\windows\SYSTEM32\WSOCK32.dll
0x00007ffa818e0000 - 0x00007ffa8194f000 	C:\windows\System32\WS2_32.dll
0x00007ffa71050000 - 0x00007ffa71074000 	C:\windows\SYSTEM32\WINMM.dll
0x00007ffa77960000 - 0x00007ffa7796a000 	C:\windows\SYSTEM32\VERSION.dll
0x00007ffa71020000 - 0x00007ffa7104d000 	C:\windows\SYSTEM32\WINMMBASE.dll
0x00007ffa7f1b0000 - 0x00007ffa7f1fa000 	C:\windows\System32\cfgmgr32.dll
0x00007ffa7ee60000 - 0x00007ffa7ee71000 	C:\windows\System32\kernel.appcore.dll
0x00007ffa6b1d0000 - 0x00007ffa6b1e0000 	C:\Program Files\Java\jre1.8.0_281\bin\verify.dll
0x00007ffa5b4b0000 - 0x00007ffa5b4db000 	C:\Program Files\Java\jre1.8.0_281\bin\java.dll
0x00007ffa62940000 - 0x00007ffa62958000 	C:\Program Files\Java\jre1.8.0_281\bin\zip.dll
0x00007ffa80cc0000 - 0x00007ffa813a8000 	C:\windows\System32\SHELL32.dll
0x00007ffa81da0000 - 0x00007ffa81e47000 	C:\windows\System32\shcore.dll
0x00007ffa7f300000 - 0x00007ffa7fa7b000 	C:\windows\System32\windows.storage.dll
0x00007ffa7ee10000 - 0x00007ffa7ee33000 	C:\windows\System32\profapi.dll
0x00007ffa7edc0000 - 0x00007ffa7ee0a000 	C:\windows\System32\powrprof.dll
0x00007ffa7edb0000 - 0x00007ffa7edc0000 	C:\windows\System32\UMPDC.dll
0x00007ffa806d0000 - 0x00007ffa80722000 	C:\windows\System32\shlwapi.dll
0x00007ffa7f040000 - 0x00007ffa7f057000 	C:\windows\System32\cryptsp.dll
0x00007ffa33aa0000 - 0x00007ffa33c35000 	C:\Program Files\Java\jre1.8.0_281\bin\awt.dll
0x00007ffa81720000 - 0x00007ffa817e5000 	C:\windows\System32\OLEAUT32.dll
0x00007ffa7cbc0000 - 0x00007ffa7cc4f000 	C:\windows\SYSTEM32\apphelp.dll
0x00007ffa7d420000 - 0x00007ffa7d44d000 	C:\windows\system32\DWMAPI.DLL
0x00007ffa7cde0000 - 0x00007ffa7ce79000 	C:\windows\system32\uxtheme.dll
0x00007ffa35050000 - 0x00007ffa351a6000 	C:\windows\system32\opengl32.dll
0x00007ffa57520000 - 0x00007ffa5754c000 	C:\windows\SYSTEM32\GLU32.dll
0x00007ffa7d9f0000 - 0x00007ffa7da10000 	C:\windows\SYSTEM32\dxcore.dll
0x00007ffa81c60000 - 0x00007ffa81d95000 	C:\windows\System32\MSCTF.dll
0x00007ffa80290000 - 0x00007ffa803e7000 	C:\windows\System32\ole32.dll
0x00007ffa67b10000 - 0x00007ffa67cd7000 	C:\windows\system32\d3d9.dll
0x00007ffa6ee20000 - 0x00007ffa6effd000 	C:\windows\System32\DriverStore\FileRepository\u0342612.inf_amd64_f45480a6fb163a4b\B342328\aticfx64.dll
0x00007ffa697d0000 - 0x00007ffa69800000 	C:\windows\System32\DriverStore\FileRepository\u0342612.inf_amd64_f45480a6fb163a4b\B342328\atiu9p64.dll
0x00007ffa3ae30000 - 0x00007ffa3bafb000 	C:\windows\System32\DriverStore\FileRepository\u0342612.inf_amd64_f45480a6fb163a4b\B342328\atiumd64.dll
0x00000000614f0000 - 0x0000000062273000 	C:\windows\System32\DriverStore\FileRepository\u0342612.inf_amd64_f45480a6fb163a4b\B342328\atiumd6a.dll
0x00007ffa6edd0000 - 0x00007ffa6edec000 	C:\Program Files\Java\jre1.8.0_281\bin\net.dll
0x00007ffa7e590000 - 0x00007ffa7e5f7000 	C:\windows\system32\mswsock.dll
0x00007ffa6af20000 - 0x00007ffa6af33000 	C:\Program Files\Java\jre1.8.0_281\bin\nio.dll
0x00007ffa7e110000 - 0x00007ffa7e143000 	C:\windows\system32\rsaenh.dll
0x00007ffa7ee80000 - 0x00007ffa7eea6000 	C:\windows\System32\bcrypt.dll
0x00007ffa7ec90000 - 0x00007ffa7ecb5000 	C:\windows\SYSTEM32\USERENV.dll
0x00007ffa7e760000 - 0x00007ffa7e76c000 	C:\windows\SYSTEM32\CRYPTBASE.dll
0x00007ffa7e2a0000 - 0x00007ffa7e2da000 	C:\windows\SYSTEM32\IPHLPAPI.DLL
0x00007ffa81820000 - 0x00007ffa81828000 	C:\windows\System32\NSI.dll
0x00007ffa7d6a0000 - 0x00007ffa7d6b6000 	C:\windows\SYSTEM32\dhcpcsvc6.DLL
0x00007ffa7d680000 - 0x00007ffa7d69c000 	C:\windows\SYSTEM32\dhcpcsvc.DLL
0x00007ffa7e2e0000 - 0x00007ffa7e3ab000 	C:\windows\SYSTEM32\DNSAPI.dll
0x0000000180000000 - 0x0000000180032000 	C:\Users\phainon\AppData\Local\Temp\jna5312828666791346086.tmp
0x00007ffa69bd0000 - 0x00007ffa69c19000 	C:\Program Files\Java\jre1.8.0_281\bin\fontmanager.dll
0x00007ffa7a5a0000 - 0x00007ffa7a64e000 	C:\windows\SYSTEM32\mscms.dll
0x00007ffa7a580000 - 0x00007ffa7a597000 	C:\windows\SYSTEM32\ColorAdapterClient.dll
0x00007ffa69b80000 - 0x00007ffa69bc3000 	C:\windows\SYSTEM32\icm32.dll
0x00007ffa6e810000 - 0x00007ffa6e853000 	C:\Program Files\Java\jre1.8.0_281\bin\t2k.dll
0x00007ffa78b20000 - 0x00007ffa78bbd000 	C:\windows\System32\TextInputFramework.dll
0x00007ffa707a0000 - 0x00007ffa70aca000 	C:\windows\System32\CoreUIComponents.dll
0x00007ffa7c9c0000 - 0x00007ffa7ca94000 	C:\windows\System32\CoreMessaging.dll
0x00007ffa7ddf0000 - 0x00007ffa7de21000 	C:\windows\SYSTEM32\ntmarta.dll
0x00007ffa7ae10000 - 0x00007ffa7af62000 	C:\windows\SYSTEM32\wintypes.dll
0x00007ffa796b0000 - 0x00007ffa796da000 	C:\Program Files\Java\jre1.8.0_281\bin\dcpr.dll
0x00007ffa68920000 - 0x00007ffa68bc7000 	C:\windows\System32\iertutil.dll
0x00007ffa81830000 - 0x00007ffa818d2000 	C:\windows\System32\clbcatq.dll
0x00007ffa705f0000 - 0x00007ffa7079f000 	C:\windows\SYSTEM32\WindowsCodecs.dll
0x00007ffa69e70000 - 0x00007ffa69eab000 	C:\windows\system32\dataexchange.dll
0x00007ffa7b7b0000 - 0x00007ffa7ba0b000 	C:\windows\system32\d3d11.dll
0x00007ffa7c450000 - 0x00007ffa7c62d000 	C:\windows\system32\dcomp.dll
0x00007ffa7da80000 - 0x00007ffa7db6b000 	C:\windows\system32\dxgi.dll
0x00007ffa7ceb0000 - 0x00007ffa7d10a000 	C:\windows\system32\twinapi.appcore.dll
0x00007ffa7d200000 - 0x00007ffa7d229000 	C:\windows\system32\RMCLIENT.dll
0x00007ffa7d770000 - 0x00007ffa7d964000 	C:\windows\SYSTEM32\dbghelp.dll

VM Arguments:
java_command: C:\Users\phainon\Documents\wwwwwww\Kim Dokja shimejiee\Shimeji-ee.jar
java_class_path (initial): C:\Users\phainon\Documents\wwwwwww\Kim Dokja shimejiee\Shimeji-ee.jar
Launcher Type: SUN_STANDARD

Environment Variables:
PATH=C:\Program Files (x86)\Common Files\Oracle\Java\javapath;C:\windows\system32;C:\windows;C:\windows\System32\Wbem;C:\windows\System32\WindowsPowerShell\v1.0\;C:\windows\System32\OpenSSH\;C:\Users\phainon\AppData\Local\Microsoft\WindowsApps;
USERNAME=phainon
OS=Windows_NT
PROCESSOR_IDENTIFIER=AMD64 Family 23 Model 24 Stepping 1, AuthenticAMD



---------------  S Y S T E M  ---------------

OS: Windows 10.0 , 64 bit Build 18362 (10.0.18362.1350)

CPU:total 4 (initial active 4) (4 cores per cpu, 1 threads per core) family 23 model 24 stepping 1, cmov, cx8, fxsr, mmx, sse, sse2, sse3, ssse3, sse4.1, sse4.2, popcnt, avx, avx2, aes, clmul, mmxext, 3dnowpref, lzcnt, sse4a, tsc, tscinvbit, tscinv, bmi1

Memory: 4k page, physical 3582420k(1288564k free), swap 10660308k(5650160k free)

vm_info: Java HotSpot(TM) 64-Bit Server VM (25.281-b09) for windows-amd64 JRE (1.8.0_281-b09), built on Dec  9 2020 13:54:07 by "" with MS VC++ 15.9 (VS2017)

time: Wed Feb 24 15:25:46 2021
timezone: Malay Peninsula Standard Time
elapsed time: 4890.001536 seconds (0d 1h 21m 30s)

