#
# A fatal error has been detected by the Java Runtime Environment:
#
#  EXCEPTION_ACCESS_VIOLATION (0xc0000005) at pc=0x0000000055bf9d13, pid=12140, tid=0x0000000000002550
#
# JRE version: Java(TM) SE Runtime Environment (8.0_281-b09) (build 1.8.0_281-b09)
# Java VM: Java HotSpot(TM) 64-Bit Server VM (25.281-b09 mixed mode windows-amd64 compressed oops)
# Problematic frame:
# V  [jvm.dll+0x149d13]
#
# Failed to write core dump. Minidumps are not enabled by default on client versions of Windows
#
# If you would like to submit a bug report, please visit:
#   http://bugreport.java.com/bugreport/crash.jsp
#

---------------  T H R E A D  ---------------

Current thread (0x0000020ba089d000):  JavaThread "Thread-7" [_thread_in_vm, id=9552, stack(0x0000003b59900000,0x0000003b59a00000)]

siginfo: ExceptionCode=0xc0000005, reading address 0x0000000000000000

Registers:
RAX=0x0000000000000000, RBX=0x0000020ba089d000, RCX=0x0000000000000d00, RDX=0x0000020ba0dfb880
RSP=0x0000003b599fef60, RBP=0x0000020ba089d000, RSI=0x0000000000000000, RDI=0x0000000000000000
R8 =0x0000000000000000, R9 =0x0000000000000010, R10=0x0000000000000486, R11=0x0000000056288a5c
R12=0x0000000000000000, R13=0x0000000000000000, R14=0x0000020ba0dfb880, R15=0x0000020ba089d000
RIP=0x0000000055bf9d13, EFLAGS=0x0000000000010246

Top of Stack: (sp=0x0000003b599fef60)
0x0000003b599fef60:   0000000000000000 0000000000000000
0x0000003b599fef70:   0000000000000000 0000003b599ff080
0x0000003b599fef80:   0000003b599ff170 00000001800012ca
0x0000003b599fef90:   0000000000000038 0000003b599ff080
0x0000003b599fefa0:   0000000000000000 0000000000000000
0x0000003b599fefb0:   0000003b599ff7d0 0000000180002440
0x0000003b599fefc0:   0000000000000000 00000001800011a9
0x0000003b599fefd0:   0000000000000004 0000020b9e138840
0x0000003b599fefe0:   0000020ba089d000 0000000055dde4d2
0x0000003b599feff0:   0000000055cbabc0 0000000000000000
0x0000003b599ff000:   0000000000000000 0000020ba089d000
0x0000003b599ff010:   0000003b599ff088 0000000180002440
0x0000003b599ff020:   0000000000000000 0000000180001173
0x0000003b599ff030:   0000003b599ff0c8 0000000180002440
0x0000003b599ff040:   0000000000000000 000000018000113a
0x0000003b599ff050:   0000000000000038 0000003b599ff080 

Instructions: (pc=0x0000000055bf9d13)
0x0000000055bf9cf3:   00 40 b7 01 4d 85 f6 0f 84 84 00 00 00 40 32 ff
0x0000000055bf9d03:   40 f6 c6 01 74 0a 48 8b ce e8 4f 26 0c 00 eb 03
0x0000000055bf9d13:   48 8b 06 48 8b c8 e8 f2 4d f2 ff 48 8b f0 48 85
0x0000000055bf9d23:   c0 74 5e 41 f6 c6 01 74 0a 49 8b ce e8 2c 26 0c 


Register to memory mapping:

RAX=0x0000000000000000 is an unknown value
RBX=0x0000020ba089d000 is a thread
RCX=0x0000000000000d00 is an unknown value
RDX=0x0000020ba0dfb880 is an unknown value
RSP=0x0000003b599fef60 is pointing into the stack for thread: 0x0000020ba089d000
RBP=0x0000020ba089d000 is a thread
RSI=0x0000000000000000 is an unknown value
RDI=0x0000000000000000 is an unknown value
R8 =0x0000000000000000 is an unknown value
R9 =0x0000000000000010 is an unknown value
R10=0x0000000000000486 is an unknown value
R11=0x0000000056288a5c is an unknown value
R12=0x0000000000000000 is an unknown value
R13=0x0000000000000000 is an unknown value
R14=0x0000020ba0dfb880 is an unknown value
R15=0x0000020ba089d000 is a thread


Stack: [0x0000003b59900000,0x0000003b59a00000],  sp=0x0000003b599fef60,  free space=1019k
Native frames: (J=compiled Java code, j=interpreted, Vv=VM code, C=native code)
V  [jvm.dll+0x149d13]
C  [jna9091346848928546091.tmp+0x12ca]
C  [jna9091346848928546091.tmp+0x2487]
C  0x0000020b8d502bec

Java frames: (J=compiled Java code, j=interpreted, Vv=VM code)
J 2348  com.sun.jna.Function.invokeInt(I[Ljava/lang/Object;)I (0 bytes) @ 0x0000020b8d502b4f [0x0000020b8d502b00+0x4f]
J 2494 C2 com.sun.jna.Function.invoke([Ljava/lang/Object;Ljava/lang/Class;Z)Ljava/lang/Object; (1141 bytes) @ 0x0000020b8d5562f8 [0x0000020b8d556040+0x2b8]
J 2482 C2 com.sun.jna.Function.invoke(Ljava/lang/Class;[Ljava/lang/Object;Ljava/util/Map;)Ljava/lang/Object; (572 bytes) @ 0x0000020b8d562714 [0x0000020b8d561860+0xeb4]
J 2495 C2 com.sun.jna.Library$Handler.invoke(Ljava/lang/Object;Ljava/lang/reflect/Method;[Ljava/lang/Object;)Ljava/lang/Object; (348 bytes) @ 0x0000020b8d565a28 [0x0000020b8d565560+0x4c8]
J 4852 C2 com.group_finity.mascot.win.WindowsEnvironment.tick()V (72 bytes) @ 0x0000020b8da73b98 [0x0000020b8da72c80+0xf18]
J 4897% C2 com.group_finity.mascot.Manager$2.run()V (70 bytes) @ 0x0000020b8dac1e84 [0x0000020b8dac1780+0x704]
v  ~StubRoutines::call_stub

---------------  P R O C E S S  ---------------

Java Threads: ( => current thread )
  0x0000020ba0b00800 JavaThread "Thread-2" daemon [_thread_in_native, id=10104, stack(0x0000003b59e00000,0x0000003b59f00000)]
  0x0000020ba0dff800 JavaThread "SIGTERM handler" daemon [_thread_blocked, id=4832, stack(0x0000003b57f00000,0x0000003b58000000)]
  0x0000020ba0dcc800 JavaThread "TimerQueue" daemon [_thread_blocked, id=10540, stack(0x0000003b59600000,0x0000003b59700000)]
  0x0000020b8b2f3000 JavaThread "DestroyJavaVM" [_thread_blocked, id=5072, stack(0x0000003b58000000,0x0000003b58100000)]
=>0x0000020ba089d000 JavaThread "Thread-7" [_thread_in_vm, id=9552, stack(0x0000003b59900000,0x0000003b59a00000)]
  0x0000020ba5aa8000 JavaThread "AWT-EventQueue-0" [_thread_in_native, id=3276, stack(0x0000003b59c00000,0x0000003b59d00000)]
  0x0000020ba5aa1800 JavaThread "AWT-Shutdown" [_thread_blocked, id=10136, stack(0x0000003b59b00000,0x0000003b59c00000)]
  0x0000020ba0877000 JavaThread "Thread-4" daemon [_thread_blocked, id=7016, stack(0x0000003b59100000,0x0000003b59200000)]
  0x0000020ba0074000 JavaThread "AWT-Windows" daemon [_thread_in_native, id=9008, stack(0x0000003b59200000,0x0000003b59300000)]
  0x0000020ba0069000 JavaThread "Java2D Disposer" daemon [_thread_blocked, id=3228, stack(0x0000003b59000000,0x0000003b59100000)]
  0x0000020b9fe1c000 JavaThread "Thread-1" daemon [_thread_blocked, id=1608, stack(0x0000003b58f00000,0x0000003b59000000)]
  0x0000020b9f1ba800 JavaThread "Service Thread" daemon [_thread_blocked, id=3736, stack(0x0000003b58d00000,0x0000003b58e00000)]
  0x0000020b9f1b9000 JavaThread "C1 CompilerThread2" daemon [_thread_blocked, id=11088, stack(0x0000003b58c00000,0x0000003b58d00000)]
  0x0000020b9f1ae000 JavaThread "C2 CompilerThread1" daemon [_thread_blocked, id=8636, stack(0x0000003b58b00000,0x0000003b58c00000)]
  0x0000020b9f14f000 JavaThread "C2 CompilerThread0" daemon [_thread_blocked, id=11284, stack(0x0000003b58a00000,0x0000003b58b00000)]
  0x0000020b9f14c000 JavaThread "Attach Listener" daemon [_thread_blocked, id=11184, stack(0x0000003b58900000,0x0000003b58a00000)]
  0x0000020b9f14b000 JavaThread "Signal Dispatcher" daemon [_thread_blocked, id=1556, stack(0x0000003b58800000,0x0000003b58900000)]
  0x0000020b9ea05000 JavaThread "Finalizer" daemon [_thread_blocked, id=4948, stack(0x0000003b58700000,0x0000003b58800000)]
  0x0000020b9e9fe000 JavaThread "Reference Handler" daemon [_thread_blocked, id=11808, stack(0x0000003b58600000,0x0000003b58700000)]

Other Threads:
  0x0000020b9f114000 VMThread [stack: 0x0000003b58500000,0x0000003b58600000] [id=9200]
  0x0000020b9f1c1000 WatcherThread [stack: 0x0000003b58e00000,0x0000003b58f00000] [id=10596]

VM state:not at safepoint (normal execution)

VM Mutex/Monitor currently owned by a thread: None

heap address: 0x00000000c9400000, size: 876 MB, Compressed Oops mode: 32-bit
Narrow klass base: 0x0000000000000000, Narrow klass shift: 3
Compressed class space size: 1073741824 Address: 0x0000000100000000

Heap:
 PSYoungGen      total 19968K, used 10728K [0x00000000edc00000, 0x00000000ef380000, 0x0000000100000000)
  eden space 16896K, 46% used [0x00000000edc00000,0x00000000ee3a2188,0x00000000eec80000)
  from space 3072K, 94% used [0x00000000eec80000,0x00000000eef58000,0x00000000eef80000)
  to   space 3584K, 0% used [0x00000000ef000000,0x00000000ef000000,0x00000000ef380000)
 ParOldGen       total 63488K, used 46993K [0x00000000c9400000, 0x00000000cd200000, 0x00000000edc00000)
  object space 63488K, 74% used [0x00000000c9400000,0x00000000cc1e4580,0x00000000cd200000)
 Metaspace       used 22909K, capacity 24510K, committed 24704K, reserved 1071104K
  class space    used 2756K, capacity 3329K, committed 3456K, reserved 1048576K

Card table byte_map: [0x0000020b9c100000,0x0000020b9c2c0000] byte_map_base: 0x0000020b9bab6000

Marking Bits: (ParMarkBitMap*) 0x0000000056296ff0
 Begin Bits: [0x0000020b9c3f0000, 0x0000020b9d1a0000)
 End Bits:   [0x0000020b9d1a0000, 0x0000020b9df50000)

Polling page: 0x0000020b8b4f0000

CodeCache: size=245760Kb used=14789Kb max_used=14822Kb free=230970Kb
 bounds [0x0000020b8cd40000, 0x0000020b8dc30000, 0x0000020b9bd40000]
 total_blobs=4917 nmethods=4334 adapters=496
 compilation: enabled

Compilation events (10 events):
Event: 6180.910 Thread 0x0000020b9f1ae000 nmethod 5424 0x0000020b8ceccc50 code [0x0000020b8ceccd80, 0x0000020b8ceccdd8]
Event: 6180.951 Thread 0x0000020b9f14f000 nmethod 5422 0x0000020b8cf84250 code [0x0000020b8cf846e0, 0x0000020b8cf85e00]
Event: 6186.107 Thread 0x0000020b9f1ae000 5425       4       java.lang.invoke.MutableCallSite::setTarget (15 bytes)
Event: 6186.114 Thread 0x0000020b9f1ae000 nmethod 5425 0x0000020b8ce97e10 code [0x0000020b8ce97f60, 0x0000020b8ce98168]
Event: 6186.116 Thread 0x0000020b9f14f000 5426       4       java.util.LinkedList$ListItr::<init> (47 bytes)
Event: 6186.119 Thread 0x0000020b9f14f000 nmethod 5426 0x0000020b8d83ac10 code [0x0000020b8d83ad40, 0x0000020b8d83ae58]
Event: 6217.462 Thread 0x0000020b9f1b9000 5427       3       java.util.logging.LogManager$LoggerContext::getRootLogger (8 bytes)
Event: 6217.463 Thread 0x0000020b9f1b9000 nmethod 5427 0x0000020b8db18c10 code [0x0000020b8db18d60, 0x0000020b8db18f78]
Event: 6217.463 Thread 0x0000020b9f1b9000 5428       3       java.util.logging.LogManager$LoggerContext::getGlobalLogger (6 bytes)
Event: 6217.464 Thread 0x0000020b9f1b9000 nmethod 5428 0x0000020b8d973650 code [0x0000020b8d9737a0, 0x0000020b8d9738f8]

GC Heap History (10 events):
Event: 6172.067 GC heap before
{Heap before GC invocations=209 (full 2):
 PSYoungGen      total 20480K, used 18192K [0x00000000edc00000, 0x00000000ef380000, 0x0000000100000000)
  eden space 16896K, 100% used [0x00000000edc00000,0x00000000eec80000,0x00000000eec80000)
  from space 3584K, 36% used [0x00000000ef000000,0x00000000ef144010,0x00000000ef380000)
  to   space 3584K, 0% used [0x00000000eec80000,0x00000000eec80000,0x00000000ef000000)
 ParOldGen       total 63488K, used 46945K [0x00000000c9400000, 0x00000000cd200000, 0x00000000edc00000)
  object space 63488K, 73% used [0x00000000c9400000,0x00000000cc1d8580,0x00000000cd200000)
 Metaspace       used 22869K, capacity 24508K, committed 24576K, reserved 1071104K
  class space    used 2752K, capacity 3328K, committed 3328K, reserved 1048576K
Event: 6172.071 GC heap after
Heap after GC invocations=209 (full 2):
 PSYoungGen      total 17920K, used 944K [0x00000000edc00000, 0x00000000ef280000, 0x0000000100000000)
  eden space 16896K, 0% used [0x00000000edc00000,0x00000000edc00000,0x00000000eec80000)
  from space 1024K, 92% used [0x00000000eec80000,0x00000000eed6c010,0x00000000eed80000)
  to   space 3072K, 0% used [0x00000000eef80000,0x00000000eef80000,0x00000000ef280000)
 ParOldGen       total 63488K, used 46969K [0x00000000c9400000, 0x00000000cd200000, 0x00000000edc00000)
  object space 63488K, 73% used [0x00000000c9400000,0x00000000cc1de580,0x00000000cd200000)
 Metaspace       used 22869K, capacity 24508K, committed 24576K, reserved 1071104K
  class space    used 2752K, capacity 3328K, committed 3328K, reserved 1048576K
}
Event: 6178.104 GC heap before
{Heap before GC invocations=210 (full 2):
 PSYoungGen      total 17920K, used 17840K [0x00000000edc00000, 0x00000000ef280000, 0x0000000100000000)
  eden space 16896K, 100% used [0x00000000edc00000,0x00000000eec80000,0x00000000eec80000)
  from space 1024K, 92% used [0x00000000eec80000,0x00000000eed6c010,0x00000000eed80000)
  to   space 3072K, 0% used [0x00000000eef80000,0x00000000eef80000,0x00000000ef280000)
 ParOldGen       total 63488K, used 46969K [0x00000000c9400000, 0x00000000cd200000, 0x00000000edc00000)
  object space 63488K, 73% used [0x00000000c9400000,0x00000000cc1de580,0x00000000cd200000)
 Metaspace       used 22871K, capacity 24510K, committed 24704K, reserved 1071104K
  class space    used 2752K, capacity 3329K, committed 3456K, reserved 1048576K
Event: 6178.109 GC heap after
Heap after GC invocations=210 (full 2):
 PSYoungGen      total 19968K, used 1248K [0x00000000edc00000, 0x00000000ef280000, 0x0000000100000000)
  eden space 16896K, 0% used [0x00000000edc00000,0x00000000edc00000,0x00000000eec80000)
  from space 3072K, 40% used [0x00000000eef80000,0x00000000ef0b8000,0x00000000ef280000)
  to   space 3072K, 0% used [0x00000000eec80000,0x00000000eec80000,0x00000000eef80000)
 ParOldGen       total 63488K, used 46977K [0x00000000c9400000, 0x00000000cd200000, 0x00000000edc00000)
  object space 63488K, 73% used [0x00000000c9400000,0x00000000cc1e0580,0x00000000cd200000)
 Metaspace       used 22871K, capacity 24510K, committed 24704K, reserved 1071104K
  class space    used 2752K, capacity 3329K, committed 3456K, reserved 1048576K
}
Event: 6185.465 GC heap before
{Heap before GC invocations=211 (full 2):
 PSYoungGen      total 19968K, used 18144K [0x00000000edc00000, 0x00000000ef280000, 0x0000000100000000)
  eden space 16896K, 100% used [0x00000000edc00000,0x00000000eec80000,0x00000000eec80000)
  from space 3072K, 40% used [0x00000000eef80000,0x00000000ef0b8000,0x00000000ef280000)
  to   space 3072K, 0% used [0x00000000eec80000,0x00000000eec80000,0x00000000eef80000)
 ParOldGen       total 63488K, used 46977K [0x00000000c9400000, 0x00000000cd200000, 0x00000000edc00000)
  object space 63488K, 73% used [0x00000000c9400000,0x00000000cc1e0580,0x00000000cd200000)
 Metaspace       used 22871K, capacity 24510K, committed 24704K, reserved 1071104K
  class space    used 2752K, capacity 3329K, committed 3456K, reserved 1048576K
Event: 6185.471 GC heap after
Heap after GC invocations=211 (full 2):
 PSYoungGen      total 19968K, used 1568K [0x00000000edc00000, 0x00000000ef280000, 0x0000000100000000)
  eden space 16896K, 0% used [0x00000000edc00000,0x00000000edc00000,0x00000000eec80000)
  from space 3072K, 51% used [0x00000000eec80000,0x00000000eee08000,0x00000000eef80000)
  to   space 3072K, 0% used [0x00000000eef80000,0x00000000eef80000,0x00000000ef280000)
 ParOldGen       total 63488K, used 46985K [0x00000000c9400000, 0x00000000cd200000, 0x00000000edc00000)
  object space 63488K, 74% used [0x00000000c9400000,0x00000000cc1e2580,0x00000000cd200000)
 Metaspace       used 22871K, capacity 24510K, committed 24704K, reserved 1071104K
  class space    used 2752K, capacity 3329K, committed 3456K, reserved 1048576K
}
Event: 6196.385 GC heap before
{Heap before GC invocations=212 (full 2):
 PSYoungGen      total 19968K, used 18464K [0x00000000edc00000, 0x00000000ef280000, 0x0000000100000000)
  eden space 16896K, 100% used [0x00000000edc00000,0x00000000eec80000,0x00000000eec80000)
  from space 3072K, 51% used [0x00000000eec80000,0x00000000eee08000,0x00000000eef80000)
  to   space 3072K, 0% used [0x00000000eef80000,0x00000000eef80000,0x00000000ef280000)
 ParOldGen       total 63488K, used 46985K [0x00000000c9400000, 0x00000000cd200000, 0x00000000edc00000)
  object space 63488K, 74% used [0x00000000c9400000,0x00000000cc1e2580,0x00000000cd200000)
 Metaspace       used 22871K, capacity 24510K, committed 24704K, reserved 1071104K
  class space    used 2752K, capacity 3329K, committed 3456K, reserved 1048576K
Event: 6196.392 GC heap after
Heap after GC invocations=212 (full 2):
 PSYoungGen      total 19968K, used 2208K [0x00000000edc00000, 0x00000000ef280000, 0x0000000100000000)
  eden space 16896K, 0% used [0x00000000edc00000,0x00000000edc00000,0x00000000eec80000)
  from space 3072K, 71% used [0x00000000eef80000,0x00000000ef1a8000,0x00000000ef280000)
  to   space 3072K, 0% used [0x00000000eec80000,0x00000000eec80000,0x00000000eef80000)
 ParOldGen       total 63488K, used 46985K [0x00000000c9400000, 0x00000000cd200000, 0x00000000edc00000)
  object space 63488K, 74% used [0x00000000c9400000,0x00000000cc1e2580,0x00000000cd200000)
 Metaspace       used 22871K, capacity 24510K, committed 24704K, reserved 1071104K
  class space    used 2752K, capacity 3329K, committed 3456K, reserved 1048576K
}
Event: 6210.985 GC heap before
{Heap before GC invocations=213 (full 2):
 PSYoungGen      total 19968K, used 19104K [0x00000000edc00000, 0x00000000ef280000, 0x0000000100000000)
  eden space 16896K, 100% used [0x00000000edc00000,0x00000000eec80000,0x00000000eec80000)
  from space 3072K, 71% used [0x00000000eef80000,0x00000000ef1a8000,0x00000000ef280000)
  to   space 3072K, 0% used [0x00000000eec80000,0x00000000eec80000,0x00000000eef80000)
 ParOldGen       total 63488K, used 46985K [0x00000000c9400000, 0x00000000cd200000, 0x00000000edc00000)
  object space 63488K, 74% used [0x00000000c9400000,0x00000000cc1e2580,0x00000000cd200000)
 Metaspace       used 22871K, capacity 24510K, committed 24704K, reserved 1071104K
  class space    used 2752K, capacity 3329K, committed 3456K, reserved 1048576K
Event: 6210.995 GC heap after
Heap after GC invocations=213 (full 2):
 PSYoungGen      total 19968K, used 2912K [0x00000000edc00000, 0x00000000ef380000, 0x0000000100000000)
  eden space 16896K, 0% used [0x00000000edc00000,0x00000000edc00000,0x00000000eec80000)
  from space 3072K, 94% used [0x00000000eec80000,0x00000000eef58000,0x00000000eef80000)
  to   space 3584K, 0% used [0x00000000ef000000,0x00000000ef000000,0x00000000ef380000)
 ParOldGen       total 63488K, used 46993K [0x00000000c9400000, 0x00000000cd200000, 0x00000000edc00000)
  object space 63488K, 74% used [0x00000000c9400000,0x00000000cc1e4580,0x00000000cd200000)
 Metaspace       used 22871K, capacity 24510K, committed 24704K, reserved 1071104K
  class space    used 2752K, capacity 3329K, committed 3456K, reserved 1048576K
}

Deoptimization events (10 events):
Event: 3116.410 Thread 0x0000020ba089d000 Uncommon trap: reason=bimorphic action=maybe_recompile pc=0x0000020b8d5a7f34 method=com.group_finity.mascot.action.Stay.tick()V @ 22
Event: 3260.293 Thread 0x0000020ba089d000 Uncommon trap: reason=unstable_if action=reinterpret pc=0x0000020b8ced2af4 method=java.lang.invoke.LambdaForm.uncustomize()Ljava/lang/invoke/LambdaForm; @ 4
Event: 3260.293 Thread 0x0000020ba089d000 Uncommon trap: reason=class_check action=maybe_recompile pc=0x0000020b8d6eb0b4 method=java.lang.invoke.LambdaForm$BMH/1549409129.reinvoke(Ljava/lang/Object;Ljava/lang/Object;)Ljava/lang/Object; @ 11
Event: 3345.371 Thread 0x0000020ba089d000 Uncommon trap: reason=unstable_if action=reinterpret pc=0x0000020b8d3c5e0c method=com.group_finity.mascot.action.Move.tick()V @ 139
Event: 3658.090 Thread 0x0000020ba5aa8000 Uncommon trap: reason=unstable_if action=reinterpret pc=0x0000020b8d31de14 method=java.util.HashMap.removeNode(ILjava/lang/Object;Ljava/lang/Object;ZZ)Ljava/util/HashMap$Node; @ 46
Event: 3658.090 Thread 0x0000020ba5aa8000 Uncommon trap: reason=unstable_if action=reinterpret pc=0x0000020b8d053490 method=java.util.HashMap.removeNode(ILjava/lang/Object;Ljava/lang/Object;ZZ)Ljava/util/HashMap$Node; @ 46
Event: 4398.492 Thread 0x0000020ba089d000 Uncommon trap: reason=unstable_if action=reinterpret pc=0x0000020b8d407118 method=java.lang.invoke.LambdaForm.uncustomize()Ljava/lang/invoke/LambdaForm; @ 4
Event: 4398.492 Thread 0x0000020ba089d000 Uncommon trap: reason=class_check action=maybe_recompile pc=0x0000020b8d6eb0b4 method=java.lang.invoke.LambdaForm$BMH/1549409129.reinvoke(Ljava/lang/Object;Ljava/lang/Object;)Ljava/lang/Object; @ 11
Event: 4898.626 Thread 0x0000020ba089d000 Uncommon trap: reason=class_check action=maybe_recompile pc=0x0000020b8d6eb0b4 method=java.lang.invoke.LambdaForm$BMH/1549409129.reinvoke(Ljava/lang/Object;Ljava/lang/Object;)Ljava/lang/Object; @ 11
Event: 6217.466 Thread 0x0000020ba5aa8000 Uncommon trap: reason=unstable_if action=reinterpret pc=0x0000020b8da978c4 method=sun.java2d.d3d.D3DScreenUpdateManager.createGraphics(Lsun/java2d/SurfaceData;Lsun/awt/windows/WComponentPeer;Ljava/awt/Color;Ljava/awt/Color;Ljava/awt/Font;)Ljava/awt/Graphi

Classes redefined (0 events):
No events

Internal exceptions (10 events):
Event: 6.437 Thread 0x0000020b8b2f3000 Exception <a 'java/lang/ClassNotFoundException': jdk/nashorn/internal/runtime/ScriptFunction> (0x00000000f0512a68) thrown at [C:\jenkins\workspace\8-2-build-windows-amd64-cygwin\jdk8u281\880\hotspot\src\share\vm\classfile\systemDictionary.cpp, line 212]
Event: 110.132 Thread 0x0000020ba089d000 Implicit null exception at 0x0000020b8d699c30 to 0x0000020b8d69b995
Event: 110.132 Thread 0x0000020ba089d000 Implicit null exception at 0x0000020b8d5bde74 to 0x0000020b8d5bdfd5
Event: 249.348 Thread 0x0000020ba089d000 Implicit null exception at 0x0000020b8d7ae667 to 0x0000020b8d7ae6c6
Event: 249.358 Thread 0x0000020ba089d000 Implicit null exception at 0x0000020b8d54eab3 to 0x0000020b8d54f3d1
Event: 249.393 Thread 0x0000020ba5aa8000 Implicit null exception at 0x0000020b8d7c3656 to 0x0000020b8d7c4bad
Event: 719.113 Thread 0x0000020ba089d000 Implicit null exception at 0x0000020b8d9879e4 to 0x0000020b8d988d45
Event: 774.551 Thread 0x0000020ba089d000 Implicit null exception at 0x0000020b8d3bf4dc to 0x0000020b8d3c0611
Event: 836.790 Thread 0x0000020ba089d000 Implicit null exception at 0x0000020b8d3a2ffd to 0x0000020b8d3a3879
Event: 2139.773 Thread 0x0000020ba5aa8000 Implicit null exception at 0x0000020b8d6b4544 to 0x0000020b8d6b461d

Events (10 events):
Event: 6217.463 Thread 0x0000020b9f1b9000 flushing nmethod 0x0000020b8d073ad0
Event: 6217.465 Thread 0x0000020ba5aa8000 Uncommon trap: trap_request=0xffffff65 fr.pc=0x0000020b8da978c4
Event: 6217.466 Thread 0x0000020ba5aa8000 DEOPT PACKING pc=0x0000020b8da978c4 sp=0x0000003b59cfd600
Event: 6217.466 Thread 0x0000020ba5aa8000 DEOPT UNPACKING pc=0x0000020b8cd85843 sp=0x0000003b59cfd380 mode 2
Event: 6217.474 loading class java/lang/ProcessBuilder
Event: 6217.477 loading class java/lang/ProcessBuilder done
Event: 6217.477 loading class java/lang/ProcessImpl
Event: 6217.479 loading class java/lang/Process
Event: 6217.479 loading class java/lang/Process done
Event: 6217.479 loading class java/lang/ProcessImpl done


Dynamic libraries:
0x00007ff7c4a80000 - 0x00007ff7c4ac7000 	C:\Program Files\Java\jre1.8.0_281\bin\javaw.exe
0x00007ffae88c0000 - 0x00007ffae8ab0000 	C:\windows\SYSTEM32\ntdll.dll
0x00007ffac48c0000 - 0x00007ffac48d2000 	C:\Program Files\AVAST Software\Avast\aswhook.dll
0x00007ffae6ec0000 - 0x00007ffae6f72000 	C:\windows\System32\KERNEL32.DLL
0x00007ffae5ad0000 - 0x00007ffae5d75000 	C:\windows\System32\KERNELBASE.dll
0x00007ffae7de0000 - 0x00007ffae7e83000 	C:\windows\System32\ADVAPI32.dll
0x00007ffae8300000 - 0x00007ffae839e000 	C:\windows\System32\msvcrt.dll
0x00007ffae8470000 - 0x00007ffae8507000 	C:\windows\System32\sechost.dll
0x00007ffae7cc0000 - 0x00007ffae7ddf000 	C:\windows\System32\RPCRT4.dll
0x00007ffae7740000 - 0x00007ffae78d4000 	C:\windows\System32\USER32.dll
0x00007ffae5de0000 - 0x00007ffae5e01000 	C:\windows\System32\win32u.dll
0x00007ffae7690000 - 0x00007ffae76b6000 	C:\windows\System32\GDI32.dll
0x00007ffae5930000 - 0x00007ffae5ac8000 	C:\windows\System32\gdi32full.dll
0x00007ffae5fa0000 - 0x00007ffae603e000 	C:\windows\System32\msvcp_win.dll
0x00007ffae5830000 - 0x00007ffae592a000 	C:\windows\System32\ucrtbase.dll
0x00007ffacc080000 - 0x00007ffacc304000 	C:\windows\WinSxS\amd64_microsoft.windows.common-controls_6595b64144ccf1df_6.0.18362.1440_none_9e7dbfb9e45e8e67\COMCTL32.dll
0x00007ffae6ab0000 - 0x00007ffae6de6000 	C:\windows\System32\combase.dll
0x00007ffae68e0000 - 0x00007ffae6961000 	C:\windows\System32\bcryptPrimitives.dll
0x00007ffae8720000 - 0x00007ffae874e000 	C:\windows\System32\IMM32.DLL
0x00007ffab59e0000 - 0x00007ffab59f5000 	C:\Program Files\Java\jre1.8.0_281\bin\vcruntime140.dll
0x00007ffab5940000 - 0x00007ffab59db000 	C:\Program Files\Java\jre1.8.0_281\bin\msvcp140.dll
0x0000000055ab0000 - 0x000000005630f000 	C:\Program Files\Java\jre1.8.0_281\bin\server\jvm.dll
0x00007ffae78f0000 - 0x00007ffae78f8000 	C:\windows\System32\PSAPI.DLL
0x00007ffaccfc0000 - 0x00007ffaccfc9000 	C:\windows\SYSTEM32\WSOCK32.dll
0x00007ffae83a0000 - 0x00007ffae840f000 	C:\windows\System32\WS2_32.dll
0x00007ffae1ed0000 - 0x00007ffae1ef4000 	C:\windows\SYSTEM32\WINMM.dll
0x00007ffadcae0000 - 0x00007ffadcaea000 	C:\windows\SYSTEM32\VERSION.dll
0x00007ffae1ea0000 - 0x00007ffae1ecd000 	C:\windows\SYSTEM32\WINMMBASE.dll
0x00007ffae6060000 - 0x00007ffae60aa000 	C:\windows\System32\cfgmgr32.dll
0x00007ffae57a0000 - 0x00007ffae57b1000 	C:\windows\System32\kernel.appcore.dll
0x00007ffad1d50000 - 0x00007ffad1d60000 	C:\Program Files\Java\jre1.8.0_281\bin\verify.dll
0x00007ffab5910000 - 0x00007ffab593b000 	C:\Program Files\Java\jre1.8.0_281\bin\java.dll
0x00007ffab58f0000 - 0x00007ffab5908000 	C:\Program Files\Java\jre1.8.0_281\bin\zip.dll
0x00007ffae6fa0000 - 0x00007ffae7688000 	C:\windows\System32\SHELL32.dll
0x00007ffae7900000 - 0x00007ffae79a7000 	C:\windows\System32\shcore.dll
0x00007ffae60b0000 - 0x00007ffae682b000 	C:\windows\System32\windows.storage.dll
0x00007ffae5810000 - 0x00007ffae582e000 	C:\windows\System32\profapi.dll
0x00007ffae57c0000 - 0x00007ffae580a000 	C:\windows\System32\powrprof.dll
0x00007ffae5770000 - 0x00007ffae5780000 	C:\windows\System32\UMPDC.dll
0x00007ffae8750000 - 0x00007ffae87a2000 	C:\windows\System32\shlwapi.dll
0x00007ffae6040000 - 0x00007ffae6057000 	C:\windows\System32\cryptsp.dll
0x00007ffaa0960000 - 0x00007ffaa0af5000 	C:\Program Files\Java\jre1.8.0_281\bin\awt.dll
0x00007ffae6df0000 - 0x00007ffae6eb5000 	C:\windows\System32\OLEAUT32.dll
0x00007ffae3550000 - 0x00007ffae35df000 	C:\windows\SYSTEM32\apphelp.dll
0x00007ffae3da0000 - 0x00007ffae3dcd000 	C:\windows\system32\DWMAPI.DLL
0x00007ffae37a0000 - 0x00007ffae3839000 	C:\windows\system32\uxtheme.dll
0x00007ffab48e0000 - 0x00007ffab4a36000 	C:\windows\system32\opengl32.dll
0x00007ffabb480000 - 0x00007ffabb4ac000 	C:\windows\SYSTEM32\GLU32.dll
0x00007ffae43b0000 - 0x00007ffae43d0000 	C:\windows\SYSTEM32\dxcore.dll
0x00007ffae6970000 - 0x00007ffae6aa5000 	C:\windows\System32\MSCTF.dll
0x00007ffae7a30000 - 0x00007ffae7b87000 	C:\windows\System32\ole32.dll
0x00007ffac8810000 - 0x00007ffac89d7000 	C:\windows\system32\d3d9.dll
0x00007ffadc7c0000 - 0x00007ffadc99d000 	C:\windows\System32\DriverStore\FileRepository\u0342612.inf_amd64_f45480a6fb163a4b\B342328\aticfx64.dll
0x00007ffad3c80000 - 0x00007ffad3cb0000 	C:\windows\System32\DriverStore\FileRepository\u0342612.inf_amd64_f45480a6fb163a4b\B342328\atiu9p64.dll
0x00007ffab6f40000 - 0x00007ffab7c0b000 	C:\windows\System32\DriverStore\FileRepository\u0342612.inf_amd64_f45480a6fb163a4b\B342328\atiumd64.dll
0x00000000565d0000 - 0x0000000057353000 	C:\windows\System32\DriverStore\FileRepository\u0342612.inf_amd64_f45480a6fb163a4b\B342328\atiumd6a.dll
0x00007ffab58d0000 - 0x00007ffab58ec000 	C:\Program Files\Java\jre1.8.0_281\bin\net.dll
0x00007ffae4f50000 - 0x00007ffae4fb7000 	C:\windows\system32\mswsock.dll
0x00007ffab58b0000 - 0x00007ffab58c3000 	C:\Program Files\Java\jre1.8.0_281\bin\nio.dll
0x00007ffae4ad0000 - 0x00007ffae4b03000 	C:\windows\system32\rsaenh.dll
0x00007ffae5f70000 - 0x00007ffae5f96000 	C:\windows\System32\bcrypt.dll
0x00007ffae5650000 - 0x00007ffae5675000 	C:\windows\SYSTEM32\USERENV.dll
0x00007ffae5120000 - 0x00007ffae512c000 	C:\windows\SYSTEM32\CRYPTBASE.dll
0x00007ffae4c60000 - 0x00007ffae4c9a000 	C:\windows\SYSTEM32\IPHLPAPI.DLL
0x00007ffae7b90000 - 0x00007ffae7b98000 	C:\windows\System32\NSI.dll
0x00007ffae4060000 - 0x00007ffae4076000 	C:\windows\SYSTEM32\dhcpcsvc6.DLL
0x00007ffae4040000 - 0x00007ffae405c000 	C:\windows\SYSTEM32\dhcpcsvc.DLL
0x00007ffae4cb0000 - 0x00007ffae4d7b000 	C:\windows\SYSTEM32\DNSAPI.dll
0x0000000180000000 - 0x0000000180032000 	C:\Users\phainon\AppData\Local\Temp\jna9091346848928546091.tmp
0x00007ffa9ef50000 - 0x00007ffa9ef99000 	C:\Program Files\Java\jre1.8.0_281\bin\fontmanager.dll
0x00007ffae0350000 - 0x00007ffae03fe000 	C:\windows\SYSTEM32\mscms.dll
0x00007ffae0330000 - 0x00007ffae0347000 	C:\windows\SYSTEM32\ColorAdapterClient.dll
0x00007ffa9ef00000 - 0x00007ffa9ef43000 	C:\windows\SYSTEM32\icm32.dll
0x00007ffad3670000 - 0x00007ffad36b3000 	C:\Program Files\Java\jre1.8.0_281\bin\t2k.dll
0x00007ffadd280000 - 0x00007ffadd2aa000 	C:\Program Files\Java\jre1.8.0_281\bin\dcpr.dll
0x00007ffae4130000 - 0x00007ffae4324000 	C:\windows\SYSTEM32\dbghelp.dll

VM Arguments:
java_command: C:\Users\phainon\Documents\wwwwwww\Kim Dokja shimejiee\Shimeji-ee.jar
java_class_path (initial): C:\Users\phainon\Documents\wwwwwww\Kim Dokja shimejiee\Shimeji-ee.jar
Launcher Type: SUN_STANDARD

Environment Variables:
PATH=C:\Program Files (x86)\Common Files\Oracle\Java\javapath;C:\windows\system32;C:\windows;C:\windows\System32\Wbem;C:\windows\System32\WindowsPowerShell\v1.0\;C:\windows\System32\OpenSSH\;C:\Users\phainon\AppData\Local\Microsoft\WindowsApps;
USERNAME=phainon
OS=Windows_NT
PROCESSOR_IDENTIFIER=AMD64 Family 23 Model 24 Stepping 1, AuthenticAMD



---------------  S Y S T E M  ---------------

OS: Windows 10.0 , 64 bit Build 18362 (10.0.18362.1350)

CPU:total 4 (initial active 4) (4 cores per cpu, 1 threads per core) family 23 model 24 stepping 1, cmov, cx8, fxsr, mmx, sse, sse2, sse3, ssse3, sse4.1, sse4.2, popcnt, avx, avx2, aes, clmul, mmxext, 3dnowpref, lzcnt, sse4a, tsc, tscinvbit, tscinv, bmi1

Memory: 4k page, physical 3582420k(1013128k free), swap 10398164k(5415704k free)

vm_info: Java HotSpot(TM) 64-Bit Server VM (25.281-b09) for windows-amd64 JRE (1.8.0_281-b09), built on Dec  9 2020 13:54:07 by "" with MS VC++ 15.9 (VS2017)

time: Thu Mar 25 12:02:47 2021
timezone: Malay Peninsula Standard Time
elapsed time: 6217.725518 seconds (0d 1h 43m 37s)

